Archive member included to satisfy reference by file (symbol)

C:/Program Files/SEGGER/SEGGER Embedded Studio for ARM 6.30/lib/libc_v7em_fpv4_sp_d16_hard_t_le_eabi_balanced.a(strasmops_arm.o)
                              Output/Debug/Obj/01bsp_radio/i2c.o (memcpy)
C:/Program Files/SEGGER/SEGGER Embedded Studio for ARM 6.30/lib/libc_v7em_fpv4_sp_d16_hard_t_le_eabi_balanced.a(__SEGGER_RTL_vfprintf_long.o)
                              (__SEGGER_RTL_vfprintf_long)
C:/Program Files/SEGGER/SEGGER Embedded Studio for ARM 6.30/lib/libc_v7em_fpv4_sp_d16_hard_t_le_eabi_balanced.a(__SEGGER_RTL_vfscanf_long.o)
                              (__SEGGER_RTL_vfscanf_long)
C:/Program Files/SEGGER/SEGGER Embedded Studio for ARM 6.30/lib/libc_v7em_fpv4_sp_d16_hard_t_le_eabi_balanced.a(intasmops_arm.o)
                              C:/Program Files/SEGGER/SEGGER Embedded Studio for ARM 6.30/lib/libc_v7em_fpv4_sp_d16_hard_t_le_eabi_balanced.a(__SEGGER_RTL_vfprintf_long.o) (__aeabi_uldivmod)
C:/Program Files/SEGGER/SEGGER Embedded Studio for ARM 6.30/lib/libc_v7em_fpv4_sp_d16_hard_t_le_eabi_balanced.a(mbops.o)
                              C:/Program Files/SEGGER/SEGGER Embedded Studio for ARM 6.30/lib/libc_v7em_fpv4_sp_d16_hard_t_le_eabi_balanced.a(__SEGGER_RTL_vfscanf_long.o) (isdigit)
C:/Program Files/SEGGER/SEGGER Embedded Studio for ARM 6.30/lib/libc_v7em_fpv4_sp_d16_hard_t_le_eabi_balanced.a(sortops.o)
                              C:/Program Files/SEGGER/SEGGER Embedded Studio for ARM 6.30/lib/libc_v7em_fpv4_sp_d16_hard_t_le_eabi_balanced.a(mbops.o) (bsearch)
C:/Program Files/SEGGER/SEGGER Embedded Studio for ARM 6.30/lib/libc_v7em_fpv4_sp_d16_hard_t_le_eabi_balanced.a(strops.o)
                              C:/Program Files/SEGGER/SEGGER Embedded Studio for ARM 6.30/lib/libc_v7em_fpv4_sp_d16_hard_t_le_eabi_balanced.a(mbops.o) (strcat)
C:/Program Files/SEGGER/SEGGER Embedded Studio for ARM 6.30/lib/libc_v7em_fpv4_sp_d16_hard_t_le_eabi_balanced.a(timeops.o)
                              C:/Program Files/SEGGER/SEGGER Embedded Studio for ARM 6.30/lib/libc_v7em_fpv4_sp_d16_hard_t_le_eabi_balanced.a(mbops.o) (__SEGGER_RTL_string_list_encode)
C:/Program Files/SEGGER/SEGGER Embedded Studio for ARM 6.30/lib/libc_v7em_fpv4_sp_d16_hard_t_le_eabi_balanced.a(utilops.o)
                              C:/Program Files/SEGGER/SEGGER Embedded Studio for ARM 6.30/lib/libc_v7em_fpv4_sp_d16_hard_t_le_eabi_balanced.a(__SEGGER_RTL_vfscanf_long.o) (__SEGGER_RTL_digit)
C:/Program Files/SEGGER/SEGGER Embedded Studio for ARM 6.30/lib/libc_v7em_fpv4_sp_d16_hard_t_le_eabi_balanced.a(prinops.o)
                              C:/Program Files/SEGGER/SEGGER Embedded Studio for ARM 6.30/lib/libc_v7em_fpv4_sp_d16_hard_t_le_eabi_balanced.a(__SEGGER_RTL_vfprintf_long.o) (__SEGGER_RTL_putc)
C:/Program Files/SEGGER/SEGGER Embedded Studio for ARM 6.30/lib/libc_v7em_fpv4_sp_d16_hard_t_le_eabi_balanced.a(errno.o)
                              C:/Program Files/SEGGER/SEGGER Embedded Studio for ARM 6.30/lib/libc_v7em_fpv4_sp_d16_hard_t_le_eabi_balanced.a(mbops.o) (__aeabi_errno_addr)
C:/Program Files/SEGGER/SEGGER Embedded Studio for ARM 6.30/lib/libc_v7em_fpv4_sp_d16_hard_t_le_eabi_balanced.a(fileops.o)
                              C:/Program Files/SEGGER/SEGGER Embedded Studio for ARM 6.30/lib/libc_v7em_fpv4_sp_d16_hard_t_le_eabi_balanced.a(prinops.o) (fwrite)
C:/Program Files/SEGGER/SEGGER Embedded Studio for ARM 6.30/lib/libc_v7em_fpv4_sp_d16_hard_t_le_eabi_balanced.a(floatasmops_arm.o)
                              C:/Program Files/SEGGER/SEGGER Embedded Studio for ARM 6.30/lib/libc_v7em_fpv4_sp_d16_hard_t_le_eabi_balanced.a(utilops.o) (__aeabi_dmul)
C:/Program Files/SEGGER/SEGGER Embedded Studio for ARM 6.30/lib/libc_v7em_fpv4_sp_d16_hard_t_le_eabi_balanced.a(heapops.o)
                              C:/Program Files/SEGGER/SEGGER Embedded Studio for ARM 6.30/lib/libc_v7em_fpv4_sp_d16_hard_t_le_eabi_balanced.a(mbops.o) (malloc)
C:/Program Files/SEGGER/SEGGER Embedded Studio for ARM 6.30/lib/libc_v7em_fpv4_sp_d16_hard_t_le_eabi_balanced.a(intops.o)
                              C:/Program Files/SEGGER/SEGGER Embedded Studio for ARM 6.30/lib/libc_v7em_fpv4_sp_d16_hard_t_le_eabi_balanced.a(timeops.o) (div)
C:/Program Files/SEGGER/SEGGER Embedded Studio for ARM 6.30/lib/heapops_basic_v7em_little.a(heapops_basic.o)
                              C:/Program Files/SEGGER/SEGGER Embedded Studio for ARM 6.30/lib/libc_v7em_fpv4_sp_d16_hard_t_le_eabi_balanced.a(heapops.o) (__SEGGER_RTL_alloc)

Discarded input sections

 .group         0x0000000000000000        0xc Output/Debug/Obj/01bsp_radio/01bsp_radio.o
 .text          0x0000000000000000        0x0 Output/Debug/Obj/01bsp_radio/01bsp_radio.o
 .data          0x0000000000000000        0x0 Output/Debug/Obj/01bsp_radio/01bsp_radio.o
 .bss           0x0000000000000000        0x0 Output/Debug/Obj/01bsp_radio/01bsp_radio.o
 .debug_info    0x0000000000000000       0x21 Output/Debug/Obj/01bsp_radio/01bsp_radio.o
[...]
Memory Configuration

Name             Origin             Length             Attributes
UNPLACED_SECTIONS 0x0000000100000000 0x0000000000000000 xw
RAM1             0x0000000020000000 0x0000000000040000 xw
FLASH1           0x0000000000000000 0x0000000000100000 xw
*default*        0x0000000000000000 0xffffffffffffffff

Linker script and memory map

                0x0000000000000000                __SEGGER_RTL_vfprintf = __SEGGER_RTL_vfprintf_long
                0x0000000000000000                __SEGGER_RTL_vfscanf = __SEGGER_RTL_vfscanf_long
                0x0000000020000000                __RAM1_segment_start__ = 0x20000000
                0x0000000020040000                __RAM1_segment_end__ = 0x20040000
                0x0000000000040000                __RAM1_segment_size__ = 0x40000
                0x0000000000000000                __FLASH1_segment_start__ = 0x0
                0x0000000000100000                __FLASH1_segment_end__ = 0x100000
                0x0000000000100000                __FLASH1_segment_size__ = 0x100000
                0x0000000000002000                __HEAPSIZE__ = 0x2000
                0x0000000000000000                __STACKSIZE_PROCESS__ = 0x0
                0x0000000000002000                __STACKSIZE__ = 0x2000
                0x0000000020000000                __vectors_ram_load_start__ = 0x20000000

.vectors_ram    0x0000000020000000        0x0
                0x0000000020000000                __vectors_ram_start__ = .
                0x0000000020000000                __app_ram_start__ = __vectors_ram_start__
 *(.vectors_ram .vectors_ram.*)
                0x0000000020000000                __vectors_ram_end__ = (__vectors_ram_start__ + SIZEOF (.vectors_ram))
                0x0000000000000000                __vectors_ram_size__ = SIZEOF (.vectors_ram)
                0x0000000020000000                __vectors_ram_load_end__ = __vectors_ram_end__
                0x0000000000000001                . = ASSERT (((__vectors_ram_start__ == __vectors_ram_end__) || ((__vectors_ram_end__ - __RAM1_segment_start__) <= __RAM1_segment_size__)), error: .vectors_ram is too large to fit in RAM1 memory segment)
                0x0000000020000000                __nrf_sections_run_load_start__ = ALIGN (__vectors_ram_end__, 0x4)

.nrf_sections_run
                0x0000000020000000        0x0
                0x0000000020000000                __nrf_sections_run_start__ = .
                0x0000000020000000                __start_nrf_sections_run = __nrf_sections_run_start__
 *(.nrf_sections_run .nrf_sections_run.*)
                0x0000000020000000                __nrf_sections_run_end__ = (__nrf_sections_run_start__ + SIZEOF (.nrf_sections_run))
                0x0000000000000000                __nrf_sections_run_size__ = SIZEOF (.nrf_sections_run)
                0x0000000020000000                __nrf_sections_run_load_end__ = __nrf_sections_run_end__
                0x0000000000000001                . = ASSERT (((__nrf_sections_run_start__ == __nrf_sections_run_end__) || ((__nrf_sections_run_end__ - __RAM1_segment_start__) <= __RAM1_segment_size__)), error: .nrf_sections_run is too large to fit in RAM1 memory segment)
                0x0000000000000000                __vectors_load_start__ = 0x0

.vectors        0x0000000000000000      0x200
                0x0000000000000000                __vectors_start__ = .
 *(.vectors .vectors.*)
 .vectors       0x0000000000000000      0x200 Output/Debug/Obj/01bsp_radio/ses_startup_nrf52840.o
                0x0000000000000000                _vectors
                0x0000000000000200                __vectors_end__ = (__vectors_start__ + SIZEOF (.vectors))
                0x0000000000000200                __vectors_size__ = SIZEOF (.vectors)
                0x0000000000000200                __vectors_load_end__ = __vectors_end__
                0x0000000000000001                . = ASSERT (((__vectors_start__ == __vectors_end__) || ((__vectors_end__ - __FLASH1_segment_start__) <= __FLASH1_segment_size__)), error: .vectors is too large to fit in FLASH1 memory segment)
                0x0000000000000200                __init_load_start__ = ALIGN (__vectors_end__, 0x4)

.init           0x0000000000000200      0x1ac
                0x0000000000000200                __init_start__ = .
 *(.init .init.*)
 .init          0x0000000000000200       0x18 Output/Debug/Obj/01bsp_radio/ses_startup_nrf52840.o
                0x0000000000000200                NMI_Handler
                0x0000000000000202                HardFault_Handler
                0x0000000000000204                MemoryManagement_Handler
                0x0000000000000206                BusFault_Handler
                0x0000000000000208                UsageFault_Handler
                0x000000000000020a                SVC_Handler
                0x000000000000020c                DebugMon_Handler
                0x000000000000020e                PendSV_Handler
                0x0000000000000210                SysTick_Handler
                0x0000000000000212                QSPI_IRQHandler
                0x0000000000000212                POWER_CLOCK_IRQHandler
                0x0000000000000212                PDM_IRQHandler
                0x0000000000000212                TEMP_IRQHandler
                0x0000000000000212                QDEC_IRQHandler
                0x0000000000000212                GPIOTE_IRQHandler
                0x0000000000000212                PWM3_IRQHandler
                0x0000000000000212                FPU_IRQHandler
                0x0000000000000212                USBD_IRQHandler
                0x0000000000000212                SPIM0_SPIS0_TWIM0_TWIS0_SPI0_TWI0_IRQHandler
                0x0000000000000212                PWM1_IRQHandler
                0x0000000000000212                TIMER4_IRQHandler
                0x0000000000000212                CRYPTOCELL_IRQHandler
                0x0000000000000212                I2S_IRQHandler
                0x0000000000000212                TIMER3_IRQHandler
                0x0000000000000212                TIMER0_IRQHandler
                0x0000000000000212                UARTE1_IRQHandler
                0x0000000000000212                Dummy_Handler
                0x0000000000000212                TIMER1_IRQHandler
                0x0000000000000212                SPIM3_IRQHandler
                0x0000000000000212                PWM2_IRQHandler
                0x0000000000000212                ECB_IRQHandler
                0x0000000000000212                SPIM1_SPIS1_TWIM1_TWIS1_SPI1_TWI1_IRQHandler
                0x0000000000000212                SAADC_IRQHandler
                0x0000000000000212                CCM_AAR_IRQHandler
                0x0000000000000212                WDT_IRQHandler
                0x0000000000000212                SWI2_EGU2_IRQHandler
                0x0000000000000212                SWI5_EGU5_IRQHandler
                0x0000000000000212                RNG_IRQHandler
                0x0000000000000212                RTC2_IRQHandler
                0x0000000000000212                PWM0_IRQHandler
                0x0000000000000212                SWI3_EGU3_IRQHandler
                0x0000000000000212                RTC1_IRQHandler
                0x0000000000000212                SWI1_EGU1_IRQHandler
                0x0000000000000212                SPIM2_SPIS2_SPI2_IRQHandler
                0x0000000000000212                NFCT_IRQHandler
                0x0000000000000212                SWI4_EGU4_IRQHandler
                0x0000000000000212                MWU_IRQHandler
                0x0000000000000212                TIMER2_IRQHandler
                0x0000000000000212                COMP_LPCOMP_IRQHandler
                0x0000000000000214                nRFInitialize
 .init          0x0000000000000218       0x44 Output/Debug/Obj/01bsp_radio/ses_startup_nrf_common.o
                0x0000000000000218                Reset_Handler
                0x000000000000021c                afterInitialize
 .init          0x000000000000025c      0x150 Output/Debug/Obj/01bsp_radio/thumb_crt0.o
                0x000000000000025c                _start
                0x0000000000000306                exit
                0x00000000000003ac                __init_end__ = (__init_start__ + SIZEOF (.init))
                0x00000000000001ac                __init_size__ = SIZEOF (.init)
                0x00000000000003ac                __init_load_end__ = __init_end__
                0x0000000000000001                . = ASSERT (((__init_start__ == __init_end__) || ((__init_end__ - __FLASH1_segment_start__) <= __FLASH1_segment_size__)), error: .init is too large to fit in FLASH1 memory segment)
                0x00000000000003ac                __init_rodata_load_start__ = ALIGN (__init_end__, 0x4)

.init_rodata    0x00000000000003ac        0x0
                0x00000000000003ac                __init_rodata_start__ = .
 *(.init_rodata .init_rodata.*)
                0x00000000000003ac                __init_rodata_end__ = (__init_rodata_start__ + SIZEOF (.init_rodata))
                0x0000000000000000                __init_rodata_size__ = SIZEOF (.init_rodata)
                0x00000000000003ac                __init_rodata_load_end__ = __init_rodata_end__
                0x0000000000000001                . = ASSERT (((__init_rodata_start__ == __init_rodata_end__) || ((__init_rodata_end__ - __FLASH1_segment_start__) <= __FLASH1_segment_size__)), error: .init_rodata is too large to fit in FLASH1 memory segment)
                0x00000000000003ac                __text_load_start__ = ALIGN (__init_rodata_end__, 0x4)

.text           0x00000000000003ac     0x1798
                0x00000000000003ac                __text_start__ = .
 *(.text .text.* .gnu.linkonce.t.* .glue_7t .glue_7 .gcc_except_table .ARM.extab* .gnu.linkonce.armextab.*)
 .glue_7        0x00000000000003ac        0x0 linker stubs
 .glue_7t       0x00000000000003ac        0x0 linker stubs
 .text.mote_main
                0x00000000000003ac      0x530 Output/Debug/Obj/01bsp_radio/02.o
                0x00000000000003ac                mote_main
 .text.cb_startFrame
                0x00000000000008dc       0x40 Output/Debug/Obj/01bsp_radio/02.o
                0x00000000000008dc                cb_startFrame
 .text.cb_endFrame
                0x000000000000091c       0x40 Output/Debug/Obj/01bsp_radio/02.o
                0x000000000000091c                cb_endFrame
 .text.cb_timer
                0x000000000000095c       0x38 Output/Debug/Obj/01bsp_radio/02.o
                0x000000000000095c                cb_timer
 .text.cb_uart_tx_done
                0x0000000000000994       0x40 Output/Debug/Obj/01bsp_radio/02.o
                0x0000000000000994                cb_uart_tx_done
 .text.cb_uart_rx
                0x00000000000009d4       0x26 Output/Debug/Obj/01bsp_radio/02.o
                0x00000000000009d4                cb_uart_rx
 .text.main     0x00000000000009fa        0xc Output/Debug/Obj/01bsp_radio/board.o
                0x00000000000009fa                main
 .text.board_init
                0x0000000000000a06       0x42 Output/Debug/Obj/01bsp_radio/board.o
                0x0000000000000a06                board_init
 .text.board_sleep
                0x0000000000000a48        0x8 Output/Debug/Obj/01bsp_radio/board.o
                0x0000000000000a48                board_sleep
 .text.enable_dcdc
                0x0000000000000a50       0x30 Output/Debug/Obj/01bsp_radio/board.o
                0x0000000000000a50                enable_dcdc
 .text.debugpins_init
                0x0000000000000a80       0x4c Output/Debug/Obj/01bsp_radio/debugpins.o
                0x0000000000000a80                debugpins_init
 .text.debugpins_isr_set
                0x0000000000000acc       0x10 Output/Debug/Obj/01bsp_radio/debugpins.o
                0x0000000000000acc                debugpins_isr_set
 .text.debugpins_isr_clr
                0x0000000000000adc       0x10 Output/Debug/Obj/01bsp_radio/debugpins.o
                0x0000000000000adc                debugpins_isr_clr
 .text.debugpins_radio_set
                0x0000000000000aec       0x10 Output/Debug/Obj/01bsp_radio/debugpins.o
                0x0000000000000aec                debugpins_radio_set
 .text.debugpins_radio_clr
                0x0000000000000afc       0x10 Output/Debug/Obj/01bsp_radio/debugpins.o
                0x0000000000000afc                debugpins_radio_clr
 .text.i2c_init
                0x0000000000000b0c       0x4c Output/Debug/Obj/01bsp_radio/i2c.o
                0x0000000000000b0c                i2c_init
 .text.nrf_gpio_cfg_input
                0x0000000000000b58       0x3c Output/Debug/Obj/01bsp_radio/i2c.o
                0x0000000000000b58                nrf_gpio_cfg_input
 .text.leds_init
                0x0000000000000b94       0x3a Output/Debug/Obj/01bsp_radio/leds.o
                0x0000000000000b94                leds_init
 .text.leds_error_off
                0x0000000000000bce       0x10 Output/Debug/Obj/01bsp_radio/leds.o
                0x0000000000000bce                leds_error_off
 .text.leds_error_on
                0x0000000000000bde       0x10 Output/Debug/Obj/01bsp_radio/leds.o
                0x0000000000000bde                leds_error_on
 .text.leds_error_toggle
                0x0000000000000bee       0x2e Output/Debug/Obj/01bsp_radio/leds.o
                0x0000000000000bee                leds_error_toggle
 .text.leds_sync_off
                0x0000000000000c1c       0x10 Output/Debug/Obj/01bsp_radio/leds.o
                0x0000000000000c1c                leds_sync_off
 .text.leds_sync_on
                0x0000000000000c2c       0x10 Output/Debug/Obj/01bsp_radio/leds.o
                0x0000000000000c2c                leds_sync_on
 .text.leds_radio_off
                0x0000000000000c3c       0x10 Output/Debug/Obj/01bsp_radio/leds.o
                0x0000000000000c3c                leds_radio_off
 .text.leds_radio_on
                0x0000000000000c4c       0x10 Output/Debug/Obj/01bsp_radio/leds.o
                0x0000000000000c4c                leds_radio_on
 .text.leds_debug_off
                0x0000000000000c5c       0x10 Output/Debug/Obj/01bsp_radio/leds.o
                0x0000000000000c5c                leds_debug_off
 .text.leds_all_off
                0x0000000000000c6c       0x16 Output/Debug/Obj/01bsp_radio/leds.o
                0x0000000000000c6c                leds_all_off
 *fill*         0x0000000000000c82        0x2 
 .text.__NVIC_EnableIRQ
                0x0000000000000c84       0x34 Output/Debug/Obj/01bsp_radio/radio.o
 .text.__NVIC_DisableIRQ
                0x0000000000000cb8       0x44 Output/Debug/Obj/01bsp_radio/radio.o
 .text.__NVIC_ClearPendingIRQ
                0x0000000000000cfc       0x38 Output/Debug/Obj/01bsp_radio/radio.o
 .text.__NVIC_SetPriority
                0x0000000000000d34       0x50 Output/Debug/Obj/01bsp_radio/radio.o
 .text.radio_init
                0x0000000000000d84      0x120 Output/Debug/Obj/01bsp_radio/radio.o
                0x0000000000000d84                radio_init
 .text.radio_setStartFrameCb
                0x0000000000000ea4       0x14 Output/Debug/Obj/01bsp_radio/radio.o
                0x0000000000000ea4                radio_setStartFrameCb
 .text.radio_setEndFrameCb
                0x0000000000000eb8       0x14 Output/Debug/Obj/01bsp_radio/radio.o
                0x0000000000000eb8                radio_setEndFrameCb
 .text.radio_setFrequency
                0x0000000000000ecc       0x38 Output/Debug/Obj/01bsp_radio/radio.o
                0x0000000000000ecc                radio_setFrequency
 .text.radio_getFrequencyOffset
                0x0000000000000f04        0x6 Output/Debug/Obj/01bsp_radio/radio.o
                0x0000000000000f04                radio_getFrequencyOffset
 *fill*         0x0000000000000f0a        0x2 
 .text.radio_rfOn
                0x0000000000000f0c       0x1c Output/Debug/Obj/01bsp_radio/radio.o
                0x0000000000000f0c                radio_rfOn
 .text.radio_rfOff
                0x0000000000000f28       0x3c Output/Debug/Obj/01bsp_radio/radio.o
                0x0000000000000f28                radio_rfOff
 .text.radio_loadPacket
                0x0000000000000f64       0x60 Output/Debug/Obj/01bsp_radio/radio.o
                0x0000000000000f64                radio_loadPacket
 .text.radio_txEnable
                0x0000000000000fc4       0x3c Output/Debug/Obj/01bsp_radio/radio.o
                0x0000000000000fc4                radio_txEnable
 .text.radio_txNow
                0x0000000000001000       0x18 Output/Debug/Obj/01bsp_radio/radio.o
                0x0000000000001000                radio_txNow
 .text.radio_rxEnable
                0x0000000000001018       0x3c Output/Debug/Obj/01bsp_radio/radio.o
                0x0000000000001018                radio_rxEnable
 .text.radio_rxNow
                0x0000000000001054       0x24 Output/Debug/Obj/01bsp_radio/radio.o
                0x0000000000001054                radio_rxNow
 .text.radio_getReceivedFrame
                0x0000000000001078       0xa8 Output/Debug/Obj/01bsp_radio/radio.o
                0x0000000000001078                radio_getReceivedFrame
 .text.radio_isr
                0x0000000000001120       0x74 Output/Debug/Obj/01bsp_radio/radio.o
                0x0000000000001120                radio_isr
 .text.RADIO_IRQHandler
                0x0000000000001194       0x12 Output/Debug/Obj/01bsp_radio/radio.o
                0x0000000000001194                RADIO_IRQHandler
 *fill*         0x00000000000011a6        0x2 
 .text.sctimer_init
                0x00000000000011a8       0xb0 Output/Debug/Obj/01bsp_radio/sctimer.o
                0x00000000000011a8                sctimer_init
 .text.sctimer_set_callback
                0x0000000000001258       0x14 Output/Debug/Obj/01bsp_radio/sctimer.o
                0x0000000000001258                sctimer_set_callback
 .text.sctimer_setCompare
                0x000000000000126c       0x68 Output/Debug/Obj/01bsp_radio/sctimer.o
                0x000000000000126c                sctimer_setCompare
 .text.sctimer_readCounter
                0x00000000000012d4       0x10 Output/Debug/Obj/01bsp_radio/sctimer.o
                0x00000000000012d4                sctimer_readCounter
 .text.sctimer_enable
                0x00000000000012e4       0x14 Output/Debug/Obj/01bsp_radio/sctimer.o
                0x00000000000012e4                sctimer_enable
 .text.RTC0_IRQHandler
                0x00000000000012f8       0x38 Output/Debug/Obj/01bsp_radio/sctimer.o
                0x00000000000012f8                RTC0_IRQHandler
 .text.SWI0_EGU0_IRQHandler
                0x0000000000001330       0x38 Output/Debug/Obj/01bsp_radio/sctimer.o
                0x0000000000001330                SWI0_EGU0_IRQHandler
 .text.nrf52_errata_36
                0x0000000000001368       0x64 Output/Debug/Obj/01bsp_radio/system_nrf52840.o
 .text.nrf52_errata_66
                0x00000000000013cc       0x64 Output/Debug/Obj/01bsp_radio/system_nrf52840.o
 .text.nrf52_errata_98
                0x0000000000001430       0x64 Output/Debug/Obj/01bsp_radio/system_nrf52840.o
 .text.nrf52_errata_103
                0x0000000000001494       0x64 Output/Debug/Obj/01bsp_radio/system_nrf52840.o
 .text.nrf52_errata_115
                0x00000000000014f8       0x64 Output/Debug/Obj/01bsp_radio/system_nrf52840.o
 .text.nrf52_errata_120
                0x000000000000155c       0x64 Output/Debug/Obj/01bsp_radio/system_nrf52840.o
 .text.nrf52_errata_136
                0x00000000000015c0       0x64 Output/Debug/Obj/01bsp_radio/system_nrf52840.o
 .text.nrf52_errata_249
                0x0000000000001624       0x64 Output/Debug/Obj/01bsp_radio/system_nrf52840.o
 .text.nrf52_handle_approtect
                0x0000000000001688       0x20 Output/Debug/Obj/01bsp_radio/system_nrf52840.o
 .text.SystemCoreClockUpdate
                0x00000000000016a8       0x14 Output/Debug/Obj/01bsp_radio/system_nrf52840.o
                0x00000000000016a8                SystemCoreClockUpdate
 .text.SystemInit
                0x00000000000016bc      0x1e4 Output/Debug/Obj/01bsp_radio/system_nrf52840.o
                0x00000000000016bc                SystemInit
 .text.uart_init
                0x00000000000018a0       0x90 Output/Debug/Obj/01bsp_radio/uart.o
                0x00000000000018a0                uart_init
 .text.uart_setCallbacks
                0x0000000000001930       0x1c Output/Debug/Obj/01bsp_radio/uart.o
                0x0000000000001930                uart_setCallbacks
 .text.uart_enableInterrupts
                0x000000000000194c       0x10 Output/Debug/Obj/01bsp_radio/uart.o
                0x000000000000194c                uart_enableInterrupts
 .text.uart_writeByte
                0x000000000000195c       0x54 Output/Debug/Obj/01bsp_radio/uart.o
                0x000000000000195c                uart_writeByte
 .text.uart_readByte
                0x00000000000019b0       0x10 Output/Debug/Obj/01bsp_radio/uart.o
                0x00000000000019b0                uart_readByte
 .text.UARTE0_UART0_IRQHandler
                0x00000000000019c0       0x40 Output/Debug/Obj/01bsp_radio/uart.o
                0x00000000000019c0                UARTE0_UART0_IRQHandler
 .text.uart_tx_isr
                0x0000000000001a00       0x44 Output/Debug/Obj/01bsp_radio/uart.o
                0x0000000000001a00                uart_tx_isr
 .text.uart_rx_isr
                0x0000000000001a44       0x20 Output/Debug/Obj/01bsp_radio/uart.o
                0x0000000000001a44                uart_rx_isr
 .text.libc.memcpy
                0x0000000000001a64       0x64 C:/Program Files/SEGGER/SEGGER Embedded Studio for ARM 6.30/lib/libc_v7em_fpv4_sp_d16_hard_t_le_eabi_balanced.a(strasmops_arm.o)
                0x0000000000001a64                __aeabi_memcpy
                0x0000000000001a64                memcpy
                0x0000000000001a86                __aeabi_memcpy8
                0x0000000000001a86                __aeabi_memcpy4
 .text.libc.__aeabi_memclr
                0x0000000000001ac8       0x68 C:/Program Files/SEGGER/SEGGER Embedded Studio for ARM 6.30/lib/libc_v7em_fpv4_sp_d16_hard_t_le_eabi_balanced.a(strasmops_arm.o)
                0x0000000000001ac8                __aeabi_memclr8
                0x0000000000001ac8                __aeabi_memclr
                0x0000000000001ac8                __aeabi_memclr4
                0x0000000000001aca                __aeabi_memset4
                0x0000000000001aca                __aeabi_memset8
                0x0000000000001aca                __aeabi_memset
                0x0000000000001ad0                memset
 .text.__SEGGER_RTL_init_heap
                0x0000000000001b30       0x14 C:/Program Files/SEGGER/SEGGER Embedded Studio for ARM 6.30/lib/heapops_basic_v7em_little.a(heapops_basic.o)
                0x0000000000001b30                __SEGGER_RTL_init_heap
                0x0000000000001b44                . = ALIGN (MAX ((__text_start__ + 0x4), .), 0x4)
                0x0000000000001b44                __text_end__ = (__text_start__ + SIZEOF (.text))
                0x0000000000001798                __text_size__ = SIZEOF (.text)
                0x0000000000001b44                __text_load_end__ = __text_end__

.vfp11_veneer   0x0000000100000000        0x0
 .vfp11_veneer  0x0000000100000000        0x0 linker stubs

.v4_bx          0x0000000100000000        0x0
 .v4_bx         0x0000000100000000        0x0 linker stubs

.iplt           0x0000000100000000        0x0
 .iplt          0x0000000100000000        0x0 Output/Debug/Obj/01bsp_radio/02.o

.rel.dyn        0x0000000000001b44        0x0
 .rel.iplt      0x0000000000001b44        0x0 Output/Debug/Obj/01bsp_radio/02.o
                0x0000000000000001                . = ASSERT (((__text_start__ == __text_end__) || ((__text_end__ - __FLASH1_segment_start__) <= __FLASH1_segment_size__)), error: .text is too large to fit in FLASH1 memory segment)
                0x0000000000001b44                __log_const_data_load_start__ = ALIGN (__text_end__, 0x4)

.log_const_data
                0x0000000000001b44        0x0
                0x0000000000001b44                __log_const_data_start__ = .
                0x0000000000001b44                __start_log_const_data = __log_const_data_start__
 *(SORT_BY_NAME(.log_const_data*))
                0x0000000000001b44                __log_const_data_end__ = (__log_const_data_start__ + SIZEOF (.log_const_data))
                0x0000000000000000                __log_const_data_size__ = SIZEOF (.log_const_data)
                0x0000000000001b44                __stop_log_const_data = __log_const_data_end__
                0x0000000000001b44                __log_const_data_load_end__ = __log_const_data_end__
                0x0000000000000001                . = ASSERT (((__log_const_data_start__ == __log_const_data_end__) || ((__log_const_data_end__ - __FLASH1_segment_start__) <= __FLASH1_segment_size__)), error: .log_const_data is too large to fit in FLASH1 memory segment)
                0x0000000000001b44                __log_backends_load_start__ = ALIGN (__log_const_data_end__, 0x4)

.log_backends   0x0000000000001b44        0x0
                0x0000000000001b44                __log_backends_start__ = .
                0x0000000000001b44                __start_log_backends = __log_backends_start__
 *(SORT_BY_NAME(.log_backends*))
                0x0000000000001b44                __log_backends_end__ = (__log_backends_start__ + SIZEOF (.log_backends))
                0x0000000000000000                __log_backends_size__ = SIZEOF (.log_backends)
                0x0000000000001b44                __stop_log_backends = __log_backends_end__
                0x0000000000001b44                __log_backends_load_end__ = __log_backends_end__
                0x0000000000000001                . = ASSERT (((__log_backends_start__ == __log_backends_end__) || ((__log_backends_end__ - __FLASH1_segment_start__) <= __FLASH1_segment_size__)), error: .log_backends is too large to fit in FLASH1 memory segment)
                0x0000000000001b44                __nrf_balloc_load_start__ = ALIGN (__log_backends_end__, 0x4)

.nrf_balloc     0x0000000000001b44        0x0
                0x0000000000001b44                __nrf_balloc_start__ = .
                0x0000000000001b44                __start_nrf_balloc = __nrf_balloc_start__
 *(.nrf_balloc*)
                0x0000000000001b44                __nrf_balloc_end__ = (__nrf_balloc_start__ + SIZEOF (.nrf_balloc))
                0x0000000000000000                __nrf_balloc_size__ = SIZEOF (.nrf_balloc)
                0x0000000000001b44                __stop_nrf_balloc = __nrf_balloc_end__
                0x0000000000001b44                __nrf_balloc_load_end__ = __nrf_balloc_end__
                0x0000000000000001                . = ASSERT (((__nrf_balloc_start__ == __nrf_balloc_end__) || ((__nrf_balloc_end__ - __FLASH1_segment_start__) <= __FLASH1_segment_size__)), error: .nrf_balloc is too large to fit in FLASH1 memory segment)
                0x0000000000001b44                __nrf_sections_load_start__ = ALIGN (__nrf_balloc_end__, 0x4)

.nrf_sections   0x0000000000001b44        0x0
                0x0000000000001b44                __nrf_sections_start__ = .
                0x0000000000001b44                __start_nrf_sections = __nrf_sections_start__
 *(.nrf_sections .nrf_sections.*)
                0x0000000000001b44                __nrf_sections_end__ = (__nrf_sections_start__ + SIZEOF (.nrf_sections))
                0x0000000000000000                __nrf_sections_size__ = SIZEOF (.nrf_sections)
                0x0000000000001b44                __nrf_sections_load_end__ = __nrf_sections_end__
                0x0000000000000001                . = ASSERT (((__nrf_sections_start__ == __nrf_sections_end__) || ((__nrf_sections_end__ - __FLASH1_segment_start__) <= __FLASH1_segment_size__)), error: .nrf_sections is too large to fit in FLASH1 memory segment)
                0x0000000000001b44                __log_dynamic_data_load_start__ = ALIGN (__nrf_sections_end__, 0x4)

.log_dynamic_data
                0x0000000020000000        0x0 load address 0x0000000000001b44
                0x0000000020000000                __log_dynamic_data_start__ = .
 *(SORT_BY_NAME(.log_dynamic_data*))
                0x0000000020000000                __log_dynamic_data_end__ = (__log_dynamic_data_start__ + SIZEOF (.log_dynamic_data))
                0x0000000000000000                __log_dynamic_data_size__ = SIZEOF (.log_dynamic_data)
                0x0000000000001b44                __log_dynamic_data_load_end__ = (__log_dynamic_data_load_start__ + SIZEOF (.log_dynamic_data))
                0x0000000000000001                . = ASSERT (((__log_dynamic_data_load_start__ == __log_dynamic_data_load_end__) || ((__log_dynamic_data_load_end__ - __FLASH1_segment_start__) <= __FLASH1_segment_size__)), error: .log_dynamic_data is too large to fit in FLASH1 memory segment)

.log_dynamic_data_run
                0x0000000020000000        0x0
                0x0000000020000000                __log_dynamic_data_run_start__ = .
                0x0000000020000000                __start_log_dynamic_data = __log_dynamic_data_run_start__
                0x0000000020000000                __log_dynamic_data_run_end__ = (__log_dynamic_data_run_start__ + SIZEOF (.log_dynamic_data))
                0x0000000000000000                __log_dynamic_data_run_size__ = (__log_dynamic_data_run_end__ - __log_dynamic_data_run_start__)
                0x0000000020000000                __stop_log_dynamic_data = __log_dynamic_data_run_end__
                0x0000000020000000                __log_dynamic_data_run_load_end__ = __log_dynamic_data_run_end__
                0x0000000000000001                . = ASSERT (((__log_dynamic_data_run_start__ == __log_dynamic_data_run_end__) || ((__log_dynamic_data_run_end__ - __RAM1_segment_start__) <= __RAM1_segment_size__)), error: .log_dynamic_data_run is too large to fit in RAM1 memory segment)
                0x0000000000001b44                __log_filter_data_load_start__ = ALIGN ((__log_dynamic_data_load_start__ + SIZEOF (.log_dynamic_data)), 0x4)

.log_filter_data
                0x0000000020000000        0x0 load address 0x0000000000001b44
                0x0000000020000000                __log_filter_data_start__ = .
 *(SORT_BY_NAME(.log_filter_data*))
                0x0000000020000000                __log_filter_data_end__ = (__log_filter_data_start__ + SIZEOF (.log_filter_data))
                0x0000000000000000                __log_filter_data_size__ = SIZEOF (.log_filter_data)
                0x0000000000001b44                __log_filter_data_load_end__ = (__log_filter_data_load_start__ + SIZEOF (.log_filter_data))
                0x0000000000000001                . = ASSERT (((__log_filter_data_load_start__ == __log_filter_data_load_end__) || ((__log_filter_data_load_end__ - __FLASH1_segment_start__) <= __FLASH1_segment_size__)), error: .log_filter_data is too large to fit in FLASH1 memory segment)

.log_filter_data_run
                0x0000000020000000        0x0
                0x0000000020000000                __log_filter_data_run_start__ = .
                0x0000000020000000                __start_log_filter_data = __log_filter_data_run_start__
                0x0000000020000000                __log_filter_data_run_end__ = (__log_filter_data_run_start__ + SIZEOF (.log_filter_data))
                0x0000000000000000                __log_filter_data_run_size__ = (__log_filter_data_run_end__ - __log_filter_data_run_start__)
                0x0000000020000000                __stop_log_filter_data = __log_filter_data_run_end__
                0x0000000020000000                __log_filter_data_run_load_end__ = __log_filter_data_run_end__
                0x0000000000000001                . = ASSERT (((__log_filter_data_run_start__ == __log_filter_data_run_end__) || ((__log_filter_data_run_end__ - __RAM1_segment_start__) <= __RAM1_segment_size__)), error: .log_filter_data_run is too large to fit in RAM1 memory segment)
                0x0000000020000000                __nrf_sections_run_end_load_start__ = ALIGN (__log_filter_data_run_end__, 0x4)

.nrf_sections_run_end
                0x0000000020000000        0x0
                0x0000000020000000                __nrf_sections_run_end_start__ = .
                0x0000000020000000                __end_nrf_sections_run = __nrf_sections_run_end_start__
 *(.nrf_sections_run_end .nrf_sections_run_end.*)
                0x0000000020000000                __nrf_sections_run_end_end__ = (__nrf_sections_run_end_start__ + SIZEOF (.nrf_sections_run_end))
                0x0000000000000000                __nrf_sections_run_end_size__ = SIZEOF (.nrf_sections_run_end)
                0x0000000020000000                __nrf_sections_run_end_load_end__ = __nrf_sections_run_end_end__
                0x0000000000000001                . = ASSERT (((__nrf_sections_run_end_start__ == __nrf_sections_run_end_end__) || ((__nrf_sections_run_end_end__ - __RAM1_segment_start__) <= __RAM1_segment_size__)), error: .nrf_sections_run_end is too large to fit in RAM1 memory segment)
                0x0000000000001b44                __dtors_load_start__ = ALIGN ((__log_filter_data_load_start__ + SIZEOF (.log_filter_data)), 0x4)

.dtors          0x0000000000001b44        0x0
                0x0000000000001b44                __dtors_start__ = .
 *(SORT_BY_NAME(.dtors.*))
 *(.dtors)
 *(.fini_array)
 *(SORT_BY_NAME(.fini_array.*))
                0x0000000000001b44                __dtors_end__ = (__dtors_start__ + SIZEOF (.dtors))
                0x0000000000000000                __dtors_size__ = SIZEOF (.dtors)
                0x0000000000001b44                __dtors_load_end__ = __dtors_end__
                0x0000000000000001                . = ASSERT (((__dtors_start__ == __dtors_end__) || ((__dtors_end__ - __FLASH1_segment_start__) <= __FLASH1_segment_size__)), error: .dtors is too large to fit in FLASH1 memory segment)
                0x0000000000001b44                __ctors_load_start__ = ALIGN (__dtors_end__, 0x4)

.ctors          0x0000000000001b44        0x0
                0x0000000000001b44                __ctors_start__ = .
 *(SORT_BY_NAME(.ctors.*))
 *(.ctors)
 *(.init_array)
 *(SORT_BY_NAME(.init_array.*))
                0x0000000000001b44                __ctors_end__ = (__ctors_start__ + SIZEOF (.ctors))
                0x0000000000000000                __ctors_size__ = SIZEOF (.ctors)
                0x0000000000001b44                __ctors_load_end__ = __ctors_end__
                0x0000000000000001                . = ASSERT (((__ctors_start__ == __ctors_end__) || ((__ctors_end__ - __FLASH1_segment_start__) <= __FLASH1_segment_size__)), error: .ctors is too large to fit in FLASH1 memory segment)
                0x0000000000001b44                __rodata_load_start__ = ALIGN (__ctors_end__, 0x4)

.rodata         0x0000000000001b44        0x4
                0x0000000000001b44                __rodata_start__ = .
 *(.rodata .rodata.* .gnu.linkonce.r.*)
                0x0000000000001b48                . = ALIGN (MAX ((__rodata_start__ + 0x4), .), 0x4)
 *fill*         0x0000000000001b44        0x4 
                0x0000000000001b48                __rodata_end__ = (__rodata_start__ + SIZEOF (.rodata))
                0x0000000000000004                __rodata_size__ = SIZEOF (.rodata)
                0x0000000000001b48                __rodata_load_end__ = __rodata_end__
                0x0000000000000001                . = ASSERT (((__rodata_start__ == __rodata_end__) || ((__rodata_end__ - __FLASH1_segment_start__) <= __FLASH1_segment_size__)), error: .rodata is too large to fit in FLASH1 memory segment)
                0x0000000000001b48                __ARM.exidx_load_start__ = ALIGN (__rodata_end__, 0x4)

.ARM.exidx      0x0000000000001b48        0x0
                0x0000000000001b48                __ARM.exidx_start__ = .
                0x0000000000001b48                __exidx_start = __ARM.exidx_start__
 *(.ARM.exidx .ARM.exidx.*)
                0x0000000000001b48                __ARM.exidx_end__ = (__ARM.exidx_start__ + SIZEOF (.ARM.exidx))
                0x0000000000000000                __ARM.exidx_size__ = SIZEOF (.ARM.exidx)
                0x0000000000001b48                __exidx_end = __ARM.exidx_end__
                0x0000000000001b48                __ARM.exidx_load_end__ = __ARM.exidx_end__
                0x0000000000000001                . = ASSERT (((__ARM.exidx_start__ == __ARM.exidx_end__) || ((__ARM.exidx_end__ - __FLASH1_segment_start__) <= __FLASH1_segment_size__)), error: .ARM.exidx is too large to fit in FLASH1 memory segment)
                0x0000000000001b48                __fast_load_start__ = ALIGN (__ARM.exidx_end__, 0x4)

.fast           0x0000000020000000        0x0 load address 0x0000000000001b48
                0x0000000020000000                __fast_start__ = .
 *(.fast .fast.*)
                0x0000000020000000                __fast_end__ = (__fast_start__ + SIZEOF (.fast))
                0x0000000000000000                __fast_size__ = SIZEOF (.fast)
                0x0000000000001b48                __fast_load_end__ = (__fast_load_start__ + SIZEOF (.fast))
                0x0000000000000001                . = ASSERT (((__fast_load_start__ == __fast_load_end__) || ((__fast_load_end__ - __FLASH1_segment_start__) <= __FLASH1_segment_size__)), error: .fast is too large to fit in FLASH1 memory segment)

.fast_run       0x0000000020000000        0x0
                0x0000000020000000                __fast_run_start__ = .
                0x0000000020000000                __fast_run_end__ = (__fast_run_start__ + SIZEOF (.fast))
                0x0000000000000000                __fast_run_size__ = (__fast_run_end__ - __fast_run_start__)
                0x0000000020000000                __fast_run_load_end__ = __fast_run_end__
                0x0000000000000001                . = ASSERT (((__fast_run_start__ == __fast_run_end__) || ((__fast_run_end__ - __RAM1_segment_start__) <= __RAM1_segment_size__)), error: .fast_run is too large to fit in RAM1 memory segment)
                0x0000000000001b48                __data_load_start__ = ALIGN ((__fast_load_start__ + SIZEOF (.fast)), 0x4)

.data           0x0000000020000000       0x20 load address 0x0000000000001b48
                0x0000000020000000                __data_start__ = .
 *(.data .data.* .gnu.linkonce.d.*)
 .data.stringToSend
                0x0000000020000000       0x1a Output/Debug/Obj/01bsp_radio/02.o
                0x0000000020000000                stringToSend
 *fill*         0x000000002000001a        0x2 
 .data.SystemCoreClock
                0x000000002000001c        0x4 Output/Debug/Obj/01bsp_radio/system_nrf52840.o
                0x000000002000001c                SystemCoreClock
                0x0000000020000020                __data_end__ = (__data_start__ + SIZEOF (.data))
                0x0000000000000020                __data_size__ = SIZEOF (.data)
                0x0000000000001b68                __data_load_end__ = (__data_load_start__ + SIZEOF (.data))

.igot.plt       0x0000000100000000        0x0
 .igot.plt      0x0000000100000000        0x0 Output/Debug/Obj/01bsp_radio/02.o
                0x0000000000000001                . = ASSERT (((__data_load_start__ == __data_load_end__) || ((__data_load_end__ - __FLASH1_segment_start__) <= __FLASH1_segment_size__)), error: .data is too large to fit in FLASH1 memory segment)

.data_run       0x0000000020000000        0x0
                0x0000000020000000                __data_run_start__ = .
                0x0000000020000020                __data_run_end__ = (__data_run_start__ + SIZEOF (.data))
                0x0000000000000020                __data_run_size__ = (__data_run_end__ - __data_run_start__)
                0x0000000020000020                __data_run_load_end__ = __data_run_end__
                0x0000000000000001                . = ASSERT (((__data_run_start__ == __data_run_end__) || ((__data_run_end__ - __RAM1_segment_start__) <= __RAM1_segment_size__)), error: .data_run is too large to fit in RAM1 memory segment)
                0x0000000000001b68                __tdata_load_start__ = ALIGN ((__data_load_start__ + SIZEOF (.data)), 0x4)

.tdata          0x0000000020000020        0x0 load address 0x0000000000001b68
                0x0000000020000020                __tdata_start__ = .
 *(.tdata .tdata.*)
                0x0000000020000020                __tdata_end__ = (__tdata_start__ + SIZEOF (.tdata))
                0x0000000000000000                __tdata_size__ = SIZEOF (.tdata)
                0x0000000000001b68                __tdata_load_end__ = (__tdata_load_start__ + SIZEOF (.tdata))
                0x0000000000001b68                __FLASH1_segment_used_end__ = (ALIGN ((__data_load_start__ + SIZEOF (.data)), 0x4) + SIZEOF (.tdata))
                0x0000000000001b68                __FLASH1_segment_used_size__ = (__FLASH1_segment_used_end__ - __FLASH1_segment_start__)
                0x0000000000000001                . = ASSERT (((__tdata_load_start__ == __tdata_load_end__) || ((__tdata_load_end__ - __FLASH1_segment_start__) <= __FLASH1_segment_size__)), error: .tdata is too large to fit in FLASH1 memory segment)

.tdata_run      0x0000000020000020        0x0
                0x0000000020000020                __tdata_run_start__ = .
                0x0000000020000020                __tdata_run_end__ = (__tdata_run_start__ + SIZEOF (.tdata))
                0x0000000000000000                __tdata_run_size__ = (__tdata_run_end__ - __tdata_run_start__)
                0x0000000020000020                __tdata_run_load_end__ = __tdata_run_end__
                0x0000000000000001                . = ASSERT (((__tdata_run_start__ == __tdata_run_end__) || ((__tdata_run_end__ - __RAM1_segment_start__) <= __RAM1_segment_size__)), error: .tdata_run is too large to fit in RAM1 memory segment)
                0x0000000020000020                __bss_load_start__ = ALIGN (__tdata_run_end__, 0x4)

.bss            0x0000000020000020      0x140
                0x0000000020000020                __bss_start__ = .
 *(.bss .bss.* .gnu.linkonce.b.*)
 .bss.app_dbg   0x0000000020000020        0x5 Output/Debug/Obj/01bsp_radio/02.o
                0x0000000020000020                app_dbg
 *fill*         0x0000000020000025        0x3 
 .bss.app_vars  0x0000000020000028       0x88 Output/Debug/Obj/01bsp_radio/02.o
                0x0000000020000028                app_vars
 .bss.radio_vars
                0x00000000200000b0       0x98 Output/Debug/Obj/01bsp_radio/radio.o
 .bss.sctimer_vars
                0x0000000020000148        0x8 Output/Debug/Obj/01bsp_radio/sctimer.o
                0x0000000020000148                sctimer_vars
 .bss.uart_vars
                0x0000000020000150        0xc Output/Debug/Obj/01bsp_radio/uart.o
                0x0000000020000150                uart_vars
 .bss.__SEGGER_RTL_heap_globals
                0x000000002000015c        0x4 C:/Program Files/SEGGER/SEGGER Embedded Studio for ARM 6.30/lib/heapops_basic_v7em_little.a(heapops_basic.o)
 *(COMMON)
                0x0000000020000160                __bss_end__ = (__bss_start__ + SIZEOF (.bss))
                0x0000000000000140                __bss_size__ = SIZEOF (.bss)
                0x0000000020000160                __bss_load_end__ = __bss_end__
                0x0000000000000001                . = ASSERT (((__bss_start__ == __bss_end__) || ((__bss_end__ - __RAM1_segment_start__) <= __RAM1_segment_size__)), error: .bss is too large to fit in RAM1 memory segment)
                0x0000000020000160                __tbss_load_start__ = ALIGN (__bss_end__, 0x4)

.tbss           0x0000000020000160        0x0
                0x0000000020000160                __tbss_start__ = .
 *(.tbss .tbss.*)
                0x0000000020000160                __tbss_end__ = (__tbss_start__ + SIZEOF (.tbss))
                0x0000000000000000                __tbss_size__ = SIZEOF (.tbss)
                0x0000000020000160                __tbss_load_end__ = __tbss_end__
                0x0000000000000001                . = ASSERT (((__tbss_start__ == __tbss_end__) || ((__tbss_end__ - __RAM1_segment_start__) <= __RAM1_segment_size__)), error: .tbss is too large to fit in RAM1 memory segment)
                0x0000000020000160                __non_init_load_start__ = ALIGN (__tbss_end__, 0x4)

.non_init       0x0000000020000160        0x0
                0x0000000020000160                __non_init_start__ = .
 *(.non_init .non_init.*)
                0x0000000020000160                __non_init_end__ = (__non_init_start__ + SIZEOF (.non_init))
                0x0000000000000000                __non_init_size__ = SIZEOF (.non_init)
                0x0000000020000160                __non_init_load_end__ = __non_init_end__
                0x0000000000000001                . = ASSERT (((__non_init_start__ == __non_init_end__) || ((__non_init_end__ - __RAM1_segment_start__) <= __RAM1_segment_size__)), error: .non_init is too large to fit in RAM1 memory segment)
                0x0000000020000160                __heap_load_start__ = ALIGN (__non_init_end__, 0x4)

.heap           0x0000000020000160     0x2000
                0x0000000020000160                __heap_start__ = .
 *(.heap .heap.*)
                0x0000000020002160                . = ALIGN (MAX ((__heap_start__ + __HEAPSIZE__), .), 0x4)
 *fill*         0x0000000020000160     0x2000 
                0x0000000020002160                __heap_end__ = (__heap_start__ + SIZEOF (.heap))
                0x0000000000002000                __heap_size__ = SIZEOF (.heap)
                0x0000000020002160                __heap_load_end__ = __heap_end__
                0x0000000000000001                . = ASSERT (((__heap_start__ == __heap_end__) || ((__heap_end__ - __RAM1_segment_start__) <= __RAM1_segment_size__)), error: .heap is too large to fit in RAM1 memory segment)
                0x000000002003e000                __stack_load_start__ = (__RAM1_segment_start__ + (__RAM1_segment_size__ - 0x2000))

.stack          0x000000002003e000     0x2000
                0x000000002003e000                __stack_start__ = .
                0x000000002003e000                __StackLimit = __stack_start__
 *(.stack .stack.*)
                0x0000000020040000                . = ALIGN (MAX ((__stack_start__ + __STACKSIZE__), .), 0x8)
 *fill*         0x000000002003e000     0x2000 
                0x0000000020040000                __stack_end__ = (__stack_start__ + SIZEOF (.stack))
                0x0000000000002000                __stack_size__ = SIZEOF (.stack)
                0x0000000020040000                __StackTop = __stack_end__
                0x0000000020040000                __stack_load_end__ = __stack_end__
                0x0000000000000001                . = ASSERT (((__stack_start__ == __stack_end__) || ((__stack_end__ - __RAM1_segment_start__) <= __RAM1_segment_size__)), error: .stack is too large to fit in RAM1 memory segment)
                0x0000000000000001                . = ASSERT ((__heap_end__ <= __stack_start__), error: section .heap overlaps absolute placed section .stack)
                0x0000000020040000                __stack_process_load_start__ = ALIGN (__stack_end__, 0x8)

.stack_process  0x0000000020040000        0x0
                0x0000000020040000                __stack_process_start__ = .
 *(.stack_process .stack_process.*)
                0x0000000020040000                . = ALIGN (MAX ((__stack_process_start__ + __STACKSIZE_PROCESS__), .), 0x8)
                0x0000000020040000                __stack_process_end__ = (__stack_process_start__ + SIZEOF (.stack_process))
                0x0000000000000000                __stack_process_size__ = SIZEOF (.stack_process)
                0x0000000020040000                __stack_process_load_end__ = __stack_process_end__
                0x0000000020040000                __RAM1_segment_used_end__ = (ALIGN (__stack_end__, 0x8) + SIZEOF (.stack_process))
                0x0000000000040000                __RAM1_segment_used_size__ = (__RAM1_segment_used_end__ - __RAM1_segment_start__)
                0x0000000000000001                . = ASSERT (((__stack_process_start__ == __stack_process_end__) || ((__stack_process_end__ - __RAM1_segment_start__) <= __RAM1_segment_size__)), error: .stack_process is too large to fit in RAM1 memory segment)
START GROUP
LOAD Output/Debug/Obj/01bsp_radio/01bsp_radio.o
LOAD Output/Debug/Obj/01bsp_radio/02.o
LOAD Output/Debug/Obj/01bsp_radio/P20RX.o
LOAD Output/Debug/Obj/01bsp_radio/P20TX.o
LOAD Output/Debug/Obj/01bsp_radio/adc.o
LOAD Output/Debug/Obj/01bsp_radio/board.o
LOAD Output/Debug/Obj/01bsp_radio/cryptoengine.o
LOAD Output/Debug/Obj/01bsp_radio/debugpins.o
LOAD Output/Debug/Obj/01bsp_radio/eui64.o
LOAD Output/Debug/Obj/01bsp_radio/i2c.o
LOAD Output/Debug/Obj/01bsp_radio/leds.o
LOAD Output/Debug/Obj/01bsp_radio/radio.o
LOAD Output/Debug/Obj/01bsp_radio/sctimer.o
LOAD Output/Debug/Obj/01bsp_radio/ses_startup_nrf52840.o
LOAD Output/Debug/Obj/01bsp_radio/ses_startup_nrf_common.o
LOAD Output/Debug/Obj/01bsp_radio/system_nrf52840.o
LOAD Output/Debug/Obj/01bsp_radio/thumb_crt0.o
LOAD Output/Debug/Obj/01bsp_radio/sensors.o
LOAD Output/Debug/Obj/01bsp_radio/spi.o
LOAD Output/Debug/Obj/01bsp_radio/uart.o
LOAD Output/Debug/Obj/01bsp_radio/bmx160.o
LOAD Output/Debug/Obj/01bsp_radio/bmp388.o
LOAD C:/Users/16603/AppData/Local/SEGGER/SEGGER Embedded Studio/v3/packages/libraries/libcxx/lib/libcxx_noexcept_v7em_fpv4_sp_d16_hard_t_le_eabi_balanced.a
LOAD C:/Program Files/SEGGER/SEGGER Embedded Studio for ARM 6.30/lib/libc_v7em_fpv4_sp_d16_hard_t_le_eabi_balanced.a
LOAD C:/Program Files/SEGGER/SEGGER Embedded Studio for ARM 6.30/lib/heapops_basic_v7em_little.a
END GROUP
OUTPUT(C:/Users/16603/Desktop/HKUSTGZ/IOTA5109/iota5109/openwsn1/openwsn-fw/projects/nrf52840_dk/Output/Debug/Exe/01bsp_radio.elf elf32-littlearm)
LOAD linker stubs

.debug_frame    0x0000000000000000     0x29c8
 .debug_frame   0x0000000000000000       0xd0 Output/Debug/Obj/01bsp_radio/02.o
 .debug_frame   0x00000000000000d0       0xa4 Output/Debug/Obj/01bsp_radio/board.o
 .debug_frame   0x0000000000000174      0x140 Output/Debug/Obj/01bsp_radio/debugpins.o
 .debug_frame   0x00000000000002b4       0xd0 Output/Debug/Obj/01bsp_radio/i2c.o
 .debug_frame   0x0000000000000384      0x1f0 Output/Debug/Obj/01bsp_radio/leds.o
 .debug_frame   0x0000000000000574      0x370 Output/Debug/Obj/01bsp_radio/radio.o
 .debug_frame   0x00000000000008e4       0xd4 Output/Debug/Obj/01bsp_radio/sctimer.o
 .debug_frame   0x00000000000009b8     0x1ef0 Output/Debug/Obj/01bsp_radio/system_nrf52840.o
 .debug_frame   0x00000000000028a8      0x120 Output/Debug/Obj/01bsp_radio/uart.o

.debug_info     0x0000000000000000     0x91c0
 .debug_info    0x0000000000000000      0x5d3 Output/Debug/Obj/01bsp_radio/02.o
 .debug_info    0x00000000000005d3      0xa28 Output/Debug/Obj/01bsp_radio/board.o
 .debug_info    0x0000000000000ffb      0x382 Output/Debug/Obj/01bsp_radio/debugpins.o
 .debug_info    0x000000000000137d      0x81d Output/Debug/Obj/01bsp_radio/i2c.o
 .debug_info    0x0000000000001b9a      0x44e Output/Debug/Obj/01bsp_radio/leds.o
 .debug_info    0x0000000000001fe8     0x1728 Output/Debug/Obj/01bsp_radio/radio.o
 .debug_info    0x0000000000003710      0xaac Output/Debug/Obj/01bsp_radio/sctimer.o
 .debug_info    0x00000000000041bc       0x23 Output/Debug/Obj/01bsp_radio/ses_startup_nrf52840.o
 .debug_info    0x00000000000041df       0x23 Output/Debug/Obj/01bsp_radio/ses_startup_nrf_common.o
 .debug_info    0x0000000000004202     0x45a4 Output/Debug/Obj/01bsp_radio/system_nrf52840.o
 .debug_info    0x00000000000087a6       0x22 Output/Debug/Obj/01bsp_radio/thumb_crt0.o
 .debug_info    0x00000000000087c8      0x9f8 Output/Debug/Obj/01bsp_radio/uart.o

.debug_abbrev   0x0000000000000000     0x1190
 .debug_abbrev  0x0000000000000000      0x1e6 Output/Debug/Obj/01bsp_radio/02.o
 .debug_abbrev  0x00000000000001e6      0x1b4 Output/Debug/Obj/01bsp_radio/board.o
 .debug_abbrev  0x000000000000039a       0xe4 Output/Debug/Obj/01bsp_radio/debugpins.o
 .debug_abbrev  0x000000000000047e      0x1a9 Output/Debug/Obj/01bsp_radio/i2c.o
 .debug_abbrev  0x0000000000000627      0x163 Output/Debug/Obj/01bsp_radio/leds.o
 .debug_abbrev  0x000000000000078a      0x373 Output/Debug/Obj/01bsp_radio/radio.o
 .debug_abbrev  0x0000000000000afd      0x1f8 Output/Debug/Obj/01bsp_radio/sctimer.o
 .debug_abbrev  0x0000000000000cf5       0x14 Output/Debug/Obj/01bsp_radio/ses_startup_nrf52840.o
 .debug_abbrev  0x0000000000000d09       0x14 Output/Debug/Obj/01bsp_radio/ses_startup_nrf_common.o
 .debug_abbrev  0x0000000000000d1d      0x235 Output/Debug/Obj/01bsp_radio/system_nrf52840.o
 .debug_abbrev  0x0000000000000f52       0x12 Output/Debug/Obj/01bsp_radio/thumb_crt0.o
 .debug_abbrev  0x0000000000000f64      0x22c Output/Debug/Obj/01bsp_radio/uart.o

.debug_pubnames
                0x0000000000000000     0x3baa
 .debug_pubnames
                0x0000000000000000      0x3aa Output/Debug/Obj/01bsp_radio/02.o
 .debug_pubnames
                0x00000000000003aa      0x12a Output/Debug/Obj/01bsp_radio/board.o
 .debug_pubnames
                0x00000000000004d4      0x21a Output/Debug/Obj/01bsp_radio/debugpins.o
 .debug_pubnames
                0x00000000000006ee       0xd0 Output/Debug/Obj/01bsp_radio/i2c.o
 .debug_pubnames
                0x00000000000007be      0x212 Output/Debug/Obj/01bsp_radio/leds.o
 .debug_pubnames
                0x00000000000009d0      0x8c4 Output/Debug/Obj/01bsp_radio/radio.o
 .debug_pubnames
                0x0000000000001294      0x4f4 Output/Debug/Obj/01bsp_radio/sctimer.o
 .debug_pubnames
                0x0000000000001788     0x1ebe Output/Debug/Obj/01bsp_radio/system_nrf52840.o
 .debug_pubnames
                0x0000000000003646      0x564 Output/Debug/Obj/01bsp_radio/uart.o

.debug_pubtypes
                0x0000000000000000      0xb58
 .debug_pubtypes
                0x0000000000000000      0x168 Output/Debug/Obj/01bsp_radio/02.o
 .debug_pubtypes
                0x0000000000000168      0x111 Output/Debug/Obj/01bsp_radio/board.o
 .debug_pubtypes
                0x0000000000000279       0xd3 Output/Debug/Obj/01bsp_radio/debugpins.o
 .debug_pubtypes
                0x000000000000034c      0x127 Output/Debug/Obj/01bsp_radio/i2c.o
 .debug_pubtypes
                0x0000000000000473       0xd3 Output/Debug/Obj/01bsp_radio/leds.o
 .debug_pubtypes
                0x0000000000000546      0x1af Output/Debug/Obj/01bsp_radio/radio.o
 .debug_pubtypes
                0x00000000000006f5      0x132 Output/Debug/Obj/01bsp_radio/sctimer.o
 .debug_pubtypes
                0x0000000000000827      0x1db Output/Debug/Obj/01bsp_radio/system_nrf52840.o
 .debug_pubtypes
                0x0000000000000a02      0x156 Output/Debug/Obj/01bsp_radio/uart.o

.debug_aranges  0x0000000000000000     0x10d0
 .debug_aranges
                0x0000000000000000       0x48 Output/Debug/Obj/01bsp_radio/02.o
 .debug_aranges
                0x0000000000000048       0x48 Output/Debug/Obj/01bsp_radio/board.o
 .debug_aranges
                0x0000000000000090       0xb0 Output/Debug/Obj/01bsp_radio/debugpins.o
 .debug_aranges
                0x0000000000000140       0x40 Output/Debug/Obj/01bsp_radio/i2c.o
 .debug_aranges
                0x0000000000000180       0xd0 Output/Debug/Obj/01bsp_radio/leds.o
 .debug_aranges
                0x0000000000000250      0x100 Output/Debug/Obj/01bsp_radio/radio.o
 .debug_aranges
                0x0000000000000350       0x58 Output/Debug/Obj/01bsp_radio/sctimer.o
 .debug_aranges
                0x00000000000003a8       0x20 Output/Debug/Obj/01bsp_radio/ses_startup_nrf52840.o
 .debug_aranges
                0x00000000000003c8       0x20 Output/Debug/Obj/01bsp_radio/ses_startup_nrf_common.o
 .debug_aranges
                0x00000000000003e8      0xc28 Output/Debug/Obj/01bsp_radio/system_nrf52840.o
 .debug_aranges
                0x0000000000001010       0x50 Output/Debug/Obj/01bsp_radio/thumb_crt0.o
 .debug_aranges
                0x0000000000001060       0x70 Output/Debug/Obj/01bsp_radio/uart.o

.debug_ranges   0x0000000000000000      0xff8
 .debug_ranges  0x0000000000000000       0x38 Output/Debug/Obj/01bsp_radio/02.o
 .debug_ranges  0x0000000000000038       0x38 Output/Debug/Obj/01bsp_radio/board.o
 .debug_ranges  0x0000000000000070       0xa0 Output/Debug/Obj/01bsp_radio/debugpins.o
 .debug_ranges  0x0000000000000110       0x30 Output/Debug/Obj/01bsp_radio/i2c.o
 .debug_ranges  0x0000000000000140       0xc0 Output/Debug/Obj/01bsp_radio/leds.o
 .debug_ranges  0x0000000000000200       0xf0 Output/Debug/Obj/01bsp_radio/radio.o
 .debug_ranges  0x00000000000002f0       0x48 Output/Debug/Obj/01bsp_radio/sctimer.o
 .debug_ranges  0x0000000000000338      0xc18 Output/Debug/Obj/01bsp_radio/system_nrf52840.o
 .debug_ranges  0x0000000000000f50       0x48 Output/Debug/Obj/01bsp_radio/thumb_crt0.o
 .debug_ranges  0x0000000000000f98       0x60 Output/Debug/Obj/01bsp_radio/uart.o

.debug_macro    0x0000000000000000     0x4ee7
 .debug_macro   0x0000000000000000       0xf1 Output/Debug/Obj/01bsp_radio/02.o
 .debug_macro   0x00000000000000f1      0x25d Output/Debug/Obj/01bsp_radio/02.o
 .debug_macro   0x000000000000034e      0x26e Output/Debug/Obj/01bsp_radio/02.o
 .debug_macro   0x00000000000005bc       0x1c Output/Debug/Obj/01bsp_radio/02.o
 .debug_macro   0x00000000000005d8      0x174 Output/Debug/Obj/01bsp_radio/02.o
 .debug_macro   0x000000000000074c       0x16 Output/Debug/Obj/01bsp_radio/02.o
 .debug_macro   0x0000000000000762       0xfb Output/Debug/Obj/01bsp_radio/02.o
 .debug_macro   0x000000000000085d       0x7e Output/Debug/Obj/01bsp_radio/02.o
 .debug_macro   0x00000000000008db       0x2e Output/Debug/Obj/01bsp_radio/02.o
 .debug_macro   0x0000000000000909       0x16 Output/Debug/Obj/01bsp_radio/02.o
 .debug_macro   0x000000000000091f       0x22 Output/Debug/Obj/01bsp_radio/02.o
 .debug_macro   0x0000000000000941      0x14a Output/Debug/Obj/01bsp_radio/board.o
 .debug_macro   0x0000000000000a8b       0x3b Output/Debug/Obj/01bsp_radio/board.o
 .debug_macro   0x0000000000000ac6       0x1c Output/Debug/Obj/01bsp_radio/board.o
 .debug_macro   0x0000000000000ae2       0x22 Output/Debug/Obj/01bsp_radio/board.o
 .debug_macro   0x0000000000000b04     0x1011 Output/Debug/Obj/01bsp_radio/board.o
 .debug_macro   0x0000000000001b15      0x11f Output/Debug/Obj/01bsp_radio/board.o
 .debug_macro   0x0000000000001c34      0x410 Output/Debug/Obj/01bsp_radio/board.o
 .debug_macro   0x0000000000002044       0x10 Output/Debug/Obj/01bsp_radio/board.o
 .debug_macro   0x0000000000002054       0x22 Output/Debug/Obj/01bsp_radio/board.o
 .debug_macro   0x0000000000002076      0x115 Output/Debug/Obj/01bsp_radio/debugpins.o
 .debug_macro   0x000000000000218b      0x176 Output/Debug/Obj/01bsp_radio/i2c.o
 .debug_macro   0x0000000000002301      0x11b Output/Debug/Obj/01bsp_radio/leds.o
 .debug_macro   0x000000000000241c       0x22 Output/Debug/Obj/01bsp_radio/leds.o
 .debug_macro   0x000000000000243e      0x1b1 Output/Debug/Obj/01bsp_radio/radio.o
 .debug_macro   0x00000000000025ef      0x13e Output/Debug/Obj/01bsp_radio/sctimer.o
 .debug_macro   0x000000000000272d      0x164 Output/Debug/Obj/01bsp_radio/system_nrf52840.o
 .debug_macro   0x0000000000002891       0x22 Output/Debug/Obj/01bsp_radio/system_nrf52840.o
 .debug_macro   0x00000000000028b3      0xa65 Output/Debug/Obj/01bsp_radio/system_nrf52840.o
 .debug_macro   0x0000000000003318       0x96 Output/Debug/Obj/01bsp_radio/system_nrf52840.o
 .debug_macro   0x00000000000033ae       0x40 Output/Debug/Obj/01bsp_radio/system_nrf52840.o
 .debug_macro   0x00000000000033ee      0x462 Output/Debug/Obj/01bsp_radio/system_nrf52840.o
 .debug_macro   0x0000000000003850      0x44e Output/Debug/Obj/01bsp_radio/system_nrf52840.o
 .debug_macro   0x0000000000003c9e      0xa28 Output/Debug/Obj/01bsp_radio/system_nrf52840.o
 .debug_macro   0x00000000000046c6      0x520 Output/Debug/Obj/01bsp_radio/system_nrf52840.o
 .debug_macro   0x0000000000004be6      0x164 Output/Debug/Obj/01bsp_radio/system_nrf52840.o
 .debug_macro   0x0000000000004d4a       0x10 Output/Debug/Obj/01bsp_radio/system_nrf52840.o
 .debug_macro   0x0000000000004d5a      0x171 Output/Debug/Obj/01bsp_radio/uart.o
 .debug_macro   0x0000000000004ecb       0x1c Output/Debug/Obj/01bsp_radio/uart.o

.debug_line     0x0000000000000000     0x696c
 .debug_line    0x0000000000000000      0x542 Output/Debug/Obj/01bsp_radio/02.o
 .debug_line    0x0000000000000542      0x412 Output/Debug/Obj/01bsp_radio/board.o
 .debug_line    0x0000000000000954      0x514 Output/Debug/Obj/01bsp_radio/debugpins.o
 .debug_line    0x0000000000000e68      0x4bc Output/Debug/Obj/01bsp_radio/i2c.o
 .debug_line    0x0000000000001324      0x5c6 Output/Debug/Obj/01bsp_radio/leds.o
 .debug_line    0x00000000000018ea      0x962 Output/Debug/Obj/01bsp_radio/radio.o
 .debug_line    0x000000000000224c      0x48e Output/Debug/Obj/01bsp_radio/sctimer.o
 .debug_line    0x00000000000026da       0xc0 Output/Debug/Obj/01bsp_radio/ses_startup_nrf52840.o
 .debug_line    0x000000000000279a       0xd0 Output/Debug/Obj/01bsp_radio/ses_startup_nrf_common.o
 .debug_line    0x000000000000286a     0x3a77 Output/Debug/Obj/01bsp_radio/system_nrf52840.o
 .debug_line    0x00000000000062e1      0x1a0 Output/Debug/Obj/01bsp_radio/thumb_crt0.o
 .debug_line    0x0000000000006481      0x4eb Output/Debug/Obj/01bsp_radio/uart.o

.debug_str      0x0000000000000000    0x83274
 .debug_str     0x0000000000000000     0x63e5 Output/Debug/Obj/01bsp_radio/02.o
                                       0x6470 (size before relaxing)
 .debug_str     0x00000000000063e5     0x8001 Output/Debug/Obj/01bsp_radio/board.o
                                       0xe021 (size before relaxing)
 .debug_str     0x000000000000e3e6      0x2f1 Output/Debug/Obj/01bsp_radio/debugpins.o
                                       0xdd14 (size before relaxing)
 .debug_str     0x000000000000e6d7    0x65353 Output/Debug/Obj/01bsp_radio/i2c.o
                                      0x73d66 (size before relaxing)
 .debug_str     0x0000000000073a2a      0x268 Output/Debug/Obj/01bsp_radio/leds.o
                                       0xdd1d (size before relaxing)
 .debug_str     0x0000000000073c92      0xab2 Output/Debug/Obj/01bsp_radio/radio.o
                                      0x743f9 (size before relaxing)
 .debug_str     0x0000000000074744      0x19d Output/Debug/Obj/01bsp_radio/sctimer.o
                                       0xe28b (size before relaxing)
 .debug_str     0x00000000000748e1       0xf3 Output/Debug/Obj/01bsp_radio/ses_startup_nrf52840.o
 .debug_str     0x00000000000749d4       0x84 Output/Debug/Obj/01bsp_radio/ses_startup_nrf_common.o
                                         0xf5 (size before relaxing)
 .debug_str     0x0000000000074a58     0xe4d2 Output/Debug/Obj/01bsp_radio/system_nrf52840.o
                                      0x8196d (size before relaxing)
 .debug_str     0x0000000000082f2a       0x78 Output/Debug/Obj/01bsp_radio/thumb_crt0.o
                                         0xe9 (size before relaxing)
 .debug_str     0x0000000000082fa2      0x2d2 Output/Debug/Obj/01bsp_radio/uart.o
                                      0x73bfe (size before relaxing)

.comment        0x0000000000000000       0x35
 .comment       0x0000000000000000       0x35 Output/Debug/Obj/01bsp_radio/02.o
                                         0x36 (size before relaxing)
 .comment       0x0000000000000035       0x36 Output/Debug/Obj/01bsp_radio/board.o
 .comment       0x0000000000000035       0x36 Output/Debug/Obj/01bsp_radio/debugpins.o
 .comment       0x0000000000000035       0x36 Output/Debug/Obj/01bsp_radio/i2c.o
 .comment       0x0000000000000035       0x36 Output/Debug/Obj/01bsp_radio/leds.o
 .comment       0x0000000000000035       0x36 Output/Debug/Obj/01bsp_radio/radio.o
 .comment       0x0000000000000035       0x36 Output/Debug/Obj/01bsp_radio/sctimer.o
 .comment       0x0000000000000035       0x36 Output/Debug/Obj/01bsp_radio/system_nrf52840.o
 .comment       0x0000000000000035       0x36 Output/Debug/Obj/01bsp_radio/uart.o
 .comment       0x0000000000000035       0x36 C:/Program Files/SEGGER/SEGGER Embedded Studio for ARM 6.30/lib/heapops_basic_v7em_little.a(heapops_basic.o)

.ARM.attributes
                0x0000000000000000       0x38
 .ARM.attributes
                0x0000000000000000       0x36 Output/Debug/Obj/01bsp_radio/02.o
 .ARM.attributes
                0x0000000000000036       0x36 Output/Debug/Obj/01bsp_radio/board.o
 .ARM.attributes
                0x000000000000006c       0x36 Output/Debug/Obj/01bsp_radio/debugpins.o
 .ARM.attributes
                0x00000000000000a2       0x36 Output/Debug/Obj/01bsp_radio/i2c.o
 .ARM.attributes
                0x00000000000000d8       0x36 Output/Debug/Obj/01bsp_radio/leds.o
 .ARM.attributes
                0x000000000000010e       0x36 Output/Debug/Obj/01bsp_radio/radio.o
 .ARM.attributes
                0x0000000000000144       0x36 Output/Debug/Obj/01bsp_radio/sctimer.o
 .ARM.attributes
                0x000000000000017a       0x20 Output/Debug/Obj/01bsp_radio/ses_startup_nrf52840.o
 .ARM.attributes
                0x000000000000019a       0x20 Output/Debug/Obj/01bsp_radio/ses_startup_nrf_common.o
 .ARM.attributes
                0x00000000000001ba       0x36 Output/Debug/Obj/01bsp_radio/system_nrf52840.o
 .ARM.attributes
                0x00000000000001f0       0x20 Output/Debug/Obj/01bsp_radio/thumb_crt0.o
 .ARM.attributes
                0x0000000000000210       0x36 Output/Debug/Obj/01bsp_radio/uart.o
 .ARM.attributes
                0x0000000000000246       0x20 C:/Program Files/SEGGER/SEGGER Embedded Studio for ARM 6.30/lib/libc_v7em_fpv4_sp_d16_hard_t_le_eabi_balanced.a(strasmops_arm.o)
