Archive member included to satisfy reference by file (symbol)

C:/Program Files/SEGGER/SEGGER Embedded Studio for ARM 6.30/lib/libc_v7em_fpv4_sp_d16_hard_t_le_eabi_balanced.a(strasmops_arm.o)
                              Output/Debug/Obj/02drv_openserial/i2c.o (memcpy)
C:/Program Files/SEGGER/SEGGER Embedded Studio for ARM 6.30/lib/libc_v7em_fpv4_sp_d16_hard_t_le_eabi_balanced.a(strops.o)
                              Output/Debug/Obj/02drv_openserial/ccms.o (memcmp)
C:/Program Files/SEGGER/SEGGER Embedded Studio for ARM 6.30/lib/libc_v7em_fpv4_sp_d16_hard_t_le_eabi_balanced.a(prinops.o)
                              Output/Debug/Obj/02drv_openserial/openserial.o (snprintf)
C:/Program Files/SEGGER/SEGGER Embedded Studio for ARM 6.30/lib/libc_v7em_fpv4_sp_d16_hard_t_le_eabi_balanced.a(__SEGGER_RTL_vfprintf_long.o)
                              (__SEGGER_RTL_vfprintf_long)
C:/Program Files/SEGGER/SEGGER Embedded Studio for ARM 6.30/lib/libc_v7em_fpv4_sp_d16_hard_t_le_eabi_balanced.a(__SEGGER_RTL_vfscanf_long.o)
                              (__SEGGER_RTL_vfscanf_long)
C:/Program Files/SEGGER/SEGGER Embedded Studio for ARM 6.30/lib/libc_v7em_fpv4_sp_d16_hard_t_le_eabi_balanced.a(fileops.o)
                              C:/Program Files/SEGGER/SEGGER Embedded Studio for ARM 6.30/lib/libc_v7em_fpv4_sp_d16_hard_t_le_eabi_balanced.a(prinops.o) (fwrite)
C:/Program Files/SEGGER/SEGGER Embedded Studio for ARM 6.30/lib/libc_v7em_fpv4_sp_d16_hard_t_le_eabi_balanced.a(heapops.o)
                              C:/Program Files/SEGGER/SEGGER Embedded Studio for ARM 6.30/lib/libc_v7em_fpv4_sp_d16_hard_t_le_eabi_balanced.a(strops.o) (malloc)
C:/Program Files/SEGGER/SEGGER Embedded Studio for ARM 6.30/lib/libc_v7em_fpv4_sp_d16_hard_t_le_eabi_balanced.a(intasmops_arm.o)
                              C:/Program Files/SEGGER/SEGGER Embedded Studio for ARM 6.30/lib/libc_v7em_fpv4_sp_d16_hard_t_le_eabi_balanced.a(__SEGGER_RTL_vfprintf_long.o) (__aeabi_uldivmod)
C:/Program Files/SEGGER/SEGGER Embedded Studio for ARM 6.30/lib/libc_v7em_fpv4_sp_d16_hard_t_le_eabi_balanced.a(mbops.o)
                              C:/Program Files/SEGGER/SEGGER Embedded Studio for ARM 6.30/lib/libc_v7em_fpv4_sp_d16_hard_t_le_eabi_balanced.a(prinops.o) (__SEGGER_RTL_current_locale)
C:/Program Files/SEGGER/SEGGER Embedded Studio for ARM 6.30/lib/libc_v7em_fpv4_sp_d16_hard_t_le_eabi_balanced.a(sortops.o)
                              C:/Program Files/SEGGER/SEGGER Embedded Studio for ARM 6.30/lib/libc_v7em_fpv4_sp_d16_hard_t_le_eabi_balanced.a(mbops.o) (bsearch)
C:/Program Files/SEGGER/SEGGER Embedded Studio for ARM 6.30/lib/libc_v7em_fpv4_sp_d16_hard_t_le_eabi_balanced.a(timeops.o)
                              C:/Program Files/SEGGER/SEGGER Embedded Studio for ARM 6.30/lib/libc_v7em_fpv4_sp_d16_hard_t_le_eabi_balanced.a(mbops.o) (__SEGGER_RTL_string_list_encode)
C:/Program Files/SEGGER/SEGGER Embedded Studio for ARM 6.30/lib/libc_v7em_fpv4_sp_d16_hard_t_le_eabi_balanced.a(utilops.o)
                              C:/Program Files/SEGGER/SEGGER Embedded Studio for ARM 6.30/lib/libc_v7em_fpv4_sp_d16_hard_t_le_eabi_balanced.a(__SEGGER_RTL_vfscanf_long.o) (__SEGGER_RTL_digit)
C:/Program Files/SEGGER/SEGGER Embedded Studio for ARM 6.30/lib/libc_v7em_fpv4_sp_d16_hard_t_le_eabi_balanced.a(errno.o)
                              C:/Program Files/SEGGER/SEGGER Embedded Studio for ARM 6.30/lib/libc_v7em_fpv4_sp_d16_hard_t_le_eabi_balanced.a(fileops.o) (__aeabi_errno_addr)
C:/Program Files/SEGGER/SEGGER Embedded Studio for ARM 6.30/lib/libc_v7em_fpv4_sp_d16_hard_t_le_eabi_balanced.a(floatasmops_arm.o)
                              C:/Program Files/SEGGER/SEGGER Embedded Studio for ARM 6.30/lib/libc_v7em_fpv4_sp_d16_hard_t_le_eabi_balanced.a(utilops.o) (__aeabi_dmul)
C:/Program Files/SEGGER/SEGGER Embedded Studio for ARM 6.30/lib/libc_v7em_fpv4_sp_d16_hard_t_le_eabi_balanced.a(intops.o)
                              C:/Program Files/SEGGER/SEGGER Embedded Studio for ARM 6.30/lib/libc_v7em_fpv4_sp_d16_hard_t_le_eabi_balanced.a(timeops.o) (div)
C:/Program Files/SEGGER/SEGGER Embedded Studio for ARM 6.30/lib/heapops_basic_v7em_little.a(heapops_basic.o)
                              C:/Program Files/SEGGER/SEGGER Embedded Studio for ARM 6.30/lib/libc_v7em_fpv4_sp_d16_hard_t_le_eabi_balanced.a(heapops.o) (__SEGGER_RTL_alloc)

Discarded input sections

 .group         0x0000000000000000        0xc Output/Debug/Obj/02drv_openserial/02drv_openserial.o
 .group         0x0000000000000000        0xc Output/Debug/Obj/02drv_openserial/02drv_openserial.o
 .group         0x0000000000000000        0xc Output/Debug/Obj/02drv_openserial/02drv_openserial.o
 .group         0x0000000000000000        0xc Output/Debug/Obj/02drv_openserial/02drv_openserial.o
 .group         0x0000000000000000        0xc Output/Debug/Obj/02drv_openserial/02drv_openserial.o
 .group         0x0000000000000000        0xc Output/Debug/Obj/02drv_openserial/02drv_openserial.o
[...]
Memory Configuration

Name             Origin             Length             Attributes
UNPLACED_SECTIONS 0x0000000100000000 0x0000000000000000 xw
RAM1             0x0000000020000000 0x0000000000040000 xw
FLASH1           0x0000000000000000 0x0000000000100000 xw
*default*        0x0000000000000000 0xffffffffffffffff

Linker script and memory map

                0x000000000000280c                __SEGGER_RTL_vfprintf = __SEGGER_RTL_vfprintf_long
                0x0000000000000000                __SEGGER_RTL_vfscanf = __SEGGER_RTL_vfscanf_long
                0x0000000020000000                __RAM1_segment_start__ = 0x20000000
                0x0000000020040000                __RAM1_segment_end__ = 0x20040000
                0x0000000000040000                __RAM1_segment_size__ = 0x40000
                0x0000000000000000                __FLASH1_segment_start__ = 0x0
                0x0000000000100000                __FLASH1_segment_end__ = 0x100000
                0x0000000000100000                __FLASH1_segment_size__ = 0x100000
                0x0000000000002000                __HEAPSIZE__ = 0x2000
                0x0000000000000000                __STACKSIZE_PROCESS__ = 0x0
                0x0000000000002000                __STACKSIZE__ = 0x2000
                0x0000000020000000                __vectors_ram_load_start__ = 0x20000000

.vectors_ram    0x0000000020000000        0x0
                0x0000000020000000                __vectors_ram_start__ = .
                0x0000000020000000                __app_ram_start__ = __vectors_ram_start__
 *(.vectors_ram .vectors_ram.*)
                0x0000000020000000                __vectors_ram_end__ = (__vectors_ram_start__ + SIZEOF (.vectors_ram))
                0x0000000000000000                __vectors_ram_size__ = SIZEOF (.vectors_ram)
                0x0000000020000000                __vectors_ram_load_end__ = __vectors_ram_end__
                0x0000000000000001                . = ASSERT (((__vectors_ram_start__ == __vectors_ram_end__) || ((__vectors_ram_end__ - __RAM1_segment_start__) <= __RAM1_segment_size__)), error: .vectors_ram is too large to fit in RAM1 memory segment)
                0x0000000020000000                __nrf_sections_run_load_start__ = ALIGN (__vectors_ram_end__, 0x4)

.nrf_sections_run
                0x0000000020000000        0x0
                0x0000000020000000                __nrf_sections_run_start__ = .
                0x0000000020000000                __start_nrf_sections_run = __nrf_sections_run_start__
 *(.nrf_sections_run .nrf_sections_run.*)
                0x0000000020000000                __nrf_sections_run_end__ = (__nrf_sections_run_start__ + SIZEOF (.nrf_sections_run))
                0x0000000000000000                __nrf_sections_run_size__ = SIZEOF (.nrf_sections_run)
                0x0000000020000000                __nrf_sections_run_load_end__ = __nrf_sections_run_end__
                0x0000000000000001                . = ASSERT (((__nrf_sections_run_start__ == __nrf_sections_run_end__) || ((__nrf_sections_run_end__ - __RAM1_segment_start__) <= __RAM1_segment_size__)), error: .nrf_sections_run is too large to fit in RAM1 memory segment)
                0x0000000000000000                __vectors_load_start__ = 0x0

.vectors        0x0000000000000000      0x200
                0x0000000000000000                __vectors_start__ = .
 *(.vectors .vectors.*)
 .vectors       0x0000000000000000      0x200 Output/Debug/Obj/02drv_openserial/ses_startup_nrf52840.o
                0x0000000000000000                _vectors
                0x0000000000000200                __vectors_end__ = (__vectors_start__ + SIZEOF (.vectors))
                0x0000000000000200                __vectors_size__ = SIZEOF (.vectors)
                0x0000000000000200                __vectors_load_end__ = __vectors_end__
                0x0000000000000001                . = ASSERT (((__vectors_start__ == __vectors_end__) || ((__vectors_end__ - __FLASH1_segment_start__) <= __FLASH1_segment_size__)), error: .vectors is too large to fit in FLASH1 memory segment)
                0x0000000000000200                __init_load_start__ = ALIGN (__vectors_end__, 0x4)

.init           0x0000000000000200      0x1ac
                0x0000000000000200                __init_start__ = .
 *(.init .init.*)
 .init          0x0000000000000200       0x18 Output/Debug/Obj/02drv_openserial/ses_startup_nrf52840.o
                0x0000000000000200                NMI_Handler
                0x0000000000000202                HardFault_Handler
                0x0000000000000204                MemoryManagement_Handler
                0x0000000000000206                BusFault_Handler
                0x0000000000000208                UsageFault_Handler
                0x000000000000020a                SVC_Handler
                0x000000000000020c                DebugMon_Handler
                0x000000000000020e                PendSV_Handler
                0x0000000000000210                SysTick_Handler
                0x0000000000000212                QSPI_IRQHandler
                0x0000000000000212                POWER_CLOCK_IRQHandler
                0x0000000000000212                PDM_IRQHandler
                0x0000000000000212                TEMP_IRQHandler
                0x0000000000000212                QDEC_IRQHandler
                0x0000000000000212                GPIOTE_IRQHandler
                0x0000000000000212                PWM3_IRQHandler
                0x0000000000000212                FPU_IRQHandler
                0x0000000000000212                USBD_IRQHandler
                0x0000000000000212                SPIM0_SPIS0_TWIM0_TWIS0_SPI0_TWI0_IRQHandler
                0x0000000000000212                PWM1_IRQHandler
                0x0000000000000212                TIMER4_IRQHandler
                0x0000000000000212                CRYPTOCELL_IRQHandler
                0x0000000000000212                I2S_IRQHandler
                0x0000000000000212                TIMER3_IRQHandler
                0x0000000000000212                TIMER0_IRQHandler
                0x0000000000000212                UARTE1_IRQHandler
                0x0000000000000212                Dummy_Handler
                0x0000000000000212                TIMER1_IRQHandler
                0x0000000000000212                SPIM3_IRQHandler
                0x0000000000000212                PWM2_IRQHandler
                0x0000000000000212                ECB_IRQHandler
                0x0000000000000212                SPIM1_SPIS1_TWIM1_TWIS1_SPI1_TWI1_IRQHandler
                0x0000000000000212                SAADC_IRQHandler
                0x0000000000000212                CCM_AAR_IRQHandler
                0x0000000000000212                WDT_IRQHandler
                0x0000000000000212                SWI2_EGU2_IRQHandler
                0x0000000000000212                SWI5_EGU5_IRQHandler
                0x0000000000000212                RNG_IRQHandler
                0x0000000000000212                RTC2_IRQHandler
                0x0000000000000212                PWM0_IRQHandler
                0x0000000000000212                SWI3_EGU3_IRQHandler
                0x0000000000000212                RTC1_IRQHandler
                0x0000000000000212                SWI1_EGU1_IRQHandler
                0x0000000000000212                SPIM2_SPIS2_SPI2_IRQHandler
                0x0000000000000212                NFCT_IRQHandler
                0x0000000000000212                SWI4_EGU4_IRQHandler
                0x0000000000000212                MWU_IRQHandler
                0x0000000000000212                TIMER2_IRQHandler
                0x0000000000000212                COMP_LPCOMP_IRQHandler
                0x0000000000000214                nRFInitialize
 .init          0x0000000000000218       0x44 Output/Debug/Obj/02drv_openserial/ses_startup_nrf_common.o
                0x0000000000000218                Reset_Handler
                0x000000000000021c                afterInitialize
 .init          0x000000000000025c      0x150 Output/Debug/Obj/02drv_openserial/thumb_crt0.o
                0x000000000000025c                _start
                0x0000000000000306                exit
                0x00000000000003ac                __init_end__ = (__init_start__ + SIZEOF (.init))
                0x00000000000001ac                __init_size__ = SIZEOF (.init)
                0x00000000000003ac                __init_load_end__ = __init_end__
                0x0000000000000001                . = ASSERT (((__init_start__ == __init_end__) || ((__init_end__ - __FLASH1_segment_start__) <= __FLASH1_segment_size__)), error: .init is too large to fit in FLASH1 memory segment)
                0x00000000000003ac                __init_rodata_load_start__ = ALIGN (__init_end__, 0x4)

.init_rodata    0x00000000000003ac        0x0
                0x00000000000003ac                __init_rodata_start__ = .
 *(.init_rodata .init_rodata.*)
                0x00000000000003ac                __init_rodata_end__ = (__init_rodata_start__ + SIZEOF (.init_rodata))
                0x0000000000000000                __init_rodata_size__ = SIZEOF (.init_rodata)
                0x00000000000003ac                __init_rodata_load_end__ = __init_rodata_end__
                0x0000000000000001                . = ASSERT (((__init_rodata_start__ == __init_rodata_end__) || ((__init_rodata_end__ - __FLASH1_segment_start__) <= __FLASH1_segment_size__)), error: .init_rodata is too large to fit in FLASH1 memory segment)
                0x00000000000003ac                __text_load_start__ = ALIGN (__init_rodata_end__, 0x4)

.text           0x00000000000003ac     0x2bdc
                0x00000000000003ac                __text_start__ = .
 *(.text .text.* .gnu.linkonce.t.* .glue_7t .glue_7 .gcc_except_table .ARM.extab* .gnu.linkonce.armextab.*)
 .glue_7        0x00000000000003ac        0x0 linker stubs
 .glue_7t       0x00000000000003ac        0x0 linker stubs
 .text.mote_main
                0x00000000000003ac       0x60 Output/Debug/Obj/02drv_openserial/02drv_openserial.o
                0x00000000000003ac                mote_main
 .text.cb_compare
                0x000000000000040c       0x20 Output/Debug/Obj/02drv_openserial/02drv_openserial.o
                0x000000000000040c                cb_compare
 .text.idmanager_getMyID
                0x000000000000042c       0x14 Output/Debug/Obj/02drv_openserial/02drv_openserial.o
                0x000000000000042c                idmanager_getMyID
 .text.scheduler_push_task
                0x0000000000000440       0x10 Output/Debug/Obj/02drv_openserial/02drv_openserial.o
                0x0000000000000440                scheduler_push_task
 .text.ieee154e_getAsn
                0x0000000000000450       0x30 Output/Debug/Obj/02drv_openserial/02drv_openserial.o
                0x0000000000000450                ieee154e_getAsn
 .text.idmanager_triggerAboutRoot
                0x0000000000000480        0x4 Output/Debug/Obj/02drv_openserial/02drv_openserial.o
                0x0000000000000480                idmanager_triggerAboutRoot
 .text.g_pcCmdHandler
                0x0000000000000484       0x10 Output/Debug/Obj/02drv_openserial/02drv_openserial.o
                0x0000000000000484                g_pcCmdHandler
 .text.openbridge_triggerData
                0x0000000000000494        0x4 Output/Debug/Obj/02drv_openserial/02drv_openserial.o
                0x0000000000000494                openbridge_triggerData
 .text.debugPrint_isSync
                0x0000000000000498        0x6 Output/Debug/Obj/02drv_openserial/02drv_openserial.o
                0x0000000000000498                debugPrint_isSync
 .text.debugPrint_id
                0x000000000000049e        0x6 Output/Debug/Obj/02drv_openserial/02drv_openserial.o
                0x000000000000049e                debugPrint_id
 .text.debugPrint_kaPeriod
                0x00000000000004a4        0x6 Output/Debug/Obj/02drv_openserial/02drv_openserial.o
                0x00000000000004a4                debugPrint_kaPeriod
 .text.debugPrint_myDAGrank
                0x00000000000004aa        0x6 Output/Debug/Obj/02drv_openserial/02drv_openserial.o
                0x00000000000004aa                debugPrint_myDAGrank
 .text.debugPrint_asn
                0x00000000000004b0        0x6 Output/Debug/Obj/02drv_openserial/02drv_openserial.o
                0x00000000000004b0                debugPrint_asn
 .text.debugPrint_macStats
                0x00000000000004b6        0x6 Output/Debug/Obj/02drv_openserial/02drv_openserial.o
                0x00000000000004b6                debugPrint_macStats
 .text.debugPrint_schedule
                0x00000000000004bc        0x6 Output/Debug/Obj/02drv_openserial/02drv_openserial.o
                0x00000000000004bc                debugPrint_schedule
 .text.debugPrint_backoff
                0x00000000000004c2        0x6 Output/Debug/Obj/02drv_openserial/02drv_openserial.o
                0x00000000000004c2                debugPrint_backoff
 .text.debugPrint_queue
                0x00000000000004c8        0x6 Output/Debug/Obj/02drv_openserial/02drv_openserial.o
                0x00000000000004c8                debugPrint_queue
 .text.debugPrint_neighbors
                0x00000000000004ce        0x6 Output/Debug/Obj/02drv_openserial/02drv_openserial.o
                0x00000000000004ce                debugPrint_neighbors
 .text.debugPrint_joined
                0x00000000000004d4        0x6 Output/Debug/Obj/02drv_openserial/02drv_openserial.o
                0x00000000000004d4                debugPrint_joined
 .text.debugPrint_msf
                0x00000000000004da        0x6 Output/Debug/Obj/02drv_openserial/02drv_openserial.o
                0x00000000000004da                debugPrint_msf
 .text.__NVIC_SystemReset
                0x00000000000004e0       0x28 Output/Debug/Obj/02drv_openserial/board.o
 .text.main     0x0000000000000508        0xc Output/Debug/Obj/02drv_openserial/board.o
                0x0000000000000508                main
 .text.board_init
                0x0000000000000514       0x42 Output/Debug/Obj/02drv_openserial/board.o
                0x0000000000000514                board_init
 .text.board_sleep
                0x0000000000000556        0x8 Output/Debug/Obj/02drv_openserial/board.o
                0x0000000000000556                board_sleep
 .text.board_reset
                0x000000000000055e        0x6 Output/Debug/Obj/02drv_openserial/board.o
                0x000000000000055e                board_reset
 .text.enable_dcdc
                0x0000000000000564       0x30 Output/Debug/Obj/02drv_openserial/board.o
                0x0000000000000564                enable_dcdc
 .text.debugpins_init
                0x0000000000000594       0x4c Output/Debug/Obj/02drv_openserial/debugpins.o
                0x0000000000000594                debugpins_init
 .text.debugpins_task_set
                0x00000000000005e0       0x10 Output/Debug/Obj/02drv_openserial/debugpins.o
                0x00000000000005e0                debugpins_task_set
 .text.debugpins_task_clr
                0x00000000000005f0       0x10 Output/Debug/Obj/02drv_openserial/debugpins.o
                0x00000000000005f0                debugpins_task_clr
 .text.debugpins_isr_set
                0x0000000000000600       0x10 Output/Debug/Obj/02drv_openserial/debugpins.o
                0x0000000000000600                debugpins_isr_set
 .text.debugpins_isr_clr
                0x0000000000000610       0x10 Output/Debug/Obj/02drv_openserial/debugpins.o
                0x0000000000000610                debugpins_isr_clr
 .text.i2c_init
                0x0000000000000620       0x4c Output/Debug/Obj/02drv_openserial/i2c.o
                0x0000000000000620                i2c_init
 .text.nrf_gpio_cfg_input
                0x000000000000066c       0x3c Output/Debug/Obj/02drv_openserial/i2c.o
                0x000000000000066c                nrf_gpio_cfg_input
 .text.leds_init
                0x00000000000006a8       0x3a Output/Debug/Obj/02drv_openserial/leds.o
                0x00000000000006a8                leds_init
 .text.leds_error_off
                0x00000000000006e2       0x10 Output/Debug/Obj/02drv_openserial/leds.o
                0x00000000000006e2                leds_error_off
 .text.leds_error_toggle
                0x00000000000006f2       0x2e Output/Debug/Obj/02drv_openserial/leds.o
                0x00000000000006f2                leds_error_toggle
 .text.leds_sync_off
                0x0000000000000720       0x10 Output/Debug/Obj/02drv_openserial/leds.o
                0x0000000000000720                leds_sync_off
 .text.leds_radio_off
                0x0000000000000730       0x10 Output/Debug/Obj/02drv_openserial/leds.o
                0x0000000000000730                leds_radio_off
 .text.leds_debug_off
                0x0000000000000740       0x10 Output/Debug/Obj/02drv_openserial/leds.o
                0x0000000000000740                leds_debug_off
 .text.leds_all_off
                0x0000000000000750       0x16 Output/Debug/Obj/02drv_openserial/leds.o
                0x0000000000000750                leds_all_off
 *fill*         0x0000000000000766        0x2 
 .text.leds_error_blink
                0x0000000000000768       0x48 Output/Debug/Obj/02drv_openserial/leds.o
                0x0000000000000768                leds_error_blink
 .text.__NVIC_EnableIRQ
                0x00000000000007b0       0x34 Output/Debug/Obj/02drv_openserial/radio.o
 .text.__NVIC_DisableIRQ
                0x00000000000007e4       0x44 Output/Debug/Obj/02drv_openserial/radio.o
 .text.__NVIC_ClearPendingIRQ
                0x0000000000000828       0x38 Output/Debug/Obj/02drv_openserial/radio.o
 .text.__NVIC_SetPriority
                0x0000000000000860       0x50 Output/Debug/Obj/02drv_openserial/radio.o
 .text.radio_init
                0x00000000000008b0      0x120 Output/Debug/Obj/02drv_openserial/radio.o
                0x00000000000008b0                radio_init
 .text.radio_isr
                0x00000000000009d0       0x74 Output/Debug/Obj/02drv_openserial/radio.o
                0x00000000000009d0                radio_isr
 .text.RADIO_IRQHandler
                0x0000000000000a44       0x12 Output/Debug/Obj/02drv_openserial/radio.o
                0x0000000000000a44                RADIO_IRQHandler
 *fill*         0x0000000000000a56        0x2 
 .text.sctimer_init
                0x0000000000000a58       0xb0 Output/Debug/Obj/02drv_openserial/sctimer.o
                0x0000000000000a58                sctimer_init
 .text.sctimer_set_callback
                0x0000000000000b08       0x14 Output/Debug/Obj/02drv_openserial/sctimer.o
                0x0000000000000b08                sctimer_set_callback
 .text.sctimer_setCompare
                0x0000000000000b1c       0x68 Output/Debug/Obj/02drv_openserial/sctimer.o
                0x0000000000000b1c                sctimer_setCompare
 .text.sctimer_readCounter
                0x0000000000000b84       0x10 Output/Debug/Obj/02drv_openserial/sctimer.o
                0x0000000000000b84                sctimer_readCounter
 .text.RTC0_IRQHandler
                0x0000000000000b94       0x38 Output/Debug/Obj/02drv_openserial/sctimer.o
                0x0000000000000b94                RTC0_IRQHandler
 .text.SWI0_EGU0_IRQHandler
                0x0000000000000bcc       0x38 Output/Debug/Obj/02drv_openserial/sctimer.o
                0x0000000000000bcc                SWI0_EGU0_IRQHandler
 .text.nrf52_errata_36
                0x0000000000000c04       0x64 Output/Debug/Obj/02drv_openserial/system_nrf52840.o
 .text.nrf52_errata_66
                0x0000000000000c68       0x64 Output/Debug/Obj/02drv_openserial/system_nrf52840.o
 .text.nrf52_errata_98
                0x0000000000000ccc       0x64 Output/Debug/Obj/02drv_openserial/system_nrf52840.o
 .text.nrf52_errata_103
                0x0000000000000d30       0x64 Output/Debug/Obj/02drv_openserial/system_nrf52840.o
 .text.nrf52_errata_115
                0x0000000000000d94       0x64 Output/Debug/Obj/02drv_openserial/system_nrf52840.o
 .text.nrf52_errata_120
                0x0000000000000df8       0x64 Output/Debug/Obj/02drv_openserial/system_nrf52840.o
 .text.nrf52_errata_136
                0x0000000000000e5c       0x64 Output/Debug/Obj/02drv_openserial/system_nrf52840.o
 .text.nrf52_errata_249
                0x0000000000000ec0       0x64 Output/Debug/Obj/02drv_openserial/system_nrf52840.o
 .text.nrf52_handle_approtect
                0x0000000000000f24       0x20 Output/Debug/Obj/02drv_openserial/system_nrf52840.o
 .text.SystemCoreClockUpdate
                0x0000000000000f44       0x14 Output/Debug/Obj/02drv_openserial/system_nrf52840.o
                0x0000000000000f44                SystemCoreClockUpdate
 .text.SystemInit
                0x0000000000000f58      0x1e4 Output/Debug/Obj/02drv_openserial/system_nrf52840.o
                0x0000000000000f58                SystemInit
 .text.uart_init
                0x000000000000113c       0x90 Output/Debug/Obj/02drv_openserial/uart.o
                0x000000000000113c                uart_init
 .text.uart_setCallbacks
                0x00000000000011cc       0x1c Output/Debug/Obj/02drv_openserial/uart.o
                0x00000000000011cc                uart_setCallbacks
 .text.uart_enableInterrupts
                0x00000000000011e8       0x10 Output/Debug/Obj/02drv_openserial/uart.o
                0x00000000000011e8                uart_enableInterrupts
 .text.uart_setCTS
                0x00000000000011f8       0x2c Output/Debug/Obj/02drv_openserial/uart.o
                0x00000000000011f8                uart_setCTS
 .text.uart_writeByte
                0x0000000000001224       0x54 Output/Debug/Obj/02drv_openserial/uart.o
                0x0000000000001224                uart_writeByte
 .text.uart_readByte
                0x0000000000001278       0x10 Output/Debug/Obj/02drv_openserial/uart.o
                0x0000000000001278                uart_readByte
 .text.UARTE0_UART0_IRQHandler
                0x0000000000001288       0x40 Output/Debug/Obj/02drv_openserial/uart.o
                0x0000000000001288                UARTE0_UART0_IRQHandler
 .text.uart_tx_isr
                0x00000000000012c8       0x44 Output/Debug/Obj/02drv_openserial/uart.o
                0x00000000000012c8                uart_tx_isr
 .text.uart_rx_isr
                0x000000000000130c       0x20 Output/Debug/Obj/02drv_openserial/uart.o
                0x000000000000130c                uart_rx_isr
 .text.crcIteration
                0x000000000000132c       0x38 Output/Debug/Obj/02drv_openserial/openhdlc.o
                0x000000000000132c                crcIteration
 .text.openserial_init
                0x0000000000001364       0xa8 Output/Debug/Obj/02drv_openserial/openserial.o
                0x0000000000001364                openserial_init
 .text.openserial_printStatus
                0x000000000000140c       0x86 Output/Debug/Obj/02drv_openserial/openserial.o
                0x000000000000140c                openserial_printStatus
 *fill*         0x0000000000001492        0x2 
 .text.openserial_printLog
                0x0000000000001494       0xcc Output/Debug/Obj/02drv_openserial/openserial.o
                0x0000000000001494                openserial_printLog
 .text.openserial_printData
                0x0000000000001560       0xb0 Output/Debug/Obj/02drv_openserial/openserial.o
                0x0000000000001560                openserial_printData
 .text.openserial_mysf_printf
                0x0000000000001610      0x1f8 Output/Debug/Obj/02drv_openserial/openserial.o
                0x0000000000001610                openserial_mysf_printf
 .text.task_openserial_debugPrint
                0x0000000000001808      0x158 Output/Debug/Obj/02drv_openserial/openserial.o
                0x0000000000001808                task_openserial_debugPrint
 .text.openserial_flush
                0x0000000000001960       0x84 Output/Debug/Obj/02drv_openserial/openserial.o
                0x0000000000001960                openserial_flush
 .text.debugPrint_outBufferIndexes
                0x00000000000019e4       0x3c Output/Debug/Obj/02drv_openserial/openserial.o
                0x00000000000019e4                debugPrint_outBufferIndexes
 .text.internal_openserial_print
                0x0000000000001a20       0xae Output/Debug/Obj/02drv_openserial/openserial.o
                0x0000000000001a20                internal_openserial_print
 *fill*         0x0000000000001ace        0x2 
 .text.openserial_handleRxFrame
                0x0000000000001ad0       0xa4 Output/Debug/Obj/02drv_openserial/openserial.o
                0x0000000000001ad0                openserial_handleRxFrame
 .text.openserial_handleEcho
                0x0000000000001b74       0x20 Output/Debug/Obj/02drv_openserial/openserial.o
                0x0000000000001b74                openserial_handleEcho
 .text.openserial_debugPrint_timer_cb
                0x0000000000001b94       0x16 Output/Debug/Obj/02drv_openserial/openserial.o
                0x0000000000001b94                openserial_debugPrint_timer_cb
 .text.openserial_board_reset_cb
                0x0000000000001baa       0x16 Output/Debug/Obj/02drv_openserial/openserial.o
                0x0000000000001baa                openserial_board_reset_cb
 .text.outputHdlcOpen
                0x0000000000001bc0       0x38 Output/Debug/Obj/02drv_openserial/openserial.o
                0x0000000000001bc0                outputHdlcOpen
 .text.outputHdlcWrite
                0x0000000000001bf8       0x94 Output/Debug/Obj/02drv_openserial/openserial.o
                0x0000000000001bf8                outputHdlcWrite
 .text.outputHdlcClose
                0x0000000000001c8c       0x60 Output/Debug/Obj/02drv_openserial/openserial.o
                0x0000000000001c8c                outputHdlcClose
 .text.inputHdlcOpen
                0x0000000000001cec       0x1c Output/Debug/Obj/02drv_openserial/openserial.o
                0x0000000000001cec                inputHdlcOpen
 .text.inputHdlcWrite
                0x0000000000001d08       0x84 Output/Debug/Obj/02drv_openserial/openserial.o
                0x0000000000001d08                inputHdlcWrite
 .text.inputHdlcClose
                0x0000000000001d8c       0x30 Output/Debug/Obj/02drv_openserial/openserial.o
                0x0000000000001d8c                inputHdlcClose
 .text.task_printInputBufferOverflow
                0x0000000000001dbc       0x1c Output/Debug/Obj/02drv_openserial/openserial.o
                0x0000000000001dbc                task_printInputBufferOverflow
 .text.task_printWrongCRCInput
                0x0000000000001dd8       0x1c Output/Debug/Obj/02drv_openserial/openserial.o
                0x0000000000001dd8                task_printWrongCRCInput
 .text.isr_openserial_tx
                0x0000000000001df4       0x90 Output/Debug/Obj/02drv_openserial/openserial.o
                0x0000000000001df4                isr_openserial_tx
 .text.isr_openserial_rx
                0x0000000000001e84       0xf0 Output/Debug/Obj/02drv_openserial/openserial.o
                0x0000000000001e84                isr_openserial_rx
 .text.opentimers_create
                0x0000000000001f74       0xe0 Output/Debug/Obj/02drv_openserial/opentimers.o
                0x0000000000001f74                opentimers_create
 .text.opentimers_scheduleIn
                0x0000000000002054      0x2c4 Output/Debug/Obj/02drv_openserial/opentimers.o
                0x0000000000002054                opentimers_scheduleIn
 .text.opentimers_scheduleAbsolute
                0x0000000000002318      0x2b4 Output/Debug/Obj/02drv_openserial/opentimers.o
                0x0000000000002318                opentimers_scheduleAbsolute
 .text.opentimers_getValue
                0x00000000000025cc        0xc Output/Debug/Obj/02drv_openserial/opentimers.o
                0x00000000000025cc                opentimers_getValue
 .text.libc.strlen
                0x00000000000025d8       0x60 C:/Program Files/SEGGER/SEGGER Embedded Studio for ARM 6.30/lib/libc_v7em_fpv4_sp_d16_hard_t_le_eabi_balanced.a(strasmops_arm.o)
                0x00000000000025d8                strlen
 .text.libc.__aeabi_memclr
                0x0000000000002638       0x68 C:/Program Files/SEGGER/SEGGER Embedded Studio for ARM 6.30/lib/libc_v7em_fpv4_sp_d16_hard_t_le_eabi_balanced.a(strasmops_arm.o)
                0x0000000000002638                __aeabi_memclr8
                0x0000000000002638                __aeabi_memclr
                0x0000000000002638                __aeabi_memclr4
                0x000000000000263a                __aeabi_memset4
                0x000000000000263a                __aeabi_memset8
                0x000000000000263a                __aeabi_memset
                0x0000000000002640                memset
 .text.libc.strnlen
                0x00000000000026a0       0x4c C:/Program Files/SEGGER/SEGGER Embedded Studio for ARM 6.30/lib/libc_v7em_fpv4_sp_d16_hard_t_le_eabi_balanced.a(strops.o)
                0x00000000000026a0                strnlen
 .text.libc.__SEGGER_RTL_putc
                0x00000000000026ec       0x90 C:/Program Files/SEGGER/SEGGER Embedded Studio for ARM 6.30/lib/libc_v7em_fpv4_sp_d16_hard_t_le_eabi_balanced.a(prinops.o)
                0x00000000000026ec                __SEGGER_RTL_putc
 .text.libc.__SEGGER_RTL_prin_flush
                0x000000000000277c       0x16 C:/Program Files/SEGGER/SEGGER Embedded Studio for ARM 6.30/lib/libc_v7em_fpv4_sp_d16_hard_t_le_eabi_balanced.a(prinops.o)
                0x000000000000277c                __SEGGER_RTL_prin_flush
 .text.libc.__SEGGER_RTL_print_padding
                0x0000000000002792       0x1e C:/Program Files/SEGGER/SEGGER Embedded Studio for ARM 6.30/lib/libc_v7em_fpv4_sp_d16_hard_t_le_eabi_balanced.a(prinops.o)
                0x0000000000002792                __SEGGER_RTL_print_padding
 .text.libc.__SEGGER_RTL_pre_padding
                0x00000000000027b0       0x12 C:/Program Files/SEGGER/SEGGER Embedded Studio for ARM 6.30/lib/libc_v7em_fpv4_sp_d16_hard_t_le_eabi_balanced.a(prinops.o)
                0x00000000000027b0                __SEGGER_RTL_pre_padding
 .text.libc.__SEGGER_RTL_init_prin
                0x00000000000027c2       0x18 C:/Program Files/SEGGER/SEGGER Embedded Studio for ARM 6.30/lib/libc_v7em_fpv4_sp_d16_hard_t_le_eabi_balanced.a(prinops.o)
                0x00000000000027c2                __SEGGER_RTL_init_prin
 .text.libc.snprintf
                0x00000000000027da       0x32 C:/Program Files/SEGGER/SEGGER Embedded Studio for ARM 6.30/lib/libc_v7em_fpv4_sp_d16_hard_t_le_eabi_balanced.a(prinops.o)
                0x00000000000027da                snprintf
 .text.libc.__SEGGER_RTL_vfprintf_long
                0x000000000000280c      0x570 C:/Program Files/SEGGER/SEGGER Embedded Studio for ARM 6.30/lib/libc_v7em_fpv4_sp_d16_hard_t_le_eabi_balanced.a(__SEGGER_RTL_vfprintf_long.o)
                0x000000000000280c                __SEGGER_RTL_vfprintf_long
 .text.libc.__aeabi_uldivmod
                0x0000000000002d7c      0x130 C:/Program Files/SEGGER/SEGGER Embedded Studio for ARM 6.30/lib/libc_v7em_fpv4_sp_d16_hard_t_le_eabi_balanced.a(intasmops_arm.o)
                0x0000000000002d7c                __aeabi_uldivmod
 .text.libc.__SEGGER_RTL_current_locale
                0x0000000000002eac       0x1a C:/Program Files/SEGGER/SEGGER Embedded Studio for ARM 6.30/lib/libc_v7em_fpv4_sp_d16_hard_t_le_eabi_balanced.a(mbops.o)
                0x0000000000002eac                __SEGGER_RTL_current_locale
 .text.libc.__SEGGER_RTL_ascii_mbtowc
                0x0000000000002ec6       0x2e C:/Program Files/SEGGER/SEGGER Embedded Studio for ARM 6.30/lib/libc_v7em_fpv4_sp_d16_hard_t_le_eabi_balanced.a(mbops.o)
                0x0000000000002ec6                __SEGGER_RTL_ascii_mbtowc
 .text.libc.__SEGGER_RTL_ascii_wctomb
                0x0000000000002ef4        0xe C:/Program Files/SEGGER/SEGGER Embedded Studio for ARM 6.30/lib/libc_v7em_fpv4_sp_d16_hard_t_le_eabi_balanced.a(mbops.o)
                0x0000000000002ef4                __SEGGER_RTL_ascii_wctomb
 .text.libc.__SEGGER_RTL_ascii_isctype
                0x0000000000002f02       0x20 C:/Program Files/SEGGER/SEGGER Embedded Studio for ARM 6.30/lib/libc_v7em_fpv4_sp_d16_hard_t_le_eabi_balanced.a(mbops.o)
 .text.libc.__SEGGER_RTL_ascii_toupper
                0x0000000000002f22        0xc C:/Program Files/SEGGER/SEGGER Embedded Studio for ARM 6.30/lib/libc_v7em_fpv4_sp_d16_hard_t_le_eabi_balanced.a(mbops.o)
 .text.libc.__SEGGER_RTL_ascii_tolower
                0x0000000000002f2e        0xc C:/Program Files/SEGGER/SEGGER Embedded Studio for ARM 6.30/lib/libc_v7em_fpv4_sp_d16_hard_t_le_eabi_balanced.a(mbops.o)
 .text.libc.__SEGGER_RTL_ascii_iswctype
                0x0000000000002f3a       0x20 C:/Program Files/SEGGER/SEGGER Embedded Studio for ARM 6.30/lib/libc_v7em_fpv4_sp_d16_hard_t_le_eabi_balanced.a(mbops.o)
 .text.libc.__SEGGER_RTL_ascii_towupper
                0x0000000000002f5a        0xc C:/Program Files/SEGGER/SEGGER Embedded Studio for ARM 6.30/lib/libc_v7em_fpv4_sp_d16_hard_t_le_eabi_balanced.a(mbops.o)
 .text.libc.__SEGGER_RTL_ascii_towlower
                0x0000000000002f66        0xc C:/Program Files/SEGGER/SEGGER Embedded Studio for ARM 6.30/lib/libc_v7em_fpv4_sp_d16_hard_t_le_eabi_balanced.a(mbops.o)
 *fill*         0x0000000000002f72        0x2 
 .text.__SEGGER_RTL_init_heap
                0x0000000000002f74       0x14 C:/Program Files/SEGGER/SEGGER Embedded Studio for ARM 6.30/lib/heapops_basic_v7em_little.a(heapops_basic.o)
                0x0000000000002f74                __SEGGER_RTL_init_heap
                0x0000000000002f88                . = ALIGN (MAX ((__text_start__ + 0x4), .), 0x4)
                0x0000000000002f88                __text_end__ = (__text_start__ + SIZEOF (.text))
                0x0000000000002bdc                __text_size__ = SIZEOF (.text)
                0x0000000000002f88                __text_load_end__ = __text_end__

.vfp11_veneer   0x0000000100000000        0x0
 .vfp11_veneer  0x0000000100000000        0x0 linker stubs

.v4_bx          0x0000000100000000        0x0
 .v4_bx         0x0000000100000000        0x0 linker stubs

.iplt           0x0000000100000000        0x0
 .iplt          0x0000000100000000        0x0 Output/Debug/Obj/02drv_openserial/02drv_openserial.o
                0x0000000000000001                . = ASSERT (((__text_start__ == __text_end__) || ((__text_end__ - __FLASH1_segment_start__) <= __FLASH1_segment_size__)), error: .text is too large to fit in FLASH1 memory segment)
                0x0000000000002f88                __log_const_data_load_start__ = ALIGN (__text_end__, 0x4)

.log_const_data
                0x0000000000002f88        0x0
                0x0000000000002f88                __log_const_data_start__ = .
                0x0000000000002f88                __start_log_const_data = __log_const_data_start__
 *(SORT_BY_NAME(.log_const_data*))
                0x0000000000002f88                __log_const_data_end__ = (__log_const_data_start__ + SIZEOF (.log_const_data))
                0x0000000000000000                __log_const_data_size__ = SIZEOF (.log_const_data)
                0x0000000000002f88                __stop_log_const_data = __log_const_data_end__
                0x0000000000002f88                __log_const_data_load_end__ = __log_const_data_end__
                0x0000000000000001                . = ASSERT (((__log_const_data_start__ == __log_const_data_end__) || ((__log_const_data_end__ - __FLASH1_segment_start__) <= __FLASH1_segment_size__)), error: .log_const_data is too large to fit in FLASH1 memory segment)
                0x0000000000002f88                __log_backends_load_start__ = ALIGN (__log_const_data_end__, 0x4)

.log_backends   0x0000000000002f88        0x0
                0x0000000000002f88                __log_backends_start__ = .
                0x0000000000002f88                __start_log_backends = __log_backends_start__
 *(SORT_BY_NAME(.log_backends*))
                0x0000000000002f88                __log_backends_end__ = (__log_backends_start__ + SIZEOF (.log_backends))
                0x0000000000000000                __log_backends_size__ = SIZEOF (.log_backends)
                0x0000000000002f88                __stop_log_backends = __log_backends_end__
                0x0000000000002f88                __log_backends_load_end__ = __log_backends_end__
                0x0000000000000001                . = ASSERT (((__log_backends_start__ == __log_backends_end__) || ((__log_backends_end__ - __FLASH1_segment_start__) <= __FLASH1_segment_size__)), error: .log_backends is too large to fit in FLASH1 memory segment)
                0x0000000000002f88                __nrf_balloc_load_start__ = ALIGN (__log_backends_end__, 0x4)

.nrf_balloc     0x0000000000002f88        0x0
                0x0000000000002f88                __nrf_balloc_start__ = .
                0x0000000000002f88                __start_nrf_balloc = __nrf_balloc_start__
 *(.nrf_balloc*)
                0x0000000000002f88                __nrf_balloc_end__ = (__nrf_balloc_start__ + SIZEOF (.nrf_balloc))
                0x0000000000000000                __nrf_balloc_size__ = SIZEOF (.nrf_balloc)
                0x0000000000002f88                __stop_nrf_balloc = __nrf_balloc_end__
                0x0000000000002f88                __nrf_balloc_load_end__ = __nrf_balloc_end__
                0x0000000000000001                . = ASSERT (((__nrf_balloc_start__ == __nrf_balloc_end__) || ((__nrf_balloc_end__ - __FLASH1_segment_start__) <= __FLASH1_segment_size__)), error: .nrf_balloc is too large to fit in FLASH1 memory segment)
                0x0000000000002f88                __nrf_sections_load_start__ = ALIGN (__nrf_balloc_end__, 0x4)

.nrf_sections   0x0000000000002f88        0x0
                0x0000000000002f88                __nrf_sections_start__ = .
                0x0000000000002f88                __start_nrf_sections = __nrf_sections_start__
 *(.nrf_sections .nrf_sections.*)
                0x0000000000002f88                __nrf_sections_end__ = (__nrf_sections_start__ + SIZEOF (.nrf_sections))
                0x0000000000000000                __nrf_sections_size__ = SIZEOF (.nrf_sections)
                0x0000000000002f88                __nrf_sections_load_end__ = __nrf_sections_end__
                0x0000000000000001                . = ASSERT (((__nrf_sections_start__ == __nrf_sections_end__) || ((__nrf_sections_end__ - __FLASH1_segment_start__) <= __FLASH1_segment_size__)), error: .nrf_sections is too large to fit in FLASH1 memory segment)
                0x0000000000002f88                __log_dynamic_data_load_start__ = ALIGN (__nrf_sections_end__, 0x4)

.log_dynamic_data
                0x0000000020000000        0x0 load address 0x0000000000002f88
                0x0000000020000000                __log_dynamic_data_start__ = .
 *(SORT_BY_NAME(.log_dynamic_data*))
                0x0000000020000000                __log_dynamic_data_end__ = (__log_dynamic_data_start__ + SIZEOF (.log_dynamic_data))
                0x0000000000000000                __log_dynamic_data_size__ = SIZEOF (.log_dynamic_data)
                0x0000000000002f88                __log_dynamic_data_load_end__ = (__log_dynamic_data_load_start__ + SIZEOF (.log_dynamic_data))
                0x0000000000000001                . = ASSERT (((__log_dynamic_data_load_start__ == __log_dynamic_data_load_end__) || ((__log_dynamic_data_load_end__ - __FLASH1_segment_start__) <= __FLASH1_segment_size__)), error: .log_dynamic_data is too large to fit in FLASH1 memory segment)

.log_dynamic_data_run
                0x0000000020000000        0x0
                0x0000000020000000                __log_dynamic_data_run_start__ = .
                0x0000000020000000                __start_log_dynamic_data = __log_dynamic_data_run_start__
                0x0000000020000000                __log_dynamic_data_run_end__ = (__log_dynamic_data_run_start__ + SIZEOF (.log_dynamic_data))
                0x0000000000000000                __log_dynamic_data_run_size__ = (__log_dynamic_data_run_end__ - __log_dynamic_data_run_start__)
                0x0000000020000000                __stop_log_dynamic_data = __log_dynamic_data_run_end__
                0x0000000020000000                __log_dynamic_data_run_load_end__ = __log_dynamic_data_run_end__
                0x0000000000000001                . = ASSERT (((__log_dynamic_data_run_start__ == __log_dynamic_data_run_end__) || ((__log_dynamic_data_run_end__ - __RAM1_segment_start__) <= __RAM1_segment_size__)), error: .log_dynamic_data_run is too large to fit in RAM1 memory segment)
                0x0000000000002f88                __log_filter_data_load_start__ = ALIGN ((__log_dynamic_data_load_start__ + SIZEOF (.log_dynamic_data)), 0x4)

.log_filter_data
                0x0000000020000000        0x0 load address 0x0000000000002f88
                0x0000000020000000                __log_filter_data_start__ = .
 *(SORT_BY_NAME(.log_filter_data*))
                0x0000000020000000                __log_filter_data_end__ = (__log_filter_data_start__ + SIZEOF (.log_filter_data))
                0x0000000000000000                __log_filter_data_size__ = SIZEOF (.log_filter_data)
                0x0000000000002f88                __log_filter_data_load_end__ = (__log_filter_data_load_start__ + SIZEOF (.log_filter_data))
                0x0000000000000001                . = ASSERT (((__log_filter_data_load_start__ == __log_filter_data_load_end__) || ((__log_filter_data_load_end__ - __FLASH1_segment_start__) <= __FLASH1_segment_size__)), error: .log_filter_data is too large to fit in FLASH1 memory segment)

.log_filter_data_run
                0x0000000020000000        0x0
                0x0000000020000000                __log_filter_data_run_start__ = .
                0x0000000020000000                __start_log_filter_data = __log_filter_data_run_start__
                0x0000000020000000                __log_filter_data_run_end__ = (__log_filter_data_run_start__ + SIZEOF (.log_filter_data))
                0x0000000000000000                __log_filter_data_run_size__ = (__log_filter_data_run_end__ - __log_filter_data_run_start__)
                0x0000000020000000                __stop_log_filter_data = __log_filter_data_run_end__
                0x0000000020000000                __log_filter_data_run_load_end__ = __log_filter_data_run_end__
                0x0000000000000001                . = ASSERT (((__log_filter_data_run_start__ == __log_filter_data_run_end__) || ((__log_filter_data_run_end__ - __RAM1_segment_start__) <= __RAM1_segment_size__)), error: .log_filter_data_run is too large to fit in RAM1 memory segment)
                0x0000000020000000                __nrf_sections_run_end_load_start__ = ALIGN (__log_filter_data_run_end__, 0x4)

.nrf_sections_run_end
                0x0000000020000000        0x0
                0x0000000020000000                __nrf_sections_run_end_start__ = .
                0x0000000020000000                __end_nrf_sections_run = __nrf_sections_run_end_start__
 *(.nrf_sections_run_end .nrf_sections_run_end.*)
                0x0000000020000000                __nrf_sections_run_end_end__ = (__nrf_sections_run_end_start__ + SIZEOF (.nrf_sections_run_end))
                0x0000000000000000                __nrf_sections_run_end_size__ = SIZEOF (.nrf_sections_run_end)
                0x0000000020000000                __nrf_sections_run_end_load_end__ = __nrf_sections_run_end_end__
                0x0000000000000001                . = ASSERT (((__nrf_sections_run_end_start__ == __nrf_sections_run_end_end__) || ((__nrf_sections_run_end_end__ - __RAM1_segment_start__) <= __RAM1_segment_size__)), error: .nrf_sections_run_end is too large to fit in RAM1 memory segment)
                0x0000000000002f88                __dtors_load_start__ = ALIGN ((__log_filter_data_load_start__ + SIZEOF (.log_filter_data)), 0x4)

.dtors          0x0000000000002f88        0x0
                0x0000000000002f88                __dtors_start__ = .
 *(SORT_BY_NAME(.dtors.*))
 *(.dtors)
 *(.fini_array)
 *(SORT_BY_NAME(.fini_array.*))
                0x0000000000002f88                __dtors_end__ = (__dtors_start__ + SIZEOF (.dtors))
                0x0000000000000000                __dtors_size__ = SIZEOF (.dtors)
                0x0000000000002f88                __dtors_load_end__ = __dtors_end__
                0x0000000000000001                . = ASSERT (((__dtors_start__ == __dtors_end__) || ((__dtors_end__ - __FLASH1_segment_start__) <= __FLASH1_segment_size__)), error: .dtors is too large to fit in FLASH1 memory segment)
                0x0000000000002f88                __ctors_load_start__ = ALIGN (__dtors_end__, 0x4)

.ctors          0x0000000000002f88        0x0
                0x0000000000002f88                __ctors_start__ = .
 *(SORT_BY_NAME(.ctors.*))
 *(.ctors)
 *(.init_array)
 *(SORT_BY_NAME(.init_array.*))
                0x0000000000002f88                __ctors_end__ = (__ctors_start__ + SIZEOF (.ctors))
                0x0000000000000000                __ctors_size__ = SIZEOF (.ctors)
                0x0000000000002f88                __ctors_load_end__ = __ctors_end__
                0x0000000000000001                . = ASSERT (((__ctors_start__ == __ctors_end__) || ((__ctors_end__ - __FLASH1_segment_start__) <= __FLASH1_segment_size__)), error: .ctors is too large to fit in FLASH1 memory segment)
                0x0000000000002f88                __rodata_load_start__ = ALIGN (__ctors_end__, 0x4)

.rodata         0x0000000000002f88      0x47c
                0x0000000000002f88                __rodata_start__ = .
 *(.rodata .rodata.* .gnu.linkonce.r.*)
 .rodata        0x0000000000002f88        0x3 Output/Debug/Obj/02drv_openserial/02drv_openserial.o
 *fill*         0x0000000000002f8b        0x1 
 .rodata.fcstab
                0x0000000000002f8c      0x200 Output/Debug/Obj/02drv_openserial/openhdlc.o
 .rodata        0x000000000000318c       0x2b Output/Debug/Obj/02drv_openserial/openserial.o
 .rodata.libc.__SEGGER_RTL_hex_uc
                0x00000000000031b7       0x10 C:/Program Files/SEGGER/SEGGER Embedded Studio for ARM 6.30/lib/libc_v7em_fpv4_sp_d16_hard_t_le_eabi_balanced.a(prinops.o)
                0x00000000000031b7                __SEGGER_RTL_hex_uc
 .rodata.libc.__SEGGER_RTL_hex_lc
                0x00000000000031c7       0x10 C:/Program Files/SEGGER/SEGGER Embedded Studio for ARM 6.30/lib/libc_v7em_fpv4_sp_d16_hard_t_le_eabi_balanced.a(prinops.o)
                0x00000000000031c7                __SEGGER_RTL_hex_lc
 .rodata.libc..L.str
                0x00000000000031d7        0x7 C:/Program Files/SEGGER/SEGGER Embedded Studio for ARM 6.30/lib/libc_v7em_fpv4_sp_d16_hard_t_le_eabi_balanced.a(__SEGGER_RTL_vfprintf_long.o)
 *fill*         0x00000000000031de        0x2 
 .rodata.libc.__SEGGER_RTL_c_locale
                0x00000000000031e0        0xc C:/Program Files/SEGGER/SEGGER Embedded Studio for ARM 6.30/lib/libc_v7em_fpv4_sp_d16_hard_t_le_eabi_balanced.a(mbops.o)
                0x00000000000031e0                __SEGGER_RTL_c_locale
 .rodata.libc..L.str
                0x00000000000031ec        0x2 C:/Program Files/SEGGER/SEGGER Embedded Studio for ARM 6.30/lib/libc_v7em_fpv4_sp_d16_hard_t_le_eabi_balanced.a(mbops.o)
 *fill*         0x00000000000031ee        0x2 
 .rodata.libc.__SEGGER_RTL_codeset_ascii
                0x00000000000031f0       0x20 C:/Program Files/SEGGER/SEGGER Embedded Studio for ARM 6.30/lib/libc_v7em_fpv4_sp_d16_hard_t_le_eabi_balanced.a(mbops.o)
                0x00000000000031f0                __SEGGER_RTL_codeset_ascii
 .rodata.libc.__SEGGER_RTL_c_locale_abbrev_day_names
                0x0000000000003210       0x1d C:/Program Files/SEGGER/SEGGER Embedded Studio for ARM 6.30/lib/libc_v7em_fpv4_sp_d16_hard_t_le_eabi_balanced.a(mbops.o)
                0x0000000000003210                __SEGGER_RTL_c_locale_abbrev_day_names
 .rodata.libc.__SEGGER_RTL_c_locale_abbrev_month_names
                0x000000000000322d       0x31 C:/Program Files/SEGGER/SEGGER Embedded Studio for ARM 6.30/lib/libc_v7em_fpv4_sp_d16_hard_t_le_eabi_balanced.a(mbops.o)
                0x000000000000322d                __SEGGER_RTL_c_locale_abbrev_month_names
 .rodata.libc.__SEGGER_RTL_data_utf8_period
                0x000000000000325e        0x2 C:/Program Files/SEGGER/SEGGER Embedded Studio for ARM 6.30/lib/libc_v7em_fpv4_sp_d16_hard_t_le_eabi_balanced.a(mbops.o)
                0x000000000000325e                __SEGGER_RTL_data_utf8_period
 .rodata.libc.__SEGGER_RTL_data_empty_string
                0x0000000000003260        0x1 C:/Program Files/SEGGER/SEGGER Embedded Studio for ARM 6.30/lib/libc_v7em_fpv4_sp_d16_hard_t_le_eabi_balanced.a(mbops.o)
                0x0000000000003260                __SEGGER_RTL_data_empty_string
 .rodata.libc.__SEGGER_RTL_c_locale_day_names
                0x0000000000003261       0x3a C:/Program Files/SEGGER/SEGGER Embedded Studio for ARM 6.30/lib/libc_v7em_fpv4_sp_d16_hard_t_le_eabi_balanced.a(mbops.o)
 .rodata.libc.__SEGGER_RTL_c_locale_month_names
                0x000000000000329b       0x57 C:/Program Files/SEGGER/SEGGER Embedded Studio for ARM 6.30/lib/libc_v7em_fpv4_sp_d16_hard_t_le_eabi_balanced.a(mbops.o)
 .rodata.libc.__SEGGER_RTL_c_locale_am_pm_indicator
                0x00000000000032f2        0x7 C:/Program Files/SEGGER/SEGGER Embedded Studio for ARM 6.30/lib/libc_v7em_fpv4_sp_d16_hard_t_le_eabi_balanced.a(mbops.o)
 .rodata.libc.__SEGGER_RTL_c_locale_date_format
                0x00000000000032f9        0x9 C:/Program Files/SEGGER/SEGGER Embedded Studio for ARM 6.30/lib/libc_v7em_fpv4_sp_d16_hard_t_le_eabi_balanced.a(mbops.o)
 .rodata.libc.__SEGGER_RTL_c_locale_time_format
                0x0000000000003302        0x9 C:/Program Files/SEGGER/SEGGER Embedded Studio for ARM 6.30/lib/libc_v7em_fpv4_sp_d16_hard_t_le_eabi_balanced.a(mbops.o)
 .rodata.libc.__SEGGER_RTL_c_locale_date_time_format
                0x000000000000330b        0xf C:/Program Files/SEGGER/SEGGER Embedded Studio for ARM 6.30/lib/libc_v7em_fpv4_sp_d16_hard_t_le_eabi_balanced.a(mbops.o)
 *fill*         0x000000000000331a        0x2 
 .rodata.libc.__SEGGER_RTL_c_locale_data
                0x000000000000331c       0x58 C:/Program Files/SEGGER/SEGGER Embedded Studio for ARM 6.30/lib/libc_v7em_fpv4_sp_d16_hard_t_le_eabi_balanced.a(mbops.o)
                0x000000000000331c                __SEGGER_RTL_c_locale_data
 .rodata.libc.__SEGGER_RTL_ascii_ctype_map
                0x0000000000003374       0x80 C:/Program Files/SEGGER/SEGGER Embedded Studio for ARM 6.30/lib/libc_v7em_fpv4_sp_d16_hard_t_le_eabi_balanced.a(mbops.o)
 .rodata.libc.__SEGGER_RTL_ascii_ctype_mask
                0x00000000000033f4        0xd C:/Program Files/SEGGER/SEGGER Embedded Studio for ARM 6.30/lib/libc_v7em_fpv4_sp_d16_hard_t_le_eabi_balanced.a(mbops.o)
                0x0000000000003404                . = ALIGN (MAX ((__rodata_start__ + 0x4), .), 0x4)
 *fill*         0x0000000000003401        0x3 
                0x0000000000003404                __rodata_end__ = (__rodata_start__ + SIZEOF (.rodata))
                0x000000000000047c                __rodata_size__ = SIZEOF (.rodata)
                0x0000000000003404                __rodata_load_end__ = __rodata_end__

.rel.dyn        0x0000000000003404        0x0
 .rel.iplt      0x0000000000003404        0x0 Output/Debug/Obj/02drv_openserial/02drv_openserial.o
                0x0000000000000001                . = ASSERT (((__rodata_start__ == __rodata_end__) || ((__rodata_end__ - __FLASH1_segment_start__) <= __FLASH1_segment_size__)), error: .rodata is too large to fit in FLASH1 memory segment)
                0x0000000000003404                __ARM.exidx_load_start__ = ALIGN (__rodata_end__, 0x4)

.ARM.exidx      0x0000000000003404        0x0
                0x0000000000003404                __ARM.exidx_start__ = .
                0x0000000000003404                __exidx_start = __ARM.exidx_start__
 *(.ARM.exidx .ARM.exidx.*)
                0x0000000000003404                __ARM.exidx_end__ = (__ARM.exidx_start__ + SIZEOF (.ARM.exidx))
                0x0000000000000000                __ARM.exidx_size__ = SIZEOF (.ARM.exidx)
                0x0000000000003404                __exidx_end = __ARM.exidx_end__
                0x0000000000003404                __ARM.exidx_load_end__ = __ARM.exidx_end__
                0x0000000000000001                . = ASSERT (((__ARM.exidx_start__ == __ARM.exidx_end__) || ((__ARM.exidx_end__ - __FLASH1_segment_start__) <= __FLASH1_segment_size__)), error: .ARM.exidx is too large to fit in FLASH1 memory segment)
                0x0000000000003404                __fast_load_start__ = ALIGN (__ARM.exidx_end__, 0x4)

.fast           0x0000000020000000        0x0 load address 0x0000000000003404
                0x0000000020000000                __fast_start__ = .
 *(.fast .fast.*)
                0x0000000020000000                __fast_end__ = (__fast_start__ + SIZEOF (.fast))
                0x0000000000000000                __fast_size__ = SIZEOF (.fast)
                0x0000000000003404                __fast_load_end__ = (__fast_load_start__ + SIZEOF (.fast))
                0x0000000000000001                . = ASSERT (((__fast_load_start__ == __fast_load_end__) || ((__fast_load_end__ - __FLASH1_segment_start__) <= __FLASH1_segment_size__)), error: .fast is too large to fit in FLASH1 memory segment)

.fast_run       0x0000000020000000        0x0
                0x0000000020000000                __fast_run_start__ = .
                0x0000000020000000                __fast_run_end__ = (__fast_run_start__ + SIZEOF (.fast))
                0x0000000000000000                __fast_run_size__ = (__fast_run_end__ - __fast_run_start__)
                0x0000000020000000                __fast_run_load_end__ = __fast_run_end__
                0x0000000000000001                . = ASSERT (((__fast_run_start__ == __fast_run_end__) || ((__fast_run_end__ - __RAM1_segment_start__) <= __RAM1_segment_size__)), error: .fast_run is too large to fit in RAM1 memory segment)
                0x0000000000003404                __data_load_start__ = ALIGN ((__fast_load_start__ + SIZEOF (.fast)), 0x4)

.data           0x0000000020000000       0x2c load address 0x0000000000003404
                0x0000000020000000                __data_start__ = .
 *(.data .data.* .gnu.linkonce.d.*)
 .data.stringToPrint
                0x0000000020000000       0x13 Output/Debug/Obj/02drv_openserial/02drv_openserial.o
 *fill*         0x0000000020000013        0x1 
 .data.SystemCoreClock
                0x0000000020000014        0x4 Output/Debug/Obj/02drv_openserial/system_nrf52840.o
                0x0000000020000014                SystemCoreClock
 .data.libc.__SEGGER_RTL_global_locale
                0x0000000020000018       0x14 C:/Program Files/SEGGER/SEGGER Embedded Studio for ARM 6.30/lib/libc_v7em_fpv4_sp_d16_hard_t_le_eabi_balanced.a(mbops.o)
                0x0000000020000018                __SEGGER_RTL_global_locale
                0x0000000020000018                __RAL_global_locale
                0x000000002000002c                __data_end__ = (__data_start__ + SIZEOF (.data))
                0x000000000000002c                __data_size__ = SIZEOF (.data)
                0x0000000000003430                __data_load_end__ = (__data_load_start__ + SIZEOF (.data))

.igot.plt       0x0000000100000000        0x0
 .igot.plt      0x0000000100000000        0x0 Output/Debug/Obj/02drv_openserial/02drv_openserial.o
                0x0000000000000001                . = ASSERT (((__data_load_start__ == __data_load_end__) || ((__data_load_end__ - __FLASH1_segment_start__) <= __FLASH1_segment_size__)), error: .data is too large to fit in FLASH1 memory segment)

.data_run       0x0000000020000000        0x0
                0x0000000020000000                __data_run_start__ = .
                0x000000002000002c                __data_run_end__ = (__data_run_start__ + SIZEOF (.data))
                0x000000000000002c                __data_run_size__ = (__data_run_end__ - __data_run_start__)
                0x000000002000002c                __data_run_load_end__ = __data_run_end__
                0x0000000000000001                . = ASSERT (((__data_run_start__ == __data_run_end__) || ((__data_run_end__ - __RAM1_segment_start__) <= __RAM1_segment_size__)), error: .data_run is too large to fit in RAM1 memory segment)
                0x0000000000003430                __tdata_load_start__ = ALIGN ((__data_load_start__ + SIZEOF (.data)), 0x4)

.tdata          0x000000002000002c        0x0 load address 0x0000000000003430
                0x000000002000002c                __tdata_start__ = .
 *(.tdata .tdata.*)
                0x000000002000002c                __tdata_end__ = (__tdata_start__ + SIZEOF (.tdata))
                0x0000000000000000                __tdata_size__ = SIZEOF (.tdata)
                0x0000000000003430                __tdata_load_end__ = (__tdata_load_start__ + SIZEOF (.tdata))
                0x0000000000003430                __FLASH1_segment_used_end__ = (ALIGN ((__data_load_start__ + SIZEOF (.data)), 0x4) + SIZEOF (.tdata))
                0x0000000000003430                __FLASH1_segment_used_size__ = (__FLASH1_segment_used_end__ - __FLASH1_segment_start__)
                0x0000000000000001                . = ASSERT (((__tdata_load_start__ == __tdata_load_end__) || ((__tdata_load_end__ - __FLASH1_segment_start__) <= __FLASH1_segment_size__)), error: .tdata is too large to fit in FLASH1 memory segment)

.tdata_run      0x000000002000002c        0x0
                0x000000002000002c                __tdata_run_start__ = .
                0x000000002000002c                __tdata_run_end__ = (__tdata_run_start__ + SIZEOF (.tdata))
                0x0000000000000000                __tdata_run_size__ = (__tdata_run_end__ - __tdata_run_start__)
                0x000000002000002c                __tdata_run_load_end__ = __tdata_run_end__
                0x0000000000000001                . = ASSERT (((__tdata_run_start__ == __tdata_run_end__) || ((__tdata_run_end__ - __RAM1_segment_start__) <= __RAM1_segment_size__)), error: .tdata_run is too large to fit in RAM1 memory segment)
                0x000000002000002c                __bss_load_start__ = ALIGN (__tdata_run_end__, 0x4)

.bss            0x000000002000002c      0x758
                0x000000002000002c                __bss_start__ = .
 *(.bss .bss.* .gnu.linkonce.b.*)
 .bss.app_vars  0x000000002000002c       0x13 Output/Debug/Obj/02drv_openserial/02drv_openserial.o
                0x000000002000002c                app_vars
 *fill*         0x000000002000003f        0x1 
 .bss.radio_vars
                0x0000000020000040       0x98 Output/Debug/Obj/02drv_openserial/radio.o
 .bss.sctimer_vars
                0x00000000200000d8        0x8 Output/Debug/Obj/02drv_openserial/sctimer.o
                0x00000000200000d8                sctimer_vars
 .bss.uart_vars
                0x00000000200000e0        0xc Output/Debug/Obj/02drv_openserial/uart.o
                0x00000000200000e0                uart_vars
 .bss.openserial_vars
                0x00000000200000ec      0x4dc Output/Debug/Obj/02drv_openserial/openserial.o
                0x00000000200000ec                openserial_vars
 .bss.opentimers_vars
                0x00000000200005c8      0x1b4 Output/Debug/Obj/02drv_openserial/opentimers.o
                0x00000000200005c8                opentimers_vars
 .bss.libc.__SEGGER_RTL_locale_ptr
                0x000000002000077c        0x4 C:/Program Files/SEGGER/SEGGER Embedded Studio for ARM 6.30/lib/libc_v7em_fpv4_sp_d16_hard_t_le_eabi_balanced.a(mbops.o)
                0x000000002000077c                __SEGGER_RTL_locale_ptr
 .bss.__SEGGER_RTL_heap_globals
                0x0000000020000780        0x4 C:/Program Files/SEGGER/SEGGER Embedded Studio for ARM 6.30/lib/heapops_basic_v7em_little.a(heapops_basic.o)
 *(COMMON)
                0x0000000020000784                __bss_end__ = (__bss_start__ + SIZEOF (.bss))
                0x0000000000000758                __bss_size__ = SIZEOF (.bss)
                0x0000000020000784                __bss_load_end__ = __bss_end__
                0x0000000000000001                . = ASSERT (((__bss_start__ == __bss_end__) || ((__bss_end__ - __RAM1_segment_start__) <= __RAM1_segment_size__)), error: .bss is too large to fit in RAM1 memory segment)
                0x0000000020000784                __tbss_load_start__ = ALIGN (__bss_end__, 0x4)

.tbss           0x0000000020000784        0x0
                0x0000000020000784                __tbss_start__ = .
 *(.tbss .tbss.*)
                0x0000000020000784                __tbss_end__ = (__tbss_start__ + SIZEOF (.tbss))
                0x0000000000000000                __tbss_size__ = SIZEOF (.tbss)
                0x0000000020000784                __tbss_load_end__ = __tbss_end__
                0x0000000000000001                . = ASSERT (((__tbss_start__ == __tbss_end__) || ((__tbss_end__ - __RAM1_segment_start__) <= __RAM1_segment_size__)), error: .tbss is too large to fit in RAM1 memory segment)
                0x0000000020000784                __non_init_load_start__ = ALIGN (__tbss_end__, 0x4)

.non_init       0x0000000020000784        0x0
                0x0000000020000784                __non_init_start__ = .
 *(.non_init .non_init.*)
                0x0000000020000784                __non_init_end__ = (__non_init_start__ + SIZEOF (.non_init))
                0x0000000000000000                __non_init_size__ = SIZEOF (.non_init)
                0x0000000020000784                __non_init_load_end__ = __non_init_end__
                0x0000000000000001                . = ASSERT (((__non_init_start__ == __non_init_end__) || ((__non_init_end__ - __RAM1_segment_start__) <= __RAM1_segment_size__)), error: .non_init is too large to fit in RAM1 memory segment)
                0x0000000020000784                __heap_load_start__ = ALIGN (__non_init_end__, 0x4)

.heap           0x0000000020000784     0x2000
                0x0000000020000784                __heap_start__ = .
 *(.heap .heap.*)
                0x0000000020002784                . = ALIGN (MAX ((__heap_start__ + __HEAPSIZE__), .), 0x4)
 *fill*         0x0000000020000784     0x2000 
                0x0000000020002784                __heap_end__ = (__heap_start__ + SIZEOF (.heap))
                0x0000000000002000                __heap_size__ = SIZEOF (.heap)
                0x0000000020002784                __heap_load_end__ = __heap_end__
                0x0000000000000001                . = ASSERT (((__heap_start__ == __heap_end__) || ((__heap_end__ - __RAM1_segment_start__) <= __RAM1_segment_size__)), error: .heap is too large to fit in RAM1 memory segment)
                0x000000002003e000                __stack_load_start__ = (__RAM1_segment_start__ + (__RAM1_segment_size__ - 0x2000))

.stack          0x000000002003e000     0x2000
                0x000000002003e000                __stack_start__ = .
                0x000000002003e000                __StackLimit = __stack_start__
 *(.stack .stack.*)
                0x0000000020040000                . = ALIGN (MAX ((__stack_start__ + __STACKSIZE__), .), 0x8)
 *fill*         0x000000002003e000     0x2000 
                0x0000000020040000                __stack_end__ = (__stack_start__ + SIZEOF (.stack))
                0x0000000000002000                __stack_size__ = SIZEOF (.stack)
                0x0000000020040000                __StackTop = __stack_end__
                0x0000000020040000                __stack_load_end__ = __stack_end__
                0x0000000000000001                . = ASSERT (((__stack_start__ == __stack_end__) || ((__stack_end__ - __RAM1_segment_start__) <= __RAM1_segment_size__)), error: .stack is too large to fit in RAM1 memory segment)
                0x0000000000000001                . = ASSERT ((__heap_end__ <= __stack_start__), error: section .heap overlaps absolute placed section .stack)
                0x0000000020040000                __stack_process_load_start__ = ALIGN (__stack_end__, 0x8)

.stack_process  0x0000000020040000        0x0
                0x0000000020040000                __stack_process_start__ = .
 *(.stack_process .stack_process.*)
                0x0000000020040000                . = ALIGN (MAX ((__stack_process_start__ + __STACKSIZE_PROCESS__), .), 0x8)
                0x0000000020040000                __stack_process_end__ = (__stack_process_start__ + SIZEOF (.stack_process))
                0x0000000000000000                __stack_process_size__ = SIZEOF (.stack_process)
                0x0000000020040000                __stack_process_load_end__ = __stack_process_end__
                0x0000000020040000                __RAM1_segment_used_end__ = (ALIGN (__stack_end__, 0x8) + SIZEOF (.stack_process))
                0x0000000000040000                __RAM1_segment_used_size__ = (__RAM1_segment_used_end__ - __RAM1_segment_start__)
                0x0000000000000001                . = ASSERT (((__stack_process_start__ == __stack_process_end__) || ((__stack_process_end__ - __RAM1_segment_start__) <= __RAM1_segment_size__)), error: .stack_process is too large to fit in RAM1 memory segment)
START GROUP
LOAD Output/Debug/Obj/02drv_openserial/02drv_openserial.o
LOAD Output/Debug/Obj/02drv_openserial/adc.o
LOAD Output/Debug/Obj/02drv_openserial/board.o
LOAD Output/Debug/Obj/02drv_openserial/cryptoengine.o
LOAD Output/Debug/Obj/02drv_openserial/debugpins.o
LOAD Output/Debug/Obj/02drv_openserial/eui64.o
LOAD Output/Debug/Obj/02drv_openserial/i2c.o
LOAD Output/Debug/Obj/02drv_openserial/leds.o
LOAD Output/Debug/Obj/02drv_openserial/radio.o
LOAD Output/Debug/Obj/02drv_openserial/sctimer.o
LOAD Output/Debug/Obj/02drv_openserial/ses_startup_nrf52840.o
LOAD Output/Debug/Obj/02drv_openserial/ses_startup_nrf_common.o
LOAD Output/Debug/Obj/02drv_openserial/system_nrf52840.o
LOAD Output/Debug/Obj/02drv_openserial/thumb_crt0.o
LOAD Output/Debug/Obj/02drv_openserial/sensors.o
LOAD Output/Debug/Obj/02drv_openserial/spi.o
LOAD Output/Debug/Obj/02drv_openserial/uart.o
LOAD Output/Debug/Obj/02drv_openserial/aes128.o
LOAD Output/Debug/Obj/02drv_openserial/ccms.o
LOAD Output/Debug/Obj/02drv_openserial/hkdf.o
LOAD Output/Debug/Obj/02drv_openserial/hmac.o
LOAD Output/Debug/Obj/02drv_openserial/sha224-256.o
LOAD Output/Debug/Obj/02drv_openserial/usha.o
LOAD Output/Debug/Obj/02drv_openserial/openhdlc.o
LOAD Output/Debug/Obj/02drv_openserial/opensensors.o
LOAD Output/Debug/Obj/02drv_openserial/openserial.o
LOAD Output/Debug/Obj/02drv_openserial/opentimers.o
LOAD C:/Users/16603/AppData/Local/SEGGER/SEGGER Embedded Studio/v3/packages/libraries/libcxx/lib/libcxx_noexcept_v7em_fpv4_sp_d16_hard_t_le_eabi_balanced.a
LOAD C:/Program Files/SEGGER/SEGGER Embedded Studio for ARM 6.30/lib/libc_v7em_fpv4_sp_d16_hard_t_le_eabi_balanced.a
LOAD C:/Program Files/SEGGER/SEGGER Embedded Studio for ARM 6.30/lib/heapops_basic_v7em_little.a
END GROUP
OUTPUT(C:/Users/16603/Desktop/HKUSTGZ/IOTA5109-WSN/openwsnProj/mywsn/projects/nrf52840_dk/Output/Debug/Exe/02drv_openserial.elf elf32-littlearm)
LOAD linker stubs

.debug_frame    0x0000000000000000     0x334c
 .debug_frame   0x0000000000000000      0x448 Output/Debug/Obj/02drv_openserial/02drv_openserial.o
 .debug_frame   0x0000000000000448       0xa4 Output/Debug/Obj/02drv_openserial/board.o
 .debug_frame   0x00000000000004ec      0x140 Output/Debug/Obj/02drv_openserial/debugpins.o
 .debug_frame   0x000000000000062c       0xd0 Output/Debug/Obj/02drv_openserial/i2c.o
 .debug_frame   0x00000000000006fc      0x1f0 Output/Debug/Obj/02drv_openserial/leds.o
 .debug_frame   0x00000000000008ec      0x370 Output/Debug/Obj/02drv_openserial/radio.o
 .debug_frame   0x0000000000000c5c       0xd4 Output/Debug/Obj/02drv_openserial/sctimer.o
 .debug_frame   0x0000000000000d30     0x1ef0 Output/Debug/Obj/02drv_openserial/system_nrf52840.o
 .debug_frame   0x0000000000002c20      0x120 Output/Debug/Obj/02drv_openserial/uart.o
 .debug_frame   0x0000000000002d40       0x30 Output/Debug/Obj/02drv_openserial/openhdlc.o
 .debug_frame   0x0000000000002d70      0x460 Output/Debug/Obj/02drv_openserial/openserial.o
 .debug_frame   0x00000000000031d0      0x17c Output/Debug/Obj/02drv_openserial/opentimers.o

.debug_info     0x0000000000000000     0xb1d4
 .debug_info    0x0000000000000000      0x950 Output/Debug/Obj/02drv_openserial/02drv_openserial.o
 .debug_info    0x0000000000000950      0xa28 Output/Debug/Obj/02drv_openserial/board.o
 .debug_info    0x0000000000001378      0x382 Output/Debug/Obj/02drv_openserial/debugpins.o
 .debug_info    0x00000000000016fa      0x81d Output/Debug/Obj/02drv_openserial/i2c.o
 .debug_info    0x0000000000001f17      0x44e Output/Debug/Obj/02drv_openserial/leds.o
 .debug_info    0x0000000000002365     0x1728 Output/Debug/Obj/02drv_openserial/radio.o
 .debug_info    0x0000000000003a8d      0xaac Output/Debug/Obj/02drv_openserial/sctimer.o
 .debug_info    0x0000000000004539       0x23 Output/Debug/Obj/02drv_openserial/ses_startup_nrf52840.o
 .debug_info    0x000000000000455c       0x23 Output/Debug/Obj/02drv_openserial/ses_startup_nrf_common.o
 .debug_info    0x000000000000457f     0x45a4 Output/Debug/Obj/02drv_openserial/system_nrf52840.o
 .debug_info    0x0000000000008b23       0x22 Output/Debug/Obj/02drv_openserial/thumb_crt0.o
 .debug_info    0x0000000000008b45      0x9f8 Output/Debug/Obj/02drv_openserial/uart.o
 .debug_info    0x000000000000953d      0x180 Output/Debug/Obj/02drv_openserial/openhdlc.o
 .debug_info    0x00000000000096bd     0x13ba Output/Debug/Obj/02drv_openserial/openserial.o
 .debug_info    0x000000000000aa77      0x75d Output/Debug/Obj/02drv_openserial/opentimers.o

.debug_abbrev   0x0000000000000000     0x194a
 .debug_abbrev  0x0000000000000000      0x24d Output/Debug/Obj/02drv_openserial/02drv_openserial.o
 .debug_abbrev  0x000000000000024d      0x1b4 Output/Debug/Obj/02drv_openserial/board.o
 .debug_abbrev  0x0000000000000401       0xe4 Output/Debug/Obj/02drv_openserial/debugpins.o
 .debug_abbrev  0x00000000000004e5      0x1a9 Output/Debug/Obj/02drv_openserial/i2c.o
 .debug_abbrev  0x000000000000068e      0x163 Output/Debug/Obj/02drv_openserial/leds.o
 .debug_abbrev  0x00000000000007f1      0x373 Output/Debug/Obj/02drv_openserial/radio.o
 .debug_abbrev  0x0000000000000b64      0x1f8 Output/Debug/Obj/02drv_openserial/sctimer.o
 .debug_abbrev  0x0000000000000d5c       0x14 Output/Debug/Obj/02drv_openserial/ses_startup_nrf52840.o
 .debug_abbrev  0x0000000000000d70       0x14 Output/Debug/Obj/02drv_openserial/ses_startup_nrf_common.o
 .debug_abbrev  0x0000000000000d84      0x235 Output/Debug/Obj/02drv_openserial/system_nrf52840.o
 .debug_abbrev  0x0000000000000fb9       0x12 Output/Debug/Obj/02drv_openserial/thumb_crt0.o
 .debug_abbrev  0x0000000000000fcb      0x22c Output/Debug/Obj/02drv_openserial/uart.o
 .debug_abbrev  0x00000000000011f7       0xa7 Output/Debug/Obj/02drv_openserial/openhdlc.o
 .debug_abbrev  0x000000000000129e      0x3c2 Output/Debug/Obj/02drv_openserial/openserial.o
 .debug_abbrev  0x0000000000001660      0x2ea Output/Debug/Obj/02drv_openserial/opentimers.o

.debug_pubnames
                0x0000000000000000     0x5800
 .debug_pubnames
                0x0000000000000000      0x5a7 Output/Debug/Obj/02drv_openserial/02drv_openserial.o
 .debug_pubnames
                0x00000000000005a7      0x12a Output/Debug/Obj/02drv_openserial/board.o
 .debug_pubnames
                0x00000000000006d1      0x21a Output/Debug/Obj/02drv_openserial/debugpins.o
 .debug_pubnames
                0x00000000000008eb       0xd0 Output/Debug/Obj/02drv_openserial/i2c.o
 .debug_pubnames
                0x00000000000009bb      0x212 Output/Debug/Obj/02drv_openserial/leds.o
 .debug_pubnames
                0x0000000000000bcd      0x8c4 Output/Debug/Obj/02drv_openserial/radio.o
 .debug_pubnames
                0x0000000000001491      0x4f4 Output/Debug/Obj/02drv_openserial/sctimer.o
 .debug_pubnames
                0x0000000000001985     0x1ebe Output/Debug/Obj/02drv_openserial/system_nrf52840.o
 .debug_pubnames
                0x0000000000003843      0x564 Output/Debug/Obj/02drv_openserial/uart.o
 .debug_pubnames
                0x0000000000003da7       0x85 Output/Debug/Obj/02drv_openserial/openhdlc.o
 .debug_pubnames
                0x0000000000003e2c     0x1752 Output/Debug/Obj/02drv_openserial/openserial.o
 .debug_pubnames
                0x000000000000557e      0x282 Output/Debug/Obj/02drv_openserial/opentimers.o

.debug_pubtypes
                0x0000000000000000      0xf2a
 .debug_pubtypes
                0x0000000000000000      0x15e Output/Debug/Obj/02drv_openserial/02drv_openserial.o
 .debug_pubtypes
                0x000000000000015e      0x111 Output/Debug/Obj/02drv_openserial/board.o
 .debug_pubtypes
                0x000000000000026f       0xd3 Output/Debug/Obj/02drv_openserial/debugpins.o
 .debug_pubtypes
                0x0000000000000342      0x127 Output/Debug/Obj/02drv_openserial/i2c.o
 .debug_pubtypes
                0x0000000000000469       0xd3 Output/Debug/Obj/02drv_openserial/leds.o
 .debug_pubtypes
                0x000000000000053c      0x1af Output/Debug/Obj/02drv_openserial/radio.o
 .debug_pubtypes
                0x00000000000006eb      0x132 Output/Debug/Obj/02drv_openserial/sctimer.o
 .debug_pubtypes
                0x000000000000081d      0x1db Output/Debug/Obj/02drv_openserial/system_nrf52840.o
 .debug_pubtypes
                0x00000000000009f8      0x156 Output/Debug/Obj/02drv_openserial/uart.o
 .debug_pubtypes
                0x0000000000000b4e       0xc1 Output/Debug/Obj/02drv_openserial/openhdlc.o
 .debug_pubtypes
                0x0000000000000c0f      0x1ba Output/Debug/Obj/02drv_openserial/openserial.o
 .debug_pubtypes
                0x0000000000000dc9      0x161 Output/Debug/Obj/02drv_openserial/opentimers.o

.debug_aranges  0x0000000000000000     0x1390
 .debug_aranges
                0x0000000000000000      0x178 Output/Debug/Obj/02drv_openserial/02drv_openserial.o
 .debug_aranges
                0x0000000000000178       0x48 Output/Debug/Obj/02drv_openserial/board.o
 .debug_aranges
                0x00000000000001c0       0xb0 Output/Debug/Obj/02drv_openserial/debugpins.o
 .debug_aranges
                0x0000000000000270       0x40 Output/Debug/Obj/02drv_openserial/i2c.o
 .debug_aranges
                0x00000000000002b0       0xd0 Output/Debug/Obj/02drv_openserial/leds.o
 .debug_aranges
                0x0000000000000380      0x100 Output/Debug/Obj/02drv_openserial/radio.o
 .debug_aranges
                0x0000000000000480       0x58 Output/Debug/Obj/02drv_openserial/sctimer.o
 .debug_aranges
                0x00000000000004d8       0x20 Output/Debug/Obj/02drv_openserial/ses_startup_nrf52840.o
 .debug_aranges
                0x00000000000004f8       0x20 Output/Debug/Obj/02drv_openserial/ses_startup_nrf_common.o
 .debug_aranges
                0x0000000000000518      0xc28 Output/Debug/Obj/02drv_openserial/system_nrf52840.o
 .debug_aranges
                0x0000000000001140       0x50 Output/Debug/Obj/02drv_openserial/thumb_crt0.o
 .debug_aranges
                0x0000000000001190       0x70 Output/Debug/Obj/02drv_openserial/uart.o
 .debug_aranges
                0x0000000000001200       0x20 Output/Debug/Obj/02drv_openserial/openhdlc.o
 .debug_aranges
                0x0000000000001220      0x100 Output/Debug/Obj/02drv_openserial/openserial.o
 .debug_aranges
                0x0000000000001320       0x70 Output/Debug/Obj/02drv_openserial/opentimers.o

.debug_ranges   0x0000000000000000     0x1288
 .debug_ranges  0x0000000000000000      0x168 Output/Debug/Obj/02drv_openserial/02drv_openserial.o
 .debug_ranges  0x0000000000000168       0x38 Output/Debug/Obj/02drv_openserial/board.o
 .debug_ranges  0x00000000000001a0       0xa0 Output/Debug/Obj/02drv_openserial/debugpins.o
 .debug_ranges  0x0000000000000240       0x30 Output/Debug/Obj/02drv_openserial/i2c.o
 .debug_ranges  0x0000000000000270       0xc0 Output/Debug/Obj/02drv_openserial/leds.o
 .debug_ranges  0x0000000000000330       0xf0 Output/Debug/Obj/02drv_openserial/radio.o
 .debug_ranges  0x0000000000000420       0x48 Output/Debug/Obj/02drv_openserial/sctimer.o
 .debug_ranges  0x0000000000000468      0xc18 Output/Debug/Obj/02drv_openserial/system_nrf52840.o
 .debug_ranges  0x0000000000001080       0x48 Output/Debug/Obj/02drv_openserial/thumb_crt0.o
 .debug_ranges  0x00000000000010c8       0x60 Output/Debug/Obj/02drv_openserial/uart.o
 .debug_ranges  0x0000000000001128       0x10 Output/Debug/Obj/02drv_openserial/openhdlc.o
 .debug_ranges  0x0000000000001138       0xf0 Output/Debug/Obj/02drv_openserial/openserial.o
 .debug_ranges  0x0000000000001228       0x60 Output/Debug/Obj/02drv_openserial/opentimers.o

.debug_macro    0x0000000000000000     0x6614
 .debug_macro   0x0000000000000000      0x130 Output/Debug/Obj/02drv_openserial/02drv_openserial.o
 .debug_macro   0x0000000000000130      0xb44 Output/Debug/Obj/02drv_openserial/02drv_openserial.o
 .debug_macro   0x0000000000000c74      0x25d Output/Debug/Obj/02drv_openserial/02drv_openserial.o
 .debug_macro   0x0000000000000ed1      0x26e Output/Debug/Obj/02drv_openserial/02drv_openserial.o
 .debug_macro   0x000000000000113f       0x1c Output/Debug/Obj/02drv_openserial/02drv_openserial.o
 .debug_macro   0x000000000000115b      0x174 Output/Debug/Obj/02drv_openserial/02drv_openserial.o
 .debug_macro   0x00000000000012cf       0x64 Output/Debug/Obj/02drv_openserial/02drv_openserial.o
 .debug_macro   0x0000000000001333       0xfb Output/Debug/Obj/02drv_openserial/02drv_openserial.o
 .debug_macro   0x000000000000142e       0xa2 Output/Debug/Obj/02drv_openserial/02drv_openserial.o
 .debug_macro   0x00000000000014d0       0x2e Output/Debug/Obj/02drv_openserial/02drv_openserial.o
 .debug_macro   0x00000000000014fe       0x16 Output/Debug/Obj/02drv_openserial/02drv_openserial.o
 .debug_macro   0x0000000000001514       0x1c Output/Debug/Obj/02drv_openserial/02drv_openserial.o
 .debug_macro   0x0000000000001530       0xfd Output/Debug/Obj/02drv_openserial/02drv_openserial.o
 .debug_macro   0x000000000000162d       0x34 Output/Debug/Obj/02drv_openserial/02drv_openserial.o
 .debug_macro   0x0000000000001661       0x40 Output/Debug/Obj/02drv_openserial/02drv_openserial.o
 .debug_macro   0x00000000000016a1       0x94 Output/Debug/Obj/02drv_openserial/02drv_openserial.o
 .debug_macro   0x0000000000001735      0x14a Output/Debug/Obj/02drv_openserial/board.o
 .debug_macro   0x000000000000187f       0x3b Output/Debug/Obj/02drv_openserial/board.o
 .debug_macro   0x00000000000018ba       0x1c Output/Debug/Obj/02drv_openserial/board.o
 .debug_macro   0x00000000000018d6       0x22 Output/Debug/Obj/02drv_openserial/board.o
 .debug_macro   0x00000000000018f8     0x1011 Output/Debug/Obj/02drv_openserial/board.o
 .debug_macro   0x0000000000002909      0x11f Output/Debug/Obj/02drv_openserial/board.o
 .debug_macro   0x0000000000002a28      0x410 Output/Debug/Obj/02drv_openserial/board.o
 .debug_macro   0x0000000000002e38       0x22 Output/Debug/Obj/02drv_openserial/board.o
 .debug_macro   0x0000000000002e5a       0x10 Output/Debug/Obj/02drv_openserial/board.o
 .debug_macro   0x0000000000002e6a       0x22 Output/Debug/Obj/02drv_openserial/board.o
 .debug_macro   0x0000000000002e8c      0x115 Output/Debug/Obj/02drv_openserial/debugpins.o
 .debug_macro   0x0000000000002fa1      0x176 Output/Debug/Obj/02drv_openserial/i2c.o
 .debug_macro   0x0000000000003117      0x11b Output/Debug/Obj/02drv_openserial/leds.o
 .debug_macro   0x0000000000003232       0x22 Output/Debug/Obj/02drv_openserial/leds.o
 .debug_macro   0x0000000000003254      0x1b1 Output/Debug/Obj/02drv_openserial/radio.o
 .debug_macro   0x0000000000003405      0x13e Output/Debug/Obj/02drv_openserial/sctimer.o
 .debug_macro   0x0000000000003543      0x164 Output/Debug/Obj/02drv_openserial/system_nrf52840.o
 .debug_macro   0x00000000000036a7       0x22 Output/Debug/Obj/02drv_openserial/system_nrf52840.o
 .debug_macro   0x00000000000036c9      0xa65 Output/Debug/Obj/02drv_openserial/system_nrf52840.o
 .debug_macro   0x000000000000412e       0x96 Output/Debug/Obj/02drv_openserial/system_nrf52840.o
 .debug_macro   0x00000000000041c4       0x40 Output/Debug/Obj/02drv_openserial/system_nrf52840.o
 .debug_macro   0x0000000000004204      0x462 Output/Debug/Obj/02drv_openserial/system_nrf52840.o
 .debug_macro   0x0000000000004666      0x44e Output/Debug/Obj/02drv_openserial/system_nrf52840.o
 .debug_macro   0x0000000000004ab4      0xa28 Output/Debug/Obj/02drv_openserial/system_nrf52840.o
 .debug_macro   0x00000000000054dc      0x520 Output/Debug/Obj/02drv_openserial/system_nrf52840.o
 .debug_macro   0x00000000000059fc      0x164 Output/Debug/Obj/02drv_openserial/system_nrf52840.o
 .debug_macro   0x0000000000005b60       0x10 Output/Debug/Obj/02drv_openserial/system_nrf52840.o
 .debug_macro   0x0000000000005b70      0x171 Output/Debug/Obj/02drv_openserial/uart.o
 .debug_macro   0x0000000000005ce1       0xd4 Output/Debug/Obj/02drv_openserial/openhdlc.o
 .debug_macro   0x0000000000005db5       0x22 Output/Debug/Obj/02drv_openserial/openhdlc.o
 .debug_macro   0x0000000000005dd7      0x1d9 Output/Debug/Obj/02drv_openserial/openserial.o
 .debug_macro   0x0000000000005fb0       0x1c Output/Debug/Obj/02drv_openserial/openserial.o
 .debug_macro   0x0000000000005fcc       0x58 Output/Debug/Obj/02drv_openserial/openserial.o
 .debug_macro   0x0000000000006024       0x10 Output/Debug/Obj/02drv_openserial/openserial.o
 .debug_macro   0x0000000000006034       0x4c Output/Debug/Obj/02drv_openserial/openserial.o
 .debug_macro   0x0000000000006080       0x52 Output/Debug/Obj/02drv_openserial/openserial.o
 .debug_macro   0x00000000000060d2      0x1c7 Output/Debug/Obj/02drv_openserial/openserial.o
 .debug_macro   0x0000000000006299       0xca Output/Debug/Obj/02drv_openserial/openserial.o
 .debug_macro   0x0000000000006363       0x46 Output/Debug/Obj/02drv_openserial/openserial.o
 .debug_macro   0x00000000000063a9       0xb2 Output/Debug/Obj/02drv_openserial/openserial.o
 .debug_macro   0x000000000000645b       0x1c Output/Debug/Obj/02drv_openserial/openserial.o
 .debug_macro   0x0000000000006477       0x22 Output/Debug/Obj/02drv_openserial/openserial.o
 .debug_macro   0x0000000000006499       0x10 Output/Debug/Obj/02drv_openserial/openserial.o
 .debug_macro   0x00000000000064a9       0x28 Output/Debug/Obj/02drv_openserial/openserial.o
 .debug_macro   0x00000000000064d1       0x40 Output/Debug/Obj/02drv_openserial/openserial.o
 .debug_macro   0x0000000000006511      0x103 Output/Debug/Obj/02drv_openserial/opentimers.o

.debug_line     0x0000000000000000     0x83a3
 .debug_line    0x0000000000000000      0x71e Output/Debug/Obj/02drv_openserial/02drv_openserial.o
 .debug_line    0x000000000000071e      0x40b Output/Debug/Obj/02drv_openserial/board.o
 .debug_line    0x0000000000000b29      0x50d Output/Debug/Obj/02drv_openserial/debugpins.o
 .debug_line    0x0000000000001036      0x4b5 Output/Debug/Obj/02drv_openserial/i2c.o
 .debug_line    0x00000000000014eb      0x5bf Output/Debug/Obj/02drv_openserial/leds.o
 .debug_line    0x0000000000001aaa      0x95b Output/Debug/Obj/02drv_openserial/radio.o
 .debug_line    0x0000000000002405      0x487 Output/Debug/Obj/02drv_openserial/sctimer.o
 .debug_line    0x000000000000288c       0xae Output/Debug/Obj/02drv_openserial/ses_startup_nrf52840.o
 .debug_line    0x000000000000293a       0xbe Output/Debug/Obj/02drv_openserial/ses_startup_nrf_common.o
 .debug_line    0x00000000000029f8     0x3a70 Output/Debug/Obj/02drv_openserial/system_nrf52840.o
 .debug_line    0x0000000000006468      0x18e Output/Debug/Obj/02drv_openserial/thumb_crt0.o
 .debug_line    0x00000000000065f6      0x4e4 Output/Debug/Obj/02drv_openserial/uart.o
 .debug_line    0x0000000000006ada      0x2ac Output/Debug/Obj/02drv_openserial/openhdlc.o
 .debug_line    0x0000000000006d86      0xd7e Output/Debug/Obj/02drv_openserial/openserial.o
 .debug_line    0x0000000000007b04      0x89f Output/Debug/Obj/02drv_openserial/opentimers.o

.debug_str      0x0000000000000000    0x86ab3
 .debug_str     0x0000000000000000     0x71ce Output/Debug/Obj/02drv_openserial/02drv_openserial.o
                                       0x7284 (size before relaxing)
 .debug_str     0x00000000000071ce     0x8003 Output/Debug/Obj/02drv_openserial/board.o
                                       0xe0a4 (size before relaxing)
 .debug_str     0x000000000000f1d1      0x2c4 Output/Debug/Obj/02drv_openserial/debugpins.o
                                       0xdd97 (size before relaxing)
 .debug_str     0x000000000000f495    0x64e2c Output/Debug/Obj/02drv_openserial/i2c.o
                                      0x73de9 (size before relaxing)
 .debug_str     0x00000000000742c1      0x2ab Output/Debug/Obj/02drv_openserial/leds.o
                                       0xdda0 (size before relaxing)
 .debug_str     0x000000000007456c      0xbaa Output/Debug/Obj/02drv_openserial/radio.o
                                      0x7447c (size before relaxing)
 .debug_str     0x0000000000075116      0x1a5 Output/Debug/Obj/02drv_openserial/sctimer.o
                                       0xe30e (size before relaxing)
 .debug_str     0x00000000000752bb       0x7c Output/Debug/Obj/02drv_openserial/ses_startup_nrf52840.o
                                         0xcf (size before relaxing)
 .debug_str     0x0000000000075337       0x72 Output/Debug/Obj/02drv_openserial/ses_startup_nrf_common.o
                                         0xd1 (size before relaxing)
 .debug_str     0x00000000000753a9     0xe4c0 Output/Debug/Obj/02drv_openserial/system_nrf52840.o
                                      0x81970 (size before relaxing)
 .debug_str     0x0000000000083869       0x66 Output/Debug/Obj/02drv_openserial/thumb_crt0.o
                                         0xc5 (size before relaxing)
 .debug_str     0x00000000000838cf      0x328 Output/Debug/Obj/02drv_openserial/uart.o
                                      0x73c81 (size before relaxing)
 .debug_str     0x0000000000083bf7       0xd8 Output/Debug/Obj/02drv_openserial/openhdlc.o
                                       0x65da (size before relaxing)
 .debug_str     0x0000000000083ccf     0x2c02 Output/Debug/Obj/02drv_openserial/openserial.o
                                       0x9adc (size before relaxing)
 .debug_str     0x00000000000868d1      0x1e2 Output/Debug/Obj/02drv_openserial/opentimers.o
                                       0x6b35 (size before relaxing)

.comment        0x0000000000000000       0x6c
 .comment       0x0000000000000000       0x35 Output/Debug/Obj/02drv_openserial/02drv_openserial.o
                                         0x36 (size before relaxing)
 .comment       0x0000000000000035       0x36 Output/Debug/Obj/02drv_openserial/board.o
 .comment       0x0000000000000035       0x36 Output/Debug/Obj/02drv_openserial/debugpins.o
 .comment       0x0000000000000035       0x36 Output/Debug/Obj/02drv_openserial/i2c.o
 .comment       0x0000000000000035       0x36 Output/Debug/Obj/02drv_openserial/leds.o
 .comment       0x0000000000000035       0x36 Output/Debug/Obj/02drv_openserial/radio.o
 .comment       0x0000000000000035       0x36 Output/Debug/Obj/02drv_openserial/sctimer.o
 .comment       0x0000000000000035       0x36 Output/Debug/Obj/02drv_openserial/system_nrf52840.o
 .comment       0x0000000000000035       0x36 Output/Debug/Obj/02drv_openserial/uart.o
 .comment       0x0000000000000035       0x36 Output/Debug/Obj/02drv_openserial/openhdlc.o
 .comment       0x0000000000000035       0x36 Output/Debug/Obj/02drv_openserial/openserial.o
 .comment       0x0000000000000035       0x36 Output/Debug/Obj/02drv_openserial/opentimers.o
 .comment       0x0000000000000035       0x37 C:/Program Files/SEGGER/SEGGER Embedded Studio for ARM 6.30/lib/libc_v7em_fpv4_sp_d16_hard_t_le_eabi_balanced.a(strops.o)
                                         0x38 (size before relaxing)
 .comment       0x000000000000006c       0x38 C:/Program Files/SEGGER/SEGGER Embedded Studio for ARM 6.30/lib/libc_v7em_fpv4_sp_d16_hard_t_le_eabi_balanced.a(prinops.o)
 .comment       0x000000000000006c       0x38 C:/Program Files/SEGGER/SEGGER Embedded Studio for ARM 6.30/lib/libc_v7em_fpv4_sp_d16_hard_t_le_eabi_balanced.a(__SEGGER_RTL_vfprintf_long.o)
 .comment       0x000000000000006c       0x38 C:/Program Files/SEGGER/SEGGER Embedded Studio for ARM 6.30/lib/libc_v7em_fpv4_sp_d16_hard_t_le_eabi_balanced.a(mbops.o)
 .comment       0x000000000000006c       0x36 C:/Program Files/SEGGER/SEGGER Embedded Studio for ARM 6.30/lib/heapops_basic_v7em_little.a(heapops_basic.o)

.ARM.attributes
                0x0000000000000000       0x38
 .ARM.attributes
                0x0000000000000000       0x36 Output/Debug/Obj/02drv_openserial/02drv_openserial.o
 .ARM.attributes
                0x0000000000000036       0x36 Output/Debug/Obj/02drv_openserial/board.o
 .ARM.attributes
                0x000000000000006c       0x36 Output/Debug/Obj/02drv_openserial/debugpins.o
 .ARM.attributes
                0x00000000000000a2       0x36 Output/Debug/Obj/02drv_openserial/i2c.o
 .ARM.attributes
                0x00000000000000d8       0x36 Output/Debug/Obj/02drv_openserial/leds.o
 .ARM.attributes
                0x000000000000010e       0x36 Output/Debug/Obj/02drv_openserial/radio.o
 .ARM.attributes
                0x0000000000000144       0x36 Output/Debug/Obj/02drv_openserial/sctimer.o
 .ARM.attributes
                0x000000000000017a       0x20 Output/Debug/Obj/02drv_openserial/ses_startup_nrf52840.o
 .ARM.attributes
                0x000000000000019a       0x20 Output/Debug/Obj/02drv_openserial/ses_startup_nrf_common.o
 .ARM.attributes
                0x00000000000001ba       0x36 Output/Debug/Obj/02drv_openserial/system_nrf52840.o
 .ARM.attributes
                0x00000000000001f0       0x20 Output/Debug/Obj/02drv_openserial/thumb_crt0.o
 .ARM.attributes
                0x0000000000000210       0x36 Output/Debug/Obj/02drv_openserial/uart.o
 .ARM.attributes
                0x0000000000000246       0x36 Output/Debug/Obj/02drv_openserial/openhdlc.o
 .ARM.attributes
                0x000000000000027c       0x36 Output/Debug/Obj/02drv_openserial/openserial.o
 .ARM.attributes
                0x00000000000002b2       0x36 Output/Debug/Obj/02drv_openserial/opentimers.o
 .ARM.attributes
                0x00000000000002e8       0x20 C:/Program Files/SEGGER/SEGGER Embedded Studio for ARM 6.30/lib/libc_v7em_fpv4_sp_d16_hard_t_le_eabi_balanced.a(strasmops_arm.o)
 .ARM.attributes
                0x0000000000000308       0x3e C:/Program Files/SEGGER/SEGGER Embedded Studio for ARM 6.30/lib/libc_v7em_fpv4_sp_d16_hard_t_le_eabi_balanced.a(strops.o)
 .ARM.attributes
                0x0000000000000346       0x3e C:/Program Files/SEGGER/SEGGER Embedded Studio for ARM 6.30/lib/libc_v7em_fpv4_sp_d16_hard_t_le_eabi_balanced.a(prinops.o)
 .ARM.attributes
                0x0000000000000384       0x3e C:/Program Files/SEGGER/SEGGER Embedded Studio for ARM 6.30/lib/libc_v7em_fpv4_sp_d16_hard_t_le_eabi_balanced.a(__SEGGER_RTL_vfprintf_long.o)
 .ARM.attributes
                0x00000000000003c2       0x20 C:/Program Files/SEGGER/SEGGER Embedded Studio for ARM 6.30/lib/libc_v7em_fpv4_sp_d16_hard_t_le_eabi_balanced.a(intasmops_arm.o)
 .ARM.attributes
                0x00000000000003e2       0x3e C:/Program Files/SEGGER/SEGGER Embedded Studio for ARM 6.30/lib/libc_v7em_fpv4_sp_d16_hard_t_le_eabi_balanced.a(mbops.o)

.note.GNU-stack
                0x0000000000000000        0x0
 .note.GNU-stack
                0x0000000000000000        0x0 C:/Program Files/SEGGER/SEGGER Embedded Studio for ARM 6.30/lib/libc_v7em_fpv4_sp_d16_hard_t_le_eabi_balanced.a(strops.o)
 .note.GNU-stack
                0x0000000000000000        0x0 C:/Program Files/SEGGER/SEGGER Embedded Studio for ARM 6.30/lib/libc_v7em_fpv4_sp_d16_hard_t_le_eabi_balanced.a(prinops.o)
 .note.GNU-stack
                0x0000000000000000        0x0 C:/Program Files/SEGGER/SEGGER Embedded Studio for ARM 6.30/lib/libc_v7em_fpv4_sp_d16_hard_t_le_eabi_balanced.a(__SEGGER_RTL_vfprintf_long.o)
 .note.GNU-stack
                0x0000000000000000        0x0 C:/Program Files/SEGGER/SEGGER Embedded Studio for ARM 6.30/lib/libc_v7em_fpv4_sp_d16_hard_t_le_eabi_balanced.a(mbops.o)