Archive member included to satisfy reference by file (symbol)

C:/Program Files/SEGGER/SEGGER Embedded Studio for ARM 6.30/lib/libc_v7em_fpv4_sp_d16_hard_t_le_eabi_balanced.a(strasmops_arm.o)
                              Output/Debug/Obj/05oos_rootest/i2c.o (memcpy)
C:/Program Files/SEGGER/SEGGER Embedded Studio for ARM 6.30/lib/libc_v7em_fpv4_sp_d16_hard_t_le_eabi_balanced.a(strops.o)
                              Output/Debug/Obj/05oos_rootest/ccms.o (memcmp)
C:/Program Files/SEGGER/SEGGER Embedded Studio for ARM 6.30/lib/libc_v7em_fpv4_sp_d16_hard_t_le_eabi_balanced.a(prinops.o)
                              Output/Debug/Obj/05oos_rootest/openserial.o (snprintf)
C:/Program Files/SEGGER/SEGGER Embedded Studio for ARM 6.30/lib/libc_v7em_fpv4_sp_d16_hard_t_le_eabi_balanced.a(__SEGGER_RTL_vfprintf_long.o)
                              (__SEGGER_RTL_vfprintf_long)
C:/Program Files/SEGGER/SEGGER Embedded Studio for ARM 6.30/lib/libc_v7em_fpv4_sp_d16_hard_t_le_eabi_balanced.a(__SEGGER_RTL_vfscanf_long.o)
                              (__SEGGER_RTL_vfscanf_long)
C:/Program Files/SEGGER/SEGGER Embedded Studio for ARM 6.30/lib/libc_v7em_fpv4_sp_d16_hard_t_le_eabi_balanced.a(fileops.o)
                              C:/Program Files/SEGGER/SEGGER Embedded Studio for ARM 6.30/lib/libc_v7em_fpv4_sp_d16_hard_t_le_eabi_balanced.a(prinops.o) (fwrite)
C:/Program Files/SEGGER/SEGGER Embedded Studio for ARM 6.30/lib/libc_v7em_fpv4_sp_d16_hard_t_le_eabi_balanced.a(heapops.o)
                              C:/Program Files/SEGGER/SEGGER Embedded Studio for ARM 6.30/lib/libc_v7em_fpv4_sp_d16_hard_t_le_eabi_balanced.a(strops.o) (malloc)
C:/Program Files/SEGGER/SEGGER Embedded Studio for ARM 6.30/lib/libc_v7em_fpv4_sp_d16_hard_t_le_eabi_balanced.a(intasmops_arm.o)
                              C:/Program Files/SEGGER/SEGGER Embedded Studio for ARM 6.30/lib/libc_v7em_fpv4_sp_d16_hard_t_le_eabi_balanced.a(__SEGGER_RTL_vfprintf_long.o) (__aeabi_uldivmod)
C:/Program Files/SEGGER/SEGGER Embedded Studio for ARM 6.30/lib/libc_v7em_fpv4_sp_d16_hard_t_le_eabi_balanced.a(mbops.o)
                              C:/Program Files/SEGGER/SEGGER Embedded Studio for ARM 6.30/lib/libc_v7em_fpv4_sp_d16_hard_t_le_eabi_balanced.a(prinops.o) (__SEGGER_RTL_current_locale)
C:/Program Files/SEGGER/SEGGER Embedded Studio for ARM 6.30/lib/libc_v7em_fpv4_sp_d16_hard_t_le_eabi_balanced.a(sortops.o)
                              C:/Program Files/SEGGER/SEGGER Embedded Studio for ARM 6.30/lib/libc_v7em_fpv4_sp_d16_hard_t_le_eabi_balanced.a(mbops.o) (bsearch)
C:/Program Files/SEGGER/SEGGER Embedded Studio for ARM 6.30/lib/libc_v7em_fpv4_sp_d16_hard_t_le_eabi_balanced.a(timeops.o)
                              C:/Program Files/SEGGER/SEGGER Embedded Studio for ARM 6.30/lib/libc_v7em_fpv4_sp_d16_hard_t_le_eabi_balanced.a(mbops.o) (__SEGGER_RTL_string_list_encode)
C:/Program Files/SEGGER/SEGGER Embedded Studio for ARM 6.30/lib/libc_v7em_fpv4_sp_d16_hard_t_le_eabi_balanced.a(utilops.o)
                              C:/Program Files/SEGGER/SEGGER Embedded Studio for ARM 6.30/lib/libc_v7em_fpv4_sp_d16_hard_t_le_eabi_balanced.a(__SEGGER_RTL_vfscanf_long.o) (__SEGGER_RTL_digit)
C:/Program Files/SEGGER/SEGGER Embedded Studio for ARM 6.30/lib/libc_v7em_fpv4_sp_d16_hard_t_le_eabi_balanced.a(errno.o)
                              C:/Program Files/SEGGER/SEGGER Embedded Studio for ARM 6.30/lib/libc_v7em_fpv4_sp_d16_hard_t_le_eabi_balanced.a(fileops.o) (__aeabi_errno_addr)
C:/Program Files/SEGGER/SEGGER Embedded Studio for ARM 6.30/lib/libc_v7em_fpv4_sp_d16_hard_t_le_eabi_balanced.a(floatasmops_arm.o)
                              C:/Program Files/SEGGER/SEGGER Embedded Studio for ARM 6.30/lib/libc_v7em_fpv4_sp_d16_hard_t_le_eabi_balanced.a(utilops.o) (__aeabi_dmul)
C:/Program Files/SEGGER/SEGGER Embedded Studio for ARM 6.30/lib/libc_v7em_fpv4_sp_d16_hard_t_le_eabi_balanced.a(intops.o)
                              C:/Program Files/SEGGER/SEGGER Embedded Studio for ARM 6.30/lib/libc_v7em_fpv4_sp_d16_hard_t_le_eabi_balanced.a(timeops.o) (div)
C:/Program Files/SEGGER/SEGGER Embedded Studio for ARM 6.30/lib/heapops_basic_v7em_little.a(heapops_basic.o)
                              C:/Program Files/SEGGER/SEGGER Embedded Studio for ARM 6.30/lib/libc_v7em_fpv4_sp_d16_hard_t_le_eabi_balanced.a(heapops.o) (__SEGGER_RTL_alloc)

Discarded input sections

 .group         0x0000000000000000        0xc Output/Debug/Obj/05oos_rootest/05oos_rootTest.o
 .group         0x0000000000000000        0xc Output/Debug/Obj/05oos_rootest/05oos_rootTest.o
 .group         0x0000000000000000        0xc Output/Debug/Obj/05oos_rootest/05oos_rootTest.o
 .group         0x0000000000000000        0xc Output/Debug/Obj/05oos_rootest/05oos_rootTest.o
 .group         0x0000000000000000        0xc Output/Debug/Obj/05oos_rootest/05oos_rootTest.o
 .group         0x0000000000000000        0xc Output/Debug/Obj/05oos_rootest/05oos_rootTest.o
[...]
Memory Configuration

Name             Origin             Length             Attributes
UNPLACED_SECTIONS 0x0000000100000000 0x0000000000000000 xw
RAM1             0x0000000020000000 0x0000000000040000 xw
FLASH1           0x0000000000000000 0x0000000000100000 xw
*default*        0x0000000000000000 0xffffffffffffffff

Linker script and memory map

                0x0000000000004d98                __SEGGER_RTL_vfprintf = __SEGGER_RTL_vfprintf_long
                0x0000000000000000                __SEGGER_RTL_vfscanf = __SEGGER_RTL_vfscanf_long
                0x0000000020000000                __RAM1_segment_start__ = 0x20000000
                0x0000000020040000                __RAM1_segment_end__ = 0x20040000
                0x0000000000040000                __RAM1_segment_size__ = 0x40000
                0x0000000000000000                __FLASH1_segment_start__ = 0x0
                0x0000000000100000                __FLASH1_segment_end__ = 0x100000
                0x0000000000100000                __FLASH1_segment_size__ = 0x100000
                0x0000000000002000                __HEAPSIZE__ = 0x2000
                0x0000000000000000                __STACKSIZE_PROCESS__ = 0x0
                0x0000000000002000                __STACKSIZE__ = 0x2000
                0x0000000020000000                __vectors_ram_load_start__ = 0x20000000

.vectors_ram    0x0000000020000000        0x0
                0x0000000020000000                __vectors_ram_start__ = .
                0x0000000020000000                __app_ram_start__ = __vectors_ram_start__
 *(.vectors_ram .vectors_ram.*)
                0x0000000020000000                __vectors_ram_end__ = (__vectors_ram_start__ + SIZEOF (.vectors_ram))
                0x0000000000000000                __vectors_ram_size__ = SIZEOF (.vectors_ram)
                0x0000000020000000                __vectors_ram_load_end__ = __vectors_ram_end__
                0x0000000000000001                . = ASSERT (((__vectors_ram_start__ == __vectors_ram_end__) || ((__vectors_ram_end__ - __RAM1_segment_start__) <= __RAM1_segment_size__)), error: .vectors_ram is too large to fit in RAM1 memory segment)
                0x0000000020000000                __nrf_sections_run_load_start__ = ALIGN (__vectors_ram_end__, 0x4)

.nrf_sections_run
                0x0000000020000000        0x0
                0x0000000020000000                __nrf_sections_run_start__ = .
                0x0000000020000000                __start_nrf_sections_run = __nrf_sections_run_start__
 *(.nrf_sections_run .nrf_sections_run.*)
                0x0000000020000000                __nrf_sections_run_end__ = (__nrf_sections_run_start__ + SIZEOF (.nrf_sections_run))
                0x0000000000000000                __nrf_sections_run_size__ = SIZEOF (.nrf_sections_run)
                0x0000000020000000                __nrf_sections_run_load_end__ = __nrf_sections_run_end__
                0x0000000000000001                . = ASSERT (((__nrf_sections_run_start__ == __nrf_sections_run_end__) || ((__nrf_sections_run_end__ - __RAM1_segment_start__) <= __RAM1_segment_size__)), error: .nrf_sections_run is too large to fit in RAM1 memory segment)
                0x0000000000000000                __vectors_load_start__ = 0x0

.vectors        0x0000000000000000      0x200
                0x0000000000000000                __vectors_start__ = .
 *(.vectors .vectors.*)
 .vectors       0x0000000000000000      0x200 Output/Debug/Obj/05oos_rootest/ses_startup_nrf52840.o
                0x0000000000000000                _vectors
                0x0000000000000200                __vectors_end__ = (__vectors_start__ + SIZEOF (.vectors))
                0x0000000000000200                __vectors_size__ = SIZEOF (.vectors)
                0x0000000000000200                __vectors_load_end__ = __vectors_end__
                0x0000000000000001                . = ASSERT (((__vectors_start__ == __vectors_end__) || ((__vectors_end__ - __FLASH1_segment_start__) <= __FLASH1_segment_size__)), error: .vectors is too large to fit in FLASH1 memory segment)
                0x0000000000000200                __init_load_start__ = ALIGN (__vectors_end__, 0x4)

.init           0x0000000000000200      0x1ac
                0x0000000000000200                __init_start__ = .
 *(.init .init.*)
 .init          0x0000000000000200       0x18 Output/Debug/Obj/05oos_rootest/ses_startup_nrf52840.o
                0x0000000000000200                NMI_Handler
                0x0000000000000202                HardFault_Handler
                0x0000000000000204                MemoryManagement_Handler
                0x0000000000000206                BusFault_Handler
                0x0000000000000208                UsageFault_Handler
                0x000000000000020a                SVC_Handler
                0x000000000000020c                DebugMon_Handler
                0x000000000000020e                PendSV_Handler
                0x0000000000000210                SysTick_Handler
                0x0000000000000212                QSPI_IRQHandler
                0x0000000000000212                POWER_CLOCK_IRQHandler
                0x0000000000000212                PDM_IRQHandler
                0x0000000000000212                TEMP_IRQHandler
                0x0000000000000212                QDEC_IRQHandler
                0x0000000000000212                GPIOTE_IRQHandler
                0x0000000000000212                PWM3_IRQHandler
                0x0000000000000212                FPU_IRQHandler
                0x0000000000000212                USBD_IRQHandler
                0x0000000000000212                SPIM0_SPIS0_TWIM0_TWIS0_SPI0_TWI0_IRQHandler
                0x0000000000000212                PWM1_IRQHandler
                0x0000000000000212                TIMER4_IRQHandler
                0x0000000000000212                CRYPTOCELL_IRQHandler
                0x0000000000000212                I2S_IRQHandler
                0x0000000000000212                TIMER3_IRQHandler
                0x0000000000000212                TIMER0_IRQHandler
                0x0000000000000212                UARTE1_IRQHandler
                0x0000000000000212                Dummy_Handler
                0x0000000000000212                TIMER1_IRQHandler
                0x0000000000000212                SPIM3_IRQHandler
                0x0000000000000212                PWM2_IRQHandler
                0x0000000000000212                ECB_IRQHandler
                0x0000000000000212                SPIM1_SPIS1_TWIM1_TWIS1_SPI1_TWI1_IRQHandler
                0x0000000000000212                SAADC_IRQHandler
                0x0000000000000212                CCM_AAR_IRQHandler
                0x0000000000000212                WDT_IRQHandler
                0x0000000000000212                SWI2_EGU2_IRQHandler
                0x0000000000000212                SWI5_EGU5_IRQHandler
                0x0000000000000212                RNG_IRQHandler
                0x0000000000000212                RTC2_IRQHandler
                0x0000000000000212                PWM0_IRQHandler
                0x0000000000000212                SWI3_EGU3_IRQHandler
                0x0000000000000212                RTC1_IRQHandler
                0x0000000000000212                SWI1_EGU1_IRQHandler
                0x0000000000000212                SPIM2_SPIS2_SPI2_IRQHandler
                0x0000000000000212                NFCT_IRQHandler
                0x0000000000000212                SWI4_EGU4_IRQHandler
                0x0000000000000212                MWU_IRQHandler
                0x0000000000000212                TIMER2_IRQHandler
                0x0000000000000212                COMP_LPCOMP_IRQHandler
                0x0000000000000214                nRFInitialize
 .init          0x0000000000000218       0x44 Output/Debug/Obj/05oos_rootest/ses_startup_nrf_common.o
                0x0000000000000218                Reset_Handler
                0x000000000000021c                afterInitialize
 .init          0x000000000000025c      0x150 Output/Debug/Obj/05oos_rootest/thumb_crt0.o
                0x000000000000025c                _start
                0x0000000000000306                exit
                0x00000000000003ac                __init_end__ = (__init_start__ + SIZEOF (.init))
                0x00000000000001ac                __init_size__ = SIZEOF (.init)
                0x00000000000003ac                __init_load_end__ = __init_end__
                0x0000000000000001                . = ASSERT (((__init_start__ == __init_end__) || ((__init_end__ - __FLASH1_segment_start__) <= __FLASH1_segment_size__)), error: .init is too large to fit in FLASH1 memory segment)
                0x00000000000003ac                __init_rodata_load_start__ = ALIGN (__init_end__, 0x4)

.init_rodata    0x00000000000003ac        0x0
                0x00000000000003ac                __init_rodata_start__ = .
 *(.init_rodata .init_rodata.*)
                0x00000000000003ac                __init_rodata_end__ = (__init_rodata_start__ + SIZEOF (.init_rodata))
                0x0000000000000000                __init_rodata_size__ = SIZEOF (.init_rodata)
                0x00000000000003ac                __init_rodata_load_end__ = __init_rodata_end__
                0x0000000000000001                . = ASSERT (((__init_rodata_start__ == __init_rodata_end__) || ((__init_rodata_end__ - __FLASH1_segment_start__) <= __FLASH1_segment_size__)), error: .init_rodata is too large to fit in FLASH1 memory segment)
                0x00000000000003ac                __text_load_start__ = ALIGN (__init_rodata_end__, 0x4)

.text           0x00000000000003ac     0x5168
                0x00000000000003ac                __text_start__ = .
 *(.text .text.* .gnu.linkonce.t.* .glue_7t .glue_7 .gcc_except_table .ARM.extab* .gnu.linkonce.armextab.*)
 .glue_7        0x00000000000003ac        0x0 linker stubs
 .glue_7t       0x00000000000003ac        0x0 linker stubs
 .text.mote_main
                0x00000000000003ac       0x24 Output/Debug/Obj/05oos_rootest/05oos_rootTest.o
                0x00000000000003ac                mote_main
 .text.__NVIC_SystemReset
                0x00000000000003d0       0x28 Output/Debug/Obj/05oos_rootest/board.o
 .text.main     0x00000000000003f8        0xc Output/Debug/Obj/05oos_rootest/board.o
                0x00000000000003f8                main
 .text.board_init
                0x0000000000000404       0x42 Output/Debug/Obj/05oos_rootest/board.o
                0x0000000000000404                board_init
 .text.board_reset
                0x0000000000000446        0x6 Output/Debug/Obj/05oos_rootest/board.o
                0x0000000000000446                board_reset
 .text.enable_dcdc
                0x000000000000044c       0x30 Output/Debug/Obj/05oos_rootest/board.o
                0x000000000000044c                enable_dcdc
 .text.debugpins_init
                0x000000000000047c       0x4c Output/Debug/Obj/05oos_rootest/debugpins.o
                0x000000000000047c                debugpins_init
 .text.debugpins_isr_set
                0x00000000000004c8       0x10 Output/Debug/Obj/05oos_rootest/debugpins.o
                0x00000000000004c8                debugpins_isr_set
 .text.debugpins_isr_clr
                0x00000000000004d8       0x10 Output/Debug/Obj/05oos_rootest/debugpins.o
                0x00000000000004d8                debugpins_isr_clr
 .text.i2c_init
                0x00000000000004e8       0x4c Output/Debug/Obj/05oos_rootest/i2c.o
                0x00000000000004e8                i2c_init
 .text.nrf_gpio_cfg_input
                0x0000000000000534       0x3c Output/Debug/Obj/05oos_rootest/i2c.o
                0x0000000000000534                nrf_gpio_cfg_input
 .text.leds_init
                0x0000000000000570       0x3a Output/Debug/Obj/05oos_rootest/leds.o
                0x0000000000000570                leds_init
 .text.leds_error_off
                0x00000000000005aa       0x10 Output/Debug/Obj/05oos_rootest/leds.o
                0x00000000000005aa                leds_error_off
 .text.leds_error_toggle
                0x00000000000005ba       0x2e Output/Debug/Obj/05oos_rootest/leds.o
                0x00000000000005ba                leds_error_toggle
 .text.leds_sync_off
                0x00000000000005e8       0x10 Output/Debug/Obj/05oos_rootest/leds.o
                0x00000000000005e8                leds_sync_off
 .text.leds_radio_off
                0x00000000000005f8       0x10 Output/Debug/Obj/05oos_rootest/leds.o
                0x00000000000005f8                leds_radio_off
 .text.leds_debug_off
                0x0000000000000608       0x10 Output/Debug/Obj/05oos_rootest/leds.o
                0x0000000000000608                leds_debug_off
 .text.leds_all_off
                0x0000000000000618       0x16 Output/Debug/Obj/05oos_rootest/leds.o
                0x0000000000000618                leds_all_off
 *fill*         0x000000000000062e        0x2 
 .text.leds_error_blink
                0x0000000000000630       0x48 Output/Debug/Obj/05oos_rootest/leds.o
                0x0000000000000630                leds_error_blink
 .text.__NVIC_EnableIRQ
                0x0000000000000678       0x34 Output/Debug/Obj/05oos_rootest/radio.o
 .text.__NVIC_DisableIRQ
                0x00000000000006ac       0x44 Output/Debug/Obj/05oos_rootest/radio.o
 .text.__NVIC_ClearPendingIRQ
                0x00000000000006f0       0x38 Output/Debug/Obj/05oos_rootest/radio.o
 .text.__NVIC_SetPriority
                0x0000000000000728       0x50 Output/Debug/Obj/05oos_rootest/radio.o
 .text.radio_init
                0x0000000000000778      0x120 Output/Debug/Obj/05oos_rootest/radio.o
                0x0000000000000778                radio_init
 .text.radio_isr
                0x0000000000000898       0x74 Output/Debug/Obj/05oos_rootest/radio.o
                0x0000000000000898                radio_isr
 .text.RADIO_IRQHandler
                0x000000000000090c       0x12 Output/Debug/Obj/05oos_rootest/radio.o
                0x000000000000090c                RADIO_IRQHandler
 *fill*         0x000000000000091e        0x2 
 .text.sctimer_init
                0x0000000000000920       0xb0 Output/Debug/Obj/05oos_rootest/sctimer.o
                0x0000000000000920                sctimer_init
 .text.sctimer_setCompare
                0x00000000000009d0       0x68 Output/Debug/Obj/05oos_rootest/sctimer.o
                0x00000000000009d0                sctimer_setCompare
 .text.sctimer_readCounter
                0x0000000000000a38       0x10 Output/Debug/Obj/05oos_rootest/sctimer.o
                0x0000000000000a38                sctimer_readCounter
 .text.RTC0_IRQHandler
                0x0000000000000a48       0x38 Output/Debug/Obj/05oos_rootest/sctimer.o
                0x0000000000000a48                RTC0_IRQHandler
 .text.SWI0_EGU0_IRQHandler
                0x0000000000000a80       0x38 Output/Debug/Obj/05oos_rootest/sctimer.o
                0x0000000000000a80                SWI0_EGU0_IRQHandler
 .text.nrf52_errata_36
                0x0000000000000ab8       0x64 Output/Debug/Obj/05oos_rootest/system_nrf52840.o
 .text.nrf52_errata_66
                0x0000000000000b1c       0x64 Output/Debug/Obj/05oos_rootest/system_nrf52840.o
 .text.nrf52_errata_98
                0x0000000000000b80       0x64 Output/Debug/Obj/05oos_rootest/system_nrf52840.o
 .text.nrf52_errata_103
                0x0000000000000be4       0x64 Output/Debug/Obj/05oos_rootest/system_nrf52840.o
 .text.nrf52_errata_115
                0x0000000000000c48       0x64 Output/Debug/Obj/05oos_rootest/system_nrf52840.o
 .text.nrf52_errata_120
                0x0000000000000cac       0x64 Output/Debug/Obj/05oos_rootest/system_nrf52840.o
 .text.nrf52_errata_136
                0x0000000000000d10       0x64 Output/Debug/Obj/05oos_rootest/system_nrf52840.o
 .text.nrf52_errata_249
                0x0000000000000d74       0x64 Output/Debug/Obj/05oos_rootest/system_nrf52840.o
 .text.nrf52_handle_approtect
                0x0000000000000dd8       0x20 Output/Debug/Obj/05oos_rootest/system_nrf52840.o
 .text.SystemCoreClockUpdate
                0x0000000000000df8       0x14 Output/Debug/Obj/05oos_rootest/system_nrf52840.o
                0x0000000000000df8                SystemCoreClockUpdate
 .text.SystemInit
                0x0000000000000e0c      0x1e4 Output/Debug/Obj/05oos_rootest/system_nrf52840.o
                0x0000000000000e0c                SystemInit
 .text.uart_init
                0x0000000000000ff0       0x90 Output/Debug/Obj/05oos_rootest/uart.o
                0x0000000000000ff0                uart_init
 .text.uart_setCallbacks
                0x0000000000001080       0x1c Output/Debug/Obj/05oos_rootest/uart.o
                0x0000000000001080                uart_setCallbacks
 .text.uart_enableInterrupts
                0x000000000000109c       0x10 Output/Debug/Obj/05oos_rootest/uart.o
                0x000000000000109c                uart_enableInterrupts
 .text.uart_setCTS
                0x00000000000010ac       0x2c Output/Debug/Obj/05oos_rootest/uart.o
                0x00000000000010ac                uart_setCTS
 .text.uart_writeByte
                0x00000000000010d8       0x54 Output/Debug/Obj/05oos_rootest/uart.o
                0x00000000000010d8                uart_writeByte
 .text.uart_readByte
                0x000000000000112c       0x10 Output/Debug/Obj/05oos_rootest/uart.o
                0x000000000000112c                uart_readByte
 .text.UARTE0_UART0_IRQHandler
                0x000000000000113c       0x40 Output/Debug/Obj/05oos_rootest/uart.o
                0x000000000000113c                UARTE0_UART0_IRQHandler
 .text.uart_tx_isr
                0x000000000000117c       0x44 Output/Debug/Obj/05oos_rootest/uart.o
                0x000000000000117c                uart_tx_isr
 .text.uart_rx_isr
                0x00000000000011c0       0x20 Output/Debug/Obj/05oos_rootest/uart.o
                0x00000000000011c0                uart_rx_isr
 .text.crcIteration
                0x00000000000011e0       0x38 Output/Debug/Obj/05oos_rootest/openhdlc.o
                0x00000000000011e0                crcIteration
 .text.openserial_init
                0x0000000000001218       0xa8 Output/Debug/Obj/05oos_rootest/openserial.o
                0x0000000000001218                openserial_init
 .text.openserial_printStatus
                0x00000000000012c0       0x86 Output/Debug/Obj/05oos_rootest/openserial.o
                0x00000000000012c0                openserial_printStatus
 *fill*         0x0000000000001346        0x2 
 .text.openserial_printLog
                0x0000000000001348       0xcc Output/Debug/Obj/05oos_rootest/openserial.o
                0x0000000000001348                openserial_printLog
 .text.openserial_printData
                0x0000000000001414       0xb0 Output/Debug/Obj/05oos_rootest/openserial.o
                0x0000000000001414                openserial_printData
 .text.openserial_printf
                0x00000000000014c4      0x24c Output/Debug/Obj/05oos_rootest/openserial.o
                0x00000000000014c4                openserial_printf
 .text.openserial_mysf_printf
                0x0000000000001710      0x1f8 Output/Debug/Obj/05oos_rootest/openserial.o
                0x0000000000001710                openserial_mysf_printf
 .text.task_openserial_debugPrint
                0x0000000000001908      0x158 Output/Debug/Obj/05oos_rootest/openserial.o
                0x0000000000001908                task_openserial_debugPrint
 .text.openserial_getInputBufferFillLevel
                0x0000000000001a60       0x28 Output/Debug/Obj/05oos_rootest/openserial.o
                0x0000000000001a60                openserial_getInputBufferFillLevel
 .text.openserial_getInputBuffer
                0x0000000000001a88       0x88 Output/Debug/Obj/05oos_rootest/openserial.o
                0x0000000000001a88                openserial_getInputBuffer
 .text.openserial_flush
                0x0000000000001b10       0x84 Output/Debug/Obj/05oos_rootest/openserial.o
                0x0000000000001b10                openserial_flush
 .text.debugPrint_outBufferIndexes
                0x0000000000001b94       0x3c Output/Debug/Obj/05oos_rootest/openserial.o
                0x0000000000001b94                debugPrint_outBufferIndexes
 .text.internal_openserial_print
                0x0000000000001bd0       0xae Output/Debug/Obj/05oos_rootest/openserial.o
                0x0000000000001bd0                internal_openserial_print
 *fill*         0x0000000000001c7e        0x2 
 .text.openserial_handleRxFrame
                0x0000000000001c80       0xc0 Output/Debug/Obj/05oos_rootest/openserial.o
                0x0000000000001c80                openserial_handleRxFrame
 .text.openserial_handleEcho
                0x0000000000001d40       0x20 Output/Debug/Obj/05oos_rootest/openserial.o
                0x0000000000001d40                openserial_handleEcho
 .text.openserial_debugPrint_timer_cb
                0x0000000000001d60       0x16 Output/Debug/Obj/05oos_rootest/openserial.o
                0x0000000000001d60                openserial_debugPrint_timer_cb
 .text.openserial_board_reset_cb
                0x0000000000001d76       0x16 Output/Debug/Obj/05oos_rootest/openserial.o
                0x0000000000001d76                openserial_board_reset_cb
 .text.outputHdlcOpen
                0x0000000000001d8c       0x38 Output/Debug/Obj/05oos_rootest/openserial.o
                0x0000000000001d8c                outputHdlcOpen
 .text.outputHdlcWrite
                0x0000000000001dc4       0x94 Output/Debug/Obj/05oos_rootest/openserial.o
                0x0000000000001dc4                outputHdlcWrite
 .text.outputHdlcClose
                0x0000000000001e58       0x60 Output/Debug/Obj/05oos_rootest/openserial.o
                0x0000000000001e58                outputHdlcClose
 .text.inputHdlcOpen
                0x0000000000001eb8       0x1c Output/Debug/Obj/05oos_rootest/openserial.o
                0x0000000000001eb8                inputHdlcOpen
 .text.inputHdlcWrite
                0x0000000000001ed4       0x84 Output/Debug/Obj/05oos_rootest/openserial.o
                0x0000000000001ed4                inputHdlcWrite
 .text.inputHdlcClose
                0x0000000000001f58       0x30 Output/Debug/Obj/05oos_rootest/openserial.o
                0x0000000000001f58                inputHdlcClose
 .text.task_printInputBufferOverflow
                0x0000000000001f88       0x1c Output/Debug/Obj/05oos_rootest/openserial.o
                0x0000000000001f88                task_printInputBufferOverflow
 .text.task_printWrongCRCInput
                0x0000000000001fa4       0x1c Output/Debug/Obj/05oos_rootest/openserial.o
                0x0000000000001fa4                task_printWrongCRCInput
 .text.isr_openserial_tx
                0x0000000000001fc0       0x90 Output/Debug/Obj/05oos_rootest/openserial.o
                0x0000000000001fc0                isr_openserial_tx
 .text.isr_openserial_rx
                0x0000000000002050       0xf0 Output/Debug/Obj/05oos_rootest/openserial.o
                0x0000000000002050                isr_openserial_rx
 .text.opentimers_create
                0x0000000000002140       0xe0 Output/Debug/Obj/05oos_rootest/opentimers.o
                0x0000000000002140                opentimers_create
 .text.opentimers_scheduleIn
                0x0000000000002220      0x2c4 Output/Debug/Obj/05oos_rootest/opentimers.o
                0x0000000000002220                opentimers_scheduleIn
 .text.opentimers_scheduleAbsolute
                0x00000000000024e4      0x2b4 Output/Debug/Obj/05oos_rootest/opentimers.o
                0x00000000000024e4                opentimers_scheduleAbsolute
 .text.opentimers_getValue
                0x0000000000002798        0xc Output/Debug/Obj/05oos_rootest/opentimers.o
                0x0000000000002798                opentimers_getValue
 .text.scheduler_push_task
                0x00000000000027a4       0x94 Output/Debug/Obj/05oos_rootest/scheduler.o
                0x00000000000027a4                scheduler_push_task
 .text.ieee802154_prependHeader
                0x0000000000002838      0x3ca Output/Debug/Obj/05oos_rootest/IEEE802154.o
                0x0000000000002838                ieee802154_prependHeader
 *fill*         0x0000000000002c02        0x2 
 .text.IEEE802154_security_getDataKeyIndex
                0x0000000000002c04        0xc Output/Debug/Obj/05oos_rootest/IEEE802154_security.o
                0x0000000000002c04                IEEE802154_security_getDataKeyIndex
 .text.IEEE802154_security_setBeaconKey
                0x0000000000002c10       0x38 Output/Debug/Obj/05oos_rootest/IEEE802154_security.o
                0x0000000000002c10                IEEE802154_security_setBeaconKey
 .text.IEEE802154_security_setDataKey
                0x0000000000002c48       0x38 Output/Debug/Obj/05oos_rootest/IEEE802154_security.o
                0x0000000000002c48                IEEE802154_security_setDataKey
 .text.IEEE802154_security_prependAuxiliarySecurityHeader
                0x0000000000002c80        0xc Output/Debug/Obj/05oos_rootest/IEEE802154_security.o
                0x0000000000002c80                IEEE802154_security_prependAuxiliarySecurityHeader
 .text.IEEE802154_security_getSecurityLevel
                0x0000000000002c8c        0xc Output/Debug/Obj/05oos_rootest/IEEE802154_security.o
                0x0000000000002c8c                IEEE802154_security_getSecurityLevel
 .text.debugPrint_asn
                0x0000000000002c98       0x40 Output/Debug/Obj/05oos_rootest/IEEE802154E.o
                0x0000000000002c98                debugPrint_asn
 .text.debugPrint_isSync
                0x0000000000002cd8       0x30 Output/Debug/Obj/05oos_rootest/IEEE802154E.o
                0x0000000000002cd8                debugPrint_isSync
 .text.debugPrint_macStats
                0x0000000000002d08       0x18 Output/Debug/Obj/05oos_rootest/IEEE802154E.o
                0x0000000000002d08                debugPrint_macStats
 .text.ieee154e_getAsn
                0x0000000000002d20       0x60 Output/Debug/Obj/05oos_rootest/IEEE802154E.o
                0x0000000000002d20                ieee154e_getAsn
 .text.ieee154e_getTimeCorrection
                0x0000000000002d80       0x1c Output/Debug/Obj/05oos_rootest/IEEE802154E.o
                0x0000000000002d80                ieee154e_getTimeCorrection
 .text.ieee154e_isSynch
                0x0000000000002d9c        0xc Output/Debug/Obj/05oos_rootest/IEEE802154E.o
                0x0000000000002d9c                ieee154e_isSynch
 .text.msf_hashFunction_getSlotoffset
                0x0000000000002da8       0x40 Output/Debug/Obj/05oos_rootest/msf.o
                0x0000000000002da8                msf_hashFunction_getSlotoffset
 .text.msf_hashFunction_getChanneloffset
                0x0000000000002de8       0x2c Output/Debug/Obj/05oos_rootest/msf.o
                0x0000000000002de8                msf_hashFunction_getChanneloffset
 .text.debugPrint_msf
                0x0000000000002e14       0x18 Output/Debug/Obj/05oos_rootest/msf.o
                0x0000000000002e14                debugPrint_msf
 .text.mysf_init
                0x0000000000002e2c       0x20 Output/Debug/Obj/05oos_rootest/mysf_schedule.o
                0x0000000000002e2c                mysf_init
 .text.registerDataHandler
                0x0000000000002e4c       0x1c Output/Debug/Obj/05oos_rootest/mysf_schedule_root.o
 .text.registerPCCommandHandler
                0x0000000000002e68       0x1c Output/Debug/Obj/05oos_rootest/mysf_schedule_root.o
 .text.rootDataHandler
                0x0000000000002e84       0x24 Output/Debug/Obj/05oos_rootest/mysf_schedule_root.o
 .text.forwardScheduleToLeaders
                0x0000000000002ea8      0x178 Output/Debug/Obj/05oos_rootest/mysf_schedule_root.o
 .text.forwardControlCommand
                0x0000000000003020       0x20 Output/Debug/Obj/05oos_rootest/mysf_schedule_root.o
 .text.handlePCCommand
                0x0000000000003040       0x52 Output/Debug/Obj/05oos_rootest/mysf_schedule_root.o
 *fill*         0x0000000000003092        0x2 
 .text.initRootSchedule
                0x0000000000003094       0xd0 Output/Debug/Obj/05oos_rootest/mysf_schedule_root.o
                0x0000000000003094                initRootSchedule
 .text.neighbors_getNeighborRank
                0x0000000000003164       0x2c Output/Debug/Obj/05oos_rootest/neighbors.o
                0x0000000000003164                neighbors_getNeighborRank
 .text.neighbors_getNeighborNoResource
                0x0000000000003190       0x28 Output/Debug/Obj/05oos_rootest/neighbors.o
                0x0000000000003190                neighbors_getNeighborNoResource
 .text.neighbors_isStableNeighborByIndex
                0x00000000000031b8       0x4c Output/Debug/Obj/05oos_rootest/neighbors.o
                0x00000000000031b8                neighbors_isStableNeighborByIndex
 .text.neighbors_reachedMinimalTransmission
                0x0000000000003204       0x58 Output/Debug/Obj/05oos_rootest/neighbors.o
                0x0000000000003204                neighbors_reachedMinimalTransmission
 .text.neighbors_getNeighborEui64
                0x000000000000325c       0x88 Output/Debug/Obj/05oos_rootest/neighbors.o
                0x000000000000325c                neighbors_getNeighborEui64
 .text.neighbors_setPreferredParent
                0x00000000000032e4       0x34 Output/Debug/Obj/05oos_rootest/neighbors.o
                0x00000000000032e4                neighbors_setPreferredParent
 .text.neighbors_getLinkMetric
                0x0000000000003318      0x108 Output/Debug/Obj/05oos_rootest/neighbors.o
                0x0000000000003318                neighbors_getLinkMetric
 .text.debugPrint_neighbors
                0x0000000000003420       0x9c Output/Debug/Obj/05oos_rootest/neighbors.o
                0x0000000000003420                debugPrint_neighbors
 .text.schedule_startDAGroot
                0x00000000000034bc       0x7c Output/Debug/Obj/05oos_rootest/schedule.o
                0x00000000000034bc                schedule_startDAGroot
 .text.debugPrint_schedule
                0x0000000000003538      0x148 Output/Debug/Obj/05oos_rootest/schedule.o
                0x0000000000003538                debugPrint_schedule
 .text.debugPrint_backoff
                0x0000000000003680       0x34 Output/Debug/Obj/05oos_rootest/schedule.o
                0x0000000000003680                debugPrint_backoff
 .text.schedule_setFrameLength
                0x00000000000036b4       0x38 Output/Debug/Obj/05oos_rootest/schedule.o
                0x00000000000036b4                schedule_setFrameLength
 .text.schedule_setFrameHandle
                0x00000000000036ec       0x24 Output/Debug/Obj/05oos_rootest/schedule.o
                0x00000000000036ec                schedule_setFrameHandle
 .text.schedule_setFrameNumber
                0x0000000000003710       0x24 Output/Debug/Obj/05oos_rootest/schedule.o
                0x0000000000003710                schedule_setFrameNumber
 .text.schedule_addActiveSlot
                0x0000000000003734      0x1dc Output/Debug/Obj/05oos_rootest/schedule.o
                0x0000000000003734                schedule_addActiveSlot
 .text.schedule_hasAutoTxCellToNeighbor
                0x0000000000003910       0xa0 Output/Debug/Obj/05oos_rootest/schedule.o
                0x0000000000003910                schedule_hasAutoTxCellToNeighbor
 .text.schedule_hasNegotiatedCellToNeighbor
                0x00000000000039b0       0xa8 Output/Debug/Obj/05oos_rootest/schedule.o
                0x00000000000039b0                schedule_hasNegotiatedCellToNeighbor
 .text.sixtop_send
                0x0000000000003a58       0x62 Output/Debug/Obj/05oos_rootest/sixtop.o
                0x0000000000003a58                sixtop_send
 .text.debugPrint_myDAGrank
                0x0000000000003aba       0x2c Output/Debug/Obj/05oos_rootest/sixtop.o
                0x0000000000003aba                debugPrint_myDAGrank
 *fill*         0x0000000000003ae6        0x2 
 .text.debugPrint_kaPeriod
                0x0000000000003ae8       0x28 Output/Debug/Obj/05oos_rootest/sixtop.o
                0x0000000000003ae8                debugPrint_kaPeriod
 .text.sixtop_send_internal
                0x0000000000003b10       0xec Output/Debug/Obj/05oos_rootest/sixtop.o
                0x0000000000003b10                sixtop_send_internal
 .text.iphc_sendFromBridge
                0x0000000000003bfc       0x3a Output/Debug/Obj/05oos_rootest/iphc.o
                0x0000000000003bfc                iphc_sendFromBridge
 .text.openbridge_triggerData
                0x0000000000003c36       0xde Output/Debug/Obj/05oos_rootest/openbridge.o
                0x0000000000003c36                openbridge_triggerData
 .text.icmpv6rpl_writeDODAGid
                0x0000000000003d14       0x34 Output/Debug/Obj/05oos_rootest/icmpv6rpl.o
                0x0000000000003d14                icmpv6rpl_writeDODAGid
 .text.icmpv6rpl_getMyDAGrank
                0x0000000000003d48       0x10 Output/Debug/Obj/05oos_rootest/icmpv6rpl.o
                0x0000000000003d48                icmpv6rpl_getMyDAGrank
 .text.icmpv6rpl_updateMyDAGrankAndParentSelection
                0x0000000000003d58      0x2d8 Output/Debug/Obj/05oos_rootest/icmpv6rpl.o
                0x0000000000003d58                icmpv6rpl_updateMyDAGrankAndParentSelection
 .text.icmpv6rpl_updateNexthopAddress
                0x0000000000004030       0x14 Output/Debug/Obj/05oos_rootest/icmpv6rpl.o
                0x0000000000004030                icmpv6rpl_updateNexthopAddress
 .text.idmanager_getIsDAGroot
                0x0000000000004044       0x20 Output/Debug/Obj/05oos_rootest/idmanager.o
                0x0000000000004044                idmanager_getIsDAGroot
 .text.idmanager_setIsDAGroot
                0x0000000000004064       0x30 Output/Debug/Obj/05oos_rootest/idmanager.o
                0x0000000000004064                idmanager_setIsDAGroot
 .text.idmanager_getMyID
                0x0000000000004094       0x84 Output/Debug/Obj/05oos_rootest/idmanager.o
                0x0000000000004094                idmanager_getMyID
 .text.idmanager_setMyID
                0x0000000000004118       0xcc Output/Debug/Obj/05oos_rootest/idmanager.o
                0x0000000000004118                idmanager_setMyID
 .text.idmanager_triggerAboutRoot
                0x00000000000041e4      0x114 Output/Debug/Obj/05oos_rootest/idmanager.o
                0x00000000000041e4                idmanager_triggerAboutRoot
 .text.debugPrint_id
                0x00000000000042f8       0x58 Output/Debug/Obj/05oos_rootest/idmanager.o
                0x00000000000042f8                debugPrint_id
 .text.debugPrint_joined
                0x0000000000004350       0x40 Output/Debug/Obj/05oos_rootest/idmanager.o
                0x0000000000004350                debugPrint_joined
 .text.openqueue_init
                0x0000000000004390       0x44 Output/Debug/Obj/05oos_rootest/openqueue.o
                0x0000000000004390                openqueue_init
 .text.debugPrint_queue
                0x00000000000043d4       0x7c Output/Debug/Obj/05oos_rootest/openqueue.o
                0x00000000000043d4                debugPrint_queue
 .text.openqueue_getFreePacketBuffer
                0x0000000000004450       0xc8 Output/Debug/Obj/05oos_rootest/openqueue.o
                0x0000000000004450                openqueue_getFreePacketBuffer
 .text.openqueue_freePacketBuffer
                0x0000000000004518       0xa4 Output/Debug/Obj/05oos_rootest/openqueue.o
                0x0000000000004518                openqueue_freePacketBuffer
 .text.openqueue_isHighPriorityEntryEnough
                0x00000000000045bc       0x68 Output/Debug/Obj/05oos_rootest/openqueue.o
                0x00000000000045bc                openqueue_isHighPriorityEntryEnough
 .text.openqueue_updateNextHopPayload
                0x0000000000004624      0x104 Output/Debug/Obj/05oos_rootest/openqueue.o
                0x0000000000004624                openqueue_updateNextHopPayload
 .text.openqueue_reset_entry
                0x0000000000004728       0x96 Output/Debug/Obj/05oos_rootest/openqueue.o
                0x0000000000004728                openqueue_reset_entry
 .text.packetfunctions_isBroadcastMulticast
                0x00000000000047be       0x9a Output/Debug/Obj/05oos_rootest/packetfunctions.o
                0x00000000000047be                packetfunctions_isBroadcastMulticast
 .text.packetfunctions_sameAddress
                0x0000000000004858       0xbc Output/Debug/Obj/05oos_rootest/packetfunctions.o
                0x0000000000004858                packetfunctions_sameAddress
 .text.packetfunctions_writeAddress
                0x0000000000004914       0xd4 Output/Debug/Obj/05oos_rootest/packetfunctions.o
                0x0000000000004914                packetfunctions_writeAddress
 .text.packetfunctions_reserveHeader
                0x00000000000049e8       0xce Output/Debug/Obj/05oos_rootest/packetfunctions.o
                0x00000000000049e8                packetfunctions_reserveHeader
 *fill*         0x0000000000004ab6        0x2 
 .text.libc.strlen
                0x0000000000004ab8       0x60 C:/Program Files/SEGGER/SEGGER Embedded Studio for ARM 6.30/lib/libc_v7em_fpv4_sp_d16_hard_t_le_eabi_balanced.a(strasmops_arm.o)
                0x0000000000004ab8                strlen
 .text.libc.memcpy
                0x0000000000004b18       0x64 C:/Program Files/SEGGER/SEGGER Embedded Studio for ARM 6.30/lib/libc_v7em_fpv4_sp_d16_hard_t_le_eabi_balanced.a(strasmops_arm.o)
                0x0000000000004b18                __aeabi_memcpy
                0x0000000000004b18                memcpy
                0x0000000000004b3a                __aeabi_memcpy8
                0x0000000000004b3a                __aeabi_memcpy4
 .text.libc.__aeabi_memclr
                0x0000000000004b7c       0x68 C:/Program Files/SEGGER/SEGGER Embedded Studio for ARM 6.30/lib/libc_v7em_fpv4_sp_d16_hard_t_le_eabi_balanced.a(strasmops_arm.o)
                0x0000000000004b7c                __aeabi_memclr8
                0x0000000000004b7c                __aeabi_memclr
                0x0000000000004b7c                __aeabi_memclr4
                0x0000000000004b7e                __aeabi_memset4
                0x0000000000004b7e                __aeabi_memset8
                0x0000000000004b7e                __aeabi_memset
                0x0000000000004b84                memset
 .text.libc.memcmp
                0x0000000000004be4       0x46 C:/Program Files/SEGGER/SEGGER Embedded Studio for ARM 6.30/lib/libc_v7em_fpv4_sp_d16_hard_t_le_eabi_balanced.a(strops.o)
                0x0000000000004be4                memcmp
 .text.libc.strnlen
                0x0000000000004c2a       0x4c C:/Program Files/SEGGER/SEGGER Embedded Studio for ARM 6.30/lib/libc_v7em_fpv4_sp_d16_hard_t_le_eabi_balanced.a(strops.o)
                0x0000000000004c2a                strnlen
 .text.libc.__SEGGER_RTL_putc
                0x0000000000004c76       0x90 C:/Program Files/SEGGER/SEGGER Embedded Studio for ARM 6.30/lib/libc_v7em_fpv4_sp_d16_hard_t_le_eabi_balanced.a(prinops.o)
                0x0000000000004c76                __SEGGER_RTL_putc
 .text.libc.__SEGGER_RTL_prin_flush
                0x0000000000004d06       0x16 C:/Program Files/SEGGER/SEGGER Embedded Studio for ARM 6.30/lib/libc_v7em_fpv4_sp_d16_hard_t_le_eabi_balanced.a(prinops.o)
                0x0000000000004d06                __SEGGER_RTL_prin_flush
 .text.libc.__SEGGER_RTL_print_padding
                0x0000000000004d1c       0x1e C:/Program Files/SEGGER/SEGGER Embedded Studio for ARM 6.30/lib/libc_v7em_fpv4_sp_d16_hard_t_le_eabi_balanced.a(prinops.o)
                0x0000000000004d1c                __SEGGER_RTL_print_padding
 .text.libc.__SEGGER_RTL_pre_padding
                0x0000000000004d3a       0x12 C:/Program Files/SEGGER/SEGGER Embedded Studio for ARM 6.30/lib/libc_v7em_fpv4_sp_d16_hard_t_le_eabi_balanced.a(prinops.o)
                0x0000000000004d3a                __SEGGER_RTL_pre_padding
 .text.libc.__SEGGER_RTL_init_prin
                0x0000000000004d4c       0x18 C:/Program Files/SEGGER/SEGGER Embedded Studio for ARM 6.30/lib/libc_v7em_fpv4_sp_d16_hard_t_le_eabi_balanced.a(prinops.o)
                0x0000000000004d4c                __SEGGER_RTL_init_prin
 .text.libc.snprintf
                0x0000000000004d64       0x32 C:/Program Files/SEGGER/SEGGER Embedded Studio for ARM 6.30/lib/libc_v7em_fpv4_sp_d16_hard_t_le_eabi_balanced.a(prinops.o)
                0x0000000000004d64                snprintf
 *fill*         0x0000000000004d96        0x2 
 .text.libc.__SEGGER_RTL_vfprintf_long
                0x0000000000004d98      0x570 C:/Program Files/SEGGER/SEGGER Embedded Studio for ARM 6.30/lib/libc_v7em_fpv4_sp_d16_hard_t_le_eabi_balanced.a(__SEGGER_RTL_vfprintf_long.o)
                0x0000000000004d98                __SEGGER_RTL_vfprintf_long
 .text.libc.__aeabi_uldivmod
                0x0000000000005308      0x130 C:/Program Files/SEGGER/SEGGER Embedded Studio for ARM 6.30/lib/libc_v7em_fpv4_sp_d16_hard_t_le_eabi_balanced.a(intasmops_arm.o)
                0x0000000000005308                __aeabi_uldivmod
 .text.libc.__SEGGER_RTL_current_locale
                0x0000000000005438       0x1a C:/Program Files/SEGGER/SEGGER Embedded Studio for ARM 6.30/lib/libc_v7em_fpv4_sp_d16_hard_t_le_eabi_balanced.a(mbops.o)
                0x0000000000005438                __SEGGER_RTL_current_locale
 .text.libc.__SEGGER_RTL_ascii_mbtowc
                0x0000000000005452       0x2e C:/Program Files/SEGGER/SEGGER Embedded Studio for ARM 6.30/lib/libc_v7em_fpv4_sp_d16_hard_t_le_eabi_balanced.a(mbops.o)
                0x0000000000005452                __SEGGER_RTL_ascii_mbtowc
 .text.libc.__SEGGER_RTL_ascii_wctomb
                0x0000000000005480        0xe C:/Program Files/SEGGER/SEGGER Embedded Studio for ARM 6.30/lib/libc_v7em_fpv4_sp_d16_hard_t_le_eabi_balanced.a(mbops.o)
                0x0000000000005480                __SEGGER_RTL_ascii_wctomb
 .text.libc.__SEGGER_RTL_ascii_isctype
                0x000000000000548e       0x20 C:/Program Files/SEGGER/SEGGER Embedded Studio for ARM 6.30/lib/libc_v7em_fpv4_sp_d16_hard_t_le_eabi_balanced.a(mbops.o)
 .text.libc.__SEGGER_RTL_ascii_toupper
                0x00000000000054ae        0xc C:/Program Files/SEGGER/SEGGER Embedded Studio for ARM 6.30/lib/libc_v7em_fpv4_sp_d16_hard_t_le_eabi_balanced.a(mbops.o)
 .text.libc.__SEGGER_RTL_ascii_tolower
                0x00000000000054ba        0xc C:/Program Files/SEGGER/SEGGER Embedded Studio for ARM 6.30/lib/libc_v7em_fpv4_sp_d16_hard_t_le_eabi_balanced.a(mbops.o)
 .text.libc.__SEGGER_RTL_ascii_iswctype
                0x00000000000054c6       0x20 C:/Program Files/SEGGER/SEGGER Embedded Studio for ARM 6.30/lib/libc_v7em_fpv4_sp_d16_hard_t_le_eabi_balanced.a(mbops.o)
 .text.libc.__SEGGER_RTL_ascii_towupper
                0x00000000000054e6        0xc C:/Program Files/SEGGER/SEGGER Embedded Studio for ARM 6.30/lib/libc_v7em_fpv4_sp_d16_hard_t_le_eabi_balanced.a(mbops.o)
 .text.libc.__SEGGER_RTL_ascii_towlower
                0x00000000000054f2        0xc C:/Program Files/SEGGER/SEGGER Embedded Studio for ARM 6.30/lib/libc_v7em_fpv4_sp_d16_hard_t_le_eabi_balanced.a(mbops.o)
 *fill*         0x00000000000054fe        0x2 
 .text.__SEGGER_RTL_init_heap
                0x0000000000005500       0x14 C:/Program Files/SEGGER/SEGGER Embedded Studio for ARM 6.30/lib/heapops_basic_v7em_little.a(heapops_basic.o)
                0x0000000000005500                __SEGGER_RTL_init_heap
                0x0000000000005514                . = ALIGN (MAX ((__text_start__ + 0x4), .), 0x4)
                0x0000000000005514                __text_end__ = (__text_start__ + SIZEOF (.text))
                0x0000000000005168                __text_size__ = SIZEOF (.text)
                0x0000000000005514                __text_load_end__ = __text_end__

.vfp11_veneer   0x0000000100000000        0x0
 .vfp11_veneer  0x0000000100000000        0x0 linker stubs

.v4_bx          0x0000000100000000        0x0
 .v4_bx         0x0000000100000000        0x0 linker stubs

.iplt           0x0000000100000000        0x0
 .iplt          0x0000000100000000        0x0 Output/Debug/Obj/05oos_rootest/05oos_rootTest.o
                0x0000000000000001                . = ASSERT (((__text_start__ == __text_end__) || ((__text_end__ - __FLASH1_segment_start__) <= __FLASH1_segment_size__)), error: .text is too large to fit in FLASH1 memory segment)
                0x0000000000005514                __log_const_data_load_start__ = ALIGN (__text_end__, 0x4)

.log_const_data
                0x0000000000005514        0x0
                0x0000000000005514                __log_const_data_start__ = .
                0x0000000000005514                __start_log_const_data = __log_const_data_start__
 *(SORT_BY_NAME(.log_const_data*))
                0x0000000000005514                __log_const_data_end__ = (__log_const_data_start__ + SIZEOF (.log_const_data))
                0x0000000000000000                __log_const_data_size__ = SIZEOF (.log_const_data)
                0x0000000000005514                __stop_log_const_data = __log_const_data_end__
                0x0000000000005514                __log_const_data_load_end__ = __log_const_data_end__
                0x0000000000000001                . = ASSERT (((__log_const_data_start__ == __log_const_data_end__) || ((__log_const_data_end__ - __FLASH1_segment_start__) <= __FLASH1_segment_size__)), error: .log_const_data is too large to fit in FLASH1 memory segment)
                0x0000000000005514                __log_backends_load_start__ = ALIGN (__log_const_data_end__, 0x4)

.log_backends   0x0000000000005514        0x0
                0x0000000000005514                __log_backends_start__ = .
                0x0000000000005514                __start_log_backends = __log_backends_start__
 *(SORT_BY_NAME(.log_backends*))
                0x0000000000005514                __log_backends_end__ = (__log_backends_start__ + SIZEOF (.log_backends))
                0x0000000000000000                __log_backends_size__ = SIZEOF (.log_backends)
                0x0000000000005514                __stop_log_backends = __log_backends_end__
                0x0000000000005514                __log_backends_load_end__ = __log_backends_end__
                0x0000000000000001                . = ASSERT (((__log_backends_start__ == __log_backends_end__) || ((__log_backends_end__ - __FLASH1_segment_start__) <= __FLASH1_segment_size__)), error: .log_backends is too large to fit in FLASH1 memory segment)
                0x0000000000005514                __nrf_balloc_load_start__ = ALIGN (__log_backends_end__, 0x4)

.nrf_balloc     0x0000000000005514        0x0
                0x0000000000005514                __nrf_balloc_start__ = .
                0x0000000000005514                __start_nrf_balloc = __nrf_balloc_start__
 *(.nrf_balloc*)
                0x0000000000005514                __nrf_balloc_end__ = (__nrf_balloc_start__ + SIZEOF (.nrf_balloc))
                0x0000000000000000                __nrf_balloc_size__ = SIZEOF (.nrf_balloc)
                0x0000000000005514                __stop_nrf_balloc = __nrf_balloc_end__
                0x0000000000005514                __nrf_balloc_load_end__ = __nrf_balloc_end__
                0x0000000000000001                . = ASSERT (((__nrf_balloc_start__ == __nrf_balloc_end__) || ((__nrf_balloc_end__ - __FLASH1_segment_start__) <= __FLASH1_segment_size__)), error: .nrf_balloc is too large to fit in FLASH1 memory segment)
                0x0000000000005514                __nrf_sections_load_start__ = ALIGN (__nrf_balloc_end__, 0x4)

.nrf_sections   0x0000000000005514        0x0
                0x0000000000005514                __nrf_sections_start__ = .
                0x0000000000005514                __start_nrf_sections = __nrf_sections_start__
 *(.nrf_sections .nrf_sections.*)
                0x0000000000005514                __nrf_sections_end__ = (__nrf_sections_start__ + SIZEOF (.nrf_sections))
                0x0000000000000000                __nrf_sections_size__ = SIZEOF (.nrf_sections)
                0x0000000000005514                __nrf_sections_load_end__ = __nrf_sections_end__
                0x0000000000000001                . = ASSERT (((__nrf_sections_start__ == __nrf_sections_end__) || ((__nrf_sections_end__ - __FLASH1_segment_start__) <= __FLASH1_segment_size__)), error: .nrf_sections is too large to fit in FLASH1 memory segment)
                0x0000000000005514                __log_dynamic_data_load_start__ = ALIGN (__nrf_sections_end__, 0x4)

.log_dynamic_data
                0x0000000020000000        0x0 load address 0x0000000000005514
                0x0000000020000000                __log_dynamic_data_start__ = .
 *(SORT_BY_NAME(.log_dynamic_data*))
                0x0000000020000000                __log_dynamic_data_end__ = (__log_dynamic_data_start__ + SIZEOF (.log_dynamic_data))
                0x0000000000000000                __log_dynamic_data_size__ = SIZEOF (.log_dynamic_data)
                0x0000000000005514                __log_dynamic_data_load_end__ = (__log_dynamic_data_load_start__ + SIZEOF (.log_dynamic_data))
                0x0000000000000001                . = ASSERT (((__log_dynamic_data_load_start__ == __log_dynamic_data_load_end__) || ((__log_dynamic_data_load_end__ - __FLASH1_segment_start__) <= __FLASH1_segment_size__)), error: .log_dynamic_data is too large to fit in FLASH1 memory segment)

.log_dynamic_data_run
                0x0000000020000000        0x0
                0x0000000020000000                __log_dynamic_data_run_start__ = .
                0x0000000020000000                __start_log_dynamic_data = __log_dynamic_data_run_start__
                0x0000000020000000                __log_dynamic_data_run_end__ = (__log_dynamic_data_run_start__ + SIZEOF (.log_dynamic_data))
                0x0000000000000000                __log_dynamic_data_run_size__ = (__log_dynamic_data_run_end__ - __log_dynamic_data_run_start__)
                0x0000000020000000                __stop_log_dynamic_data = __log_dynamic_data_run_end__
                0x0000000020000000                __log_dynamic_data_run_load_end__ = __log_dynamic_data_run_end__
                0x0000000000000001                . = ASSERT (((__log_dynamic_data_run_start__ == __log_dynamic_data_run_end__) || ((__log_dynamic_data_run_end__ - __RAM1_segment_start__) <= __RAM1_segment_size__)), error: .log_dynamic_data_run is too large to fit in RAM1 memory segment)
                0x0000000000005514                __log_filter_data_load_start__ = ALIGN ((__log_dynamic_data_load_start__ + SIZEOF (.log_dynamic_data)), 0x4)

.log_filter_data
                0x0000000020000000        0x0 load address 0x0000000000005514
                0x0000000020000000                __log_filter_data_start__ = .
 *(SORT_BY_NAME(.log_filter_data*))
                0x0000000020000000                __log_filter_data_end__ = (__log_filter_data_start__ + SIZEOF (.log_filter_data))
                0x0000000000000000                __log_filter_data_size__ = SIZEOF (.log_filter_data)
                0x0000000000005514                __log_filter_data_load_end__ = (__log_filter_data_load_start__ + SIZEOF (.log_filter_data))
                0x0000000000000001                . = ASSERT (((__log_filter_data_load_start__ == __log_filter_data_load_end__) || ((__log_filter_data_load_end__ - __FLASH1_segment_start__) <= __FLASH1_segment_size__)), error: .log_filter_data is too large to fit in FLASH1 memory segment)

.log_filter_data_run
                0x0000000020000000        0x0
                0x0000000020000000                __log_filter_data_run_start__ = .
                0x0000000020000000                __start_log_filter_data = __log_filter_data_run_start__
                0x0000000020000000                __log_filter_data_run_end__ = (__log_filter_data_run_start__ + SIZEOF (.log_filter_data))
                0x0000000000000000                __log_filter_data_run_size__ = (__log_filter_data_run_end__ - __log_filter_data_run_start__)
                0x0000000020000000                __stop_log_filter_data = __log_filter_data_run_end__
                0x0000000020000000                __log_filter_data_run_load_end__ = __log_filter_data_run_end__
                0x0000000000000001                . = ASSERT (((__log_filter_data_run_start__ == __log_filter_data_run_end__) || ((__log_filter_data_run_end__ - __RAM1_segment_start__) <= __RAM1_segment_size__)), error: .log_filter_data_run is too large to fit in RAM1 memory segment)
                0x0000000020000000                __nrf_sections_run_end_load_start__ = ALIGN (__log_filter_data_run_end__, 0x4)

.nrf_sections_run_end
                0x0000000020000000        0x0
                0x0000000020000000                __nrf_sections_run_end_start__ = .
                0x0000000020000000                __end_nrf_sections_run = __nrf_sections_run_end_start__
 *(.nrf_sections_run_end .nrf_sections_run_end.*)
                0x0000000020000000                __nrf_sections_run_end_end__ = (__nrf_sections_run_end_start__ + SIZEOF (.nrf_sections_run_end))
                0x0000000000000000                __nrf_sections_run_end_size__ = SIZEOF (.nrf_sections_run_end)
                0x0000000020000000                __nrf_sections_run_end_load_end__ = __nrf_sections_run_end_end__
                0x0000000000000001                . = ASSERT (((__nrf_sections_run_end_start__ == __nrf_sections_run_end_end__) || ((__nrf_sections_run_end_end__ - __RAM1_segment_start__) <= __RAM1_segment_size__)), error: .nrf_sections_run_end is too large to fit in RAM1 memory segment)
                0x0000000000005514                __dtors_load_start__ = ALIGN ((__log_filter_data_load_start__ + SIZEOF (.log_filter_data)), 0x4)

.dtors          0x0000000000005514        0x0
                0x0000000000005514                __dtors_start__ = .
 *(SORT_BY_NAME(.dtors.*))
 *(.dtors)
 *(.fini_array)
 *(SORT_BY_NAME(.fini_array.*))
                0x0000000000005514                __dtors_end__ = (__dtors_start__ + SIZEOF (.dtors))
                0x0000000000000000                __dtors_size__ = SIZEOF (.dtors)
                0x0000000000005514                __dtors_load_end__ = __dtors_end__
                0x0000000000000001                . = ASSERT (((__dtors_start__ == __dtors_end__) || ((__dtors_end__ - __FLASH1_segment_start__) <= __FLASH1_segment_size__)), error: .dtors is too large to fit in FLASH1 memory segment)
                0x0000000000005514                __ctors_load_start__ = ALIGN (__dtors_end__, 0x4)

.ctors          0x0000000000005514        0x0
                0x0000000000005514                __ctors_start__ = .
 *(SORT_BY_NAME(.ctors.*))
 *(.ctors)
 *(.init_array)
 *(SORT_BY_NAME(.init_array.*))
                0x0000000000005514                __ctors_end__ = (__ctors_start__ + SIZEOF (.ctors))
                0x0000000000000000                __ctors_size__ = SIZEOF (.ctors)
                0x0000000000005514                __ctors_load_end__ = __ctors_end__
                0x0000000000000001                . = ASSERT (((__ctors_start__ == __ctors_end__) || ((__ctors_end__ - __FLASH1_segment_start__) <= __FLASH1_segment_size__)), error: .ctors is too large to fit in FLASH1 memory segment)
                0x0000000000005514                __rodata_load_start__ = ALIGN (__ctors_end__, 0x4)

.rodata         0x0000000000005514      0x56c
                0x0000000000005514                __rodata_start__ = .
 *(.rodata .rodata.* .gnu.linkonce.r.*)
 .rodata        0x0000000000005514        0xb Output/Debug/Obj/05oos_rootest/05oos_rootTest.o
 *fill*         0x000000000000551f        0x1 
 .rodata.fcstab
                0x0000000000005520      0x200 Output/Debug/Obj/05oos_rootest/openhdlc.o
 .rodata        0x0000000000005720       0x45 Output/Debug/Obj/05oos_rootest/openserial.o
 *fill*         0x0000000000005765        0x3 
 .rodata.ROOT_LEADER_LINKS
                0x0000000000005768       0x18 Output/Debug/Obj/05oos_rootest/mysf_schedule_root.o
 .rodata        0x0000000000005780       0xb4 Output/Debug/Obj/05oos_rootest/mysf_schedule_root.o
 .rodata.libc.__SEGGER_RTL_hex_uc
                0x0000000000005834       0x10 C:/Program Files/SEGGER/SEGGER Embedded Studio for ARM 6.30/lib/libc_v7em_fpv4_sp_d16_hard_t_le_eabi_balanced.a(prinops.o)
                0x0000000000005834                __SEGGER_RTL_hex_uc
 .rodata.libc.__SEGGER_RTL_hex_lc
                0x0000000000005844       0x10 C:/Program Files/SEGGER/SEGGER Embedded Studio for ARM 6.30/lib/libc_v7em_fpv4_sp_d16_hard_t_le_eabi_balanced.a(prinops.o)
                0x0000000000005844                __SEGGER_RTL_hex_lc
 .rodata.libc..L.str
                0x0000000000005854        0x7 C:/Program Files/SEGGER/SEGGER Embedded Studio for ARM 6.30/lib/libc_v7em_fpv4_sp_d16_hard_t_le_eabi_balanced.a(__SEGGER_RTL_vfprintf_long.o)
 *fill*         0x000000000000585b        0x1 
 .rodata.libc.__SEGGER_RTL_c_locale
                0x000000000000585c        0xc C:/Program Files/SEGGER/SEGGER Embedded Studio for ARM 6.30/lib/libc_v7em_fpv4_sp_d16_hard_t_le_eabi_balanced.a(mbops.o)
                0x000000000000585c                __SEGGER_RTL_c_locale
 .rodata.libc..L.str
                0x0000000000005868        0x2 C:/Program Files/SEGGER/SEGGER Embedded Studio for ARM 6.30/lib/libc_v7em_fpv4_sp_d16_hard_t_le_eabi_balanced.a(mbops.o)
 *fill*         0x000000000000586a        0x2 
 .rodata.libc.__SEGGER_RTL_codeset_ascii
                0x000000000000586c       0x20 C:/Program Files/SEGGER/SEGGER Embedded Studio for ARM 6.30/lib/libc_v7em_fpv4_sp_d16_hard_t_le_eabi_balanced.a(mbops.o)
                0x000000000000586c                __SEGGER_RTL_codeset_ascii
 .rodata.libc.__SEGGER_RTL_c_locale_abbrev_day_names
                0x000000000000588c       0x1d C:/Program Files/SEGGER/SEGGER Embedded Studio for ARM 6.30/lib/libc_v7em_fpv4_sp_d16_hard_t_le_eabi_balanced.a(mbops.o)
                0x000000000000588c                __SEGGER_RTL_c_locale_abbrev_day_names
 .rodata.libc.__SEGGER_RTL_c_locale_abbrev_month_names
                0x00000000000058a9       0x31 C:/Program Files/SEGGER/SEGGER Embedded Studio for ARM 6.30/lib/libc_v7em_fpv4_sp_d16_hard_t_le_eabi_balanced.a(mbops.o)
                0x00000000000058a9                __SEGGER_RTL_c_locale_abbrev_month_names
 .rodata.libc.__SEGGER_RTL_data_utf8_period
                0x00000000000058da        0x2 C:/Program Files/SEGGER/SEGGER Embedded Studio for ARM 6.30/lib/libc_v7em_fpv4_sp_d16_hard_t_le_eabi_balanced.a(mbops.o)
                0x00000000000058da                __SEGGER_RTL_data_utf8_period
 .rodata.libc.__SEGGER_RTL_data_empty_string
                0x00000000000058dc        0x1 C:/Program Files/SEGGER/SEGGER Embedded Studio for ARM 6.30/lib/libc_v7em_fpv4_sp_d16_hard_t_le_eabi_balanced.a(mbops.o)
                0x00000000000058dc                __SEGGER_RTL_data_empty_string
 .rodata.libc.__SEGGER_RTL_c_locale_day_names
                0x00000000000058dd       0x3a C:/Program Files/SEGGER/SEGGER Embedded Studio for ARM 6.30/lib/libc_v7em_fpv4_sp_d16_hard_t_le_eabi_balanced.a(mbops.o)
 .rodata.libc.__SEGGER_RTL_c_locale_month_names
                0x0000000000005917       0x57 C:/Program Files/SEGGER/SEGGER Embedded Studio for ARM 6.30/lib/libc_v7em_fpv4_sp_d16_hard_t_le_eabi_balanced.a(mbops.o)
 .rodata.libc.__SEGGER_RTL_c_locale_am_pm_indicator
                0x000000000000596e        0x7 C:/Program Files/SEGGER/SEGGER Embedded Studio for ARM 6.30/lib/libc_v7em_fpv4_sp_d16_hard_t_le_eabi_balanced.a(mbops.o)
 .rodata.libc.__SEGGER_RTL_c_locale_date_format
                0x0000000000005975        0x9 C:/Program Files/SEGGER/SEGGER Embedded Studio for ARM 6.30/lib/libc_v7em_fpv4_sp_d16_hard_t_le_eabi_balanced.a(mbops.o)
 .rodata.libc.__SEGGER_RTL_c_locale_time_format
                0x000000000000597e        0x9 C:/Program Files/SEGGER/SEGGER Embedded Studio for ARM 6.30/lib/libc_v7em_fpv4_sp_d16_hard_t_le_eabi_balanced.a(mbops.o)
 .rodata.libc.__SEGGER_RTL_c_locale_date_time_format
                0x0000000000005987        0xf C:/Program Files/SEGGER/SEGGER Embedded Studio for ARM 6.30/lib/libc_v7em_fpv4_sp_d16_hard_t_le_eabi_balanced.a(mbops.o)
 *fill*         0x0000000000005996        0x2 
 .rodata.libc.__SEGGER_RTL_c_locale_data
                0x0000000000005998       0x58 C:/Program Files/SEGGER/SEGGER Embedded Studio for ARM 6.30/lib/libc_v7em_fpv4_sp_d16_hard_t_le_eabi_balanced.a(mbops.o)
                0x0000000000005998                __SEGGER_RTL_c_locale_data
 .rodata.libc.__SEGGER_RTL_ascii_ctype_map
                0x00000000000059f0       0x80 C:/Program Files/SEGGER/SEGGER Embedded Studio for ARM 6.30/lib/libc_v7em_fpv4_sp_d16_hard_t_le_eabi_balanced.a(mbops.o)
 .rodata.libc.__SEGGER_RTL_ascii_ctype_mask
                0x0000000000005a70        0xd C:/Program Files/SEGGER/SEGGER Embedded Studio for ARM 6.30/lib/libc_v7em_fpv4_sp_d16_hard_t_le_eabi_balanced.a(mbops.o)
                0x0000000000005a80                . = ALIGN (MAX ((__rodata_start__ + 0x4), .), 0x4)
 *fill*         0x0000000000005a7d        0x3 
                0x0000000000005a80                __rodata_end__ = (__rodata_start__ + SIZEOF (.rodata))
                0x000000000000056c                __rodata_size__ = SIZEOF (.rodata)
                0x0000000000005a80                __rodata_load_end__ = __rodata_end__

.rel.dyn        0x0000000000005a80        0x0
 .rel.iplt      0x0000000000005a80        0x0 Output/Debug/Obj/05oos_rootest/05oos_rootTest.o
                0x0000000000000001                . = ASSERT (((__rodata_start__ == __rodata_end__) || ((__rodata_end__ - __FLASH1_segment_start__) <= __FLASH1_segment_size__)), error: .rodata is too large to fit in FLASH1 memory segment)
                0x0000000000005a80                __ARM.exidx_load_start__ = ALIGN (__rodata_end__, 0x4)

.ARM.exidx      0x0000000000005a80        0x0
                0x0000000000005a80                __ARM.exidx_start__ = .
                0x0000000000005a80                __exidx_start = __ARM.exidx_start__
 *(.ARM.exidx .ARM.exidx.*)
                0x0000000000005a80                __ARM.exidx_end__ = (__ARM.exidx_start__ + SIZEOF (.ARM.exidx))
                0x0000000000000000                __ARM.exidx_size__ = SIZEOF (.ARM.exidx)
                0x0000000000005a80                __exidx_end = __ARM.exidx_end__
                0x0000000000005a80                __ARM.exidx_load_end__ = __ARM.exidx_end__
                0x0000000000000001                . = ASSERT (((__ARM.exidx_start__ == __ARM.exidx_end__) || ((__ARM.exidx_end__ - __FLASH1_segment_start__) <= __FLASH1_segment_size__)), error: .ARM.exidx is too large to fit in FLASH1 memory segment)
                0x0000000000005a80                __fast_load_start__ = ALIGN (__ARM.exidx_end__, 0x4)

.fast           0x0000000020000000        0x0 load address 0x0000000000005a80
                0x0000000020000000                __fast_start__ = .
 *(.fast .fast.*)
                0x0000000020000000                __fast_end__ = (__fast_start__ + SIZEOF (.fast))
                0x0000000000000000                __fast_size__ = SIZEOF (.fast)
                0x0000000000005a80                __fast_load_end__ = (__fast_load_start__ + SIZEOF (.fast))
                0x0000000000000001                . = ASSERT (((__fast_load_start__ == __fast_load_end__) || ((__fast_load_end__ - __FLASH1_segment_start__) <= __FLASH1_segment_size__)), error: .fast is too large to fit in FLASH1 memory segment)

.fast_run       0x0000000020000000        0x0
                0x0000000020000000                __fast_run_start__ = .
                0x0000000020000000                __fast_run_end__ = (__fast_run_start__ + SIZEOF (.fast))
                0x0000000000000000                __fast_run_size__ = (__fast_run_end__ - __fast_run_start__)
                0x0000000020000000                __fast_run_load_end__ = __fast_run_end__
                0x0000000000000001                . = ASSERT (((__fast_run_start__ == __fast_run_end__) || ((__fast_run_end__ - __RAM1_segment_start__) <= __RAM1_segment_size__)), error: .fast_run is too large to fit in RAM1 memory segment)
                0x0000000000005a80                __data_load_start__ = ALIGN ((__fast_load_start__ + SIZEOF (.fast)), 0x4)

.data           0x0000000020000000       0x18 load address 0x0000000000005a80
                0x0000000020000000                __data_start__ = .
 *(.data .data.* .gnu.linkonce.d.*)
 .data.SystemCoreClock
                0x0000000020000000        0x4 Output/Debug/Obj/05oos_rootest/system_nrf52840.o
                0x0000000020000000                SystemCoreClock
 .data.libc.__SEGGER_RTL_global_locale
                0x0000000020000004       0x14 C:/Program Files/SEGGER/SEGGER Embedded Studio for ARM 6.30/lib/libc_v7em_fpv4_sp_d16_hard_t_le_eabi_balanced.a(mbops.o)
                0x0000000020000004                __SEGGER_RTL_global_locale
                0x0000000020000004                __RAL_global_locale
                0x0000000020000018                __data_end__ = (__data_start__ + SIZEOF (.data))
                0x0000000000000018                __data_size__ = SIZEOF (.data)
                0x0000000000005a98                __data_load_end__ = (__data_load_start__ + SIZEOF (.data))

.igot.plt       0x0000000100000000        0x0
 .igot.plt      0x0000000100000000        0x0 Output/Debug/Obj/05oos_rootest/05oos_rootTest.o
                0x0000000000000001                . = ASSERT (((__data_load_start__ == __data_load_end__) || ((__data_load_end__ - __FLASH1_segment_start__) <= __FLASH1_segment_size__)), error: .data is too large to fit in FLASH1 memory segment)

.data_run       0x0000000020000000        0x0
                0x0000000020000000                __data_run_start__ = .
                0x0000000020000018                __data_run_end__ = (__data_run_start__ + SIZEOF (.data))
                0x0000000000000018                __data_run_size__ = (__data_run_end__ - __data_run_start__)
                0x0000000020000018                __data_run_load_end__ = __data_run_end__
                0x0000000000000001                . = ASSERT (((__data_run_start__ == __data_run_end__) || ((__data_run_end__ - __RAM1_segment_start__) <= __RAM1_segment_size__)), error: .data_run is too large to fit in RAM1 memory segment)
                0x0000000000005a98                __tdata_load_start__ = ALIGN ((__data_load_start__ + SIZEOF (.data)), 0x4)

.tdata          0x0000000020000018        0x0 load address 0x0000000000005a98
                0x0000000020000018                __tdata_start__ = .
 *(.tdata .tdata.*)
                0x0000000020000018                __tdata_end__ = (__tdata_start__ + SIZEOF (.tdata))
                0x0000000000000000                __tdata_size__ = SIZEOF (.tdata)
                0x0000000000005a98                __tdata_load_end__ = (__tdata_load_start__ + SIZEOF (.tdata))
                0x0000000000005a98                __FLASH1_segment_used_end__ = (ALIGN ((__data_load_start__ + SIZEOF (.data)), 0x4) + SIZEOF (.tdata))
                0x0000000000005a98                __FLASH1_segment_used_size__ = (__FLASH1_segment_used_end__ - __FLASH1_segment_start__)
                0x0000000000000001                . = ASSERT (((__tdata_load_start__ == __tdata_load_end__) || ((__tdata_load_end__ - __FLASH1_segment_start__) <= __FLASH1_segment_size__)), error: .tdata is too large to fit in FLASH1 memory segment)

.tdata_run      0x0000000020000018        0x0
                0x0000000020000018                __tdata_run_start__ = .
                0x0000000020000018                __tdata_run_end__ = (__tdata_run_start__ + SIZEOF (.tdata))
                0x0000000000000000                __tdata_run_size__ = (__tdata_run_end__ - __tdata_run_start__)
                0x0000000020000018                __tdata_run_load_end__ = __tdata_run_end__
                0x0000000000000001                . = ASSERT (((__tdata_run_start__ == __tdata_run_end__) || ((__tdata_run_end__ - __RAM1_segment_start__) <= __RAM1_segment_size__)), error: .tdata_run is too large to fit in RAM1 memory segment)
                0x0000000020000018                __bss_load_start__ = ALIGN (__tdata_run_end__, 0x4)

.bss            0x0000000020000018     0x3224
                0x0000000020000018                __bss_start__ = .
 *(.bss .bss.* .gnu.linkonce.b.*)
 .bss.radio_vars
                0x0000000020000018       0x98 Output/Debug/Obj/05oos_rootest/radio.o
 .bss.sctimer_vars
                0x00000000200000b0        0x8 Output/Debug/Obj/05oos_rootest/sctimer.o
                0x00000000200000b0                sctimer_vars
 .bss.uart_vars
                0x00000000200000b8        0xc Output/Debug/Obj/05oos_rootest/uart.o
                0x00000000200000b8                uart_vars
 .bss.openserial_vars
                0x00000000200000c4      0x4dc Output/Debug/Obj/05oos_rootest/openserial.o
                0x00000000200000c4                openserial_vars
 .bss.opentimers_vars
                0x00000000200005a0      0x1b4 Output/Debug/Obj/05oos_rootest/opentimers.o
                0x00000000200005a0                opentimers_vars
 .bss.scheduler_vars
                0x0000000020000754       0x7c Output/Debug/Obj/05oos_rootest/scheduler.o
                0x0000000020000754                scheduler_vars
 .bss.ieee802154_security_vars
                0x00000000200007d0       0x24 Output/Debug/Obj/05oos_rootest/IEEE802154_security.o
                0x00000000200007d0                ieee802154_security_vars
 .bss.ieee154e_vars
                0x00000000200007f4      0x1b8 Output/Debug/Obj/05oos_rootest/IEEE802154E.o
                0x00000000200007f4                ieee154e_vars
 .bss.ieee154e_stats
                0x00000000200009ac        0xf Output/Debug/Obj/05oos_rootest/IEEE802154E.o
                0x00000000200009ac                ieee154e_stats
 *fill*         0x00000000200009bb        0x1 
 .bss.msf_vars_debug
                0x00000000200009bc        0x2 Output/Debug/Obj/05oos_rootest/msf.o
                0x00000000200009bc                msf_vars_debug
 *fill*         0x00000000200009be        0x2 
 .bss.g_dataHandler
                0x00000000200009c0        0x4 Output/Debug/Obj/05oos_rootest/mysf_schedule_root.o
                0x00000000200009c0                g_dataHandler
 .bss.g_pcCmdHandler
                0x00000000200009c4        0x4 Output/Debug/Obj/05oos_rootest/mysf_schedule_root.o
                0x00000000200009c4                g_pcCmdHandler
 .bss.neighbors_vars
                0x00000000200009c8      0x496 Output/Debug/Obj/05oos_rootest/neighbors.o
 *fill*         0x0000000020000e5e        0x2 
 .bss.schedule_vars
                0x0000000020000e60      0x8ec Output/Debug/Obj/05oos_rootest/schedule.o
                0x0000000020000e60                schedule_vars
 .bss.sixtop_vars
                0x000000002000174c       0x4c Output/Debug/Obj/05oos_rootest/sixtop.o
                0x000000002000174c                sixtop_vars
 .bss.icmpv6rpl_vars
                0x0000000020001798       0xa0 Output/Debug/Obj/05oos_rootest/icmpv6rpl.o
                0x0000000020001798                icmpv6rpl_vars
 .bss.idmanager_vars
                0x0000000020001838       0x5b Output/Debug/Obj/05oos_rootest/idmanager.o
                0x0000000020001838                idmanager_vars
 *fill*         0x0000000020001893        0x1 
 .bss.openqueue_vars
                0x0000000020001894     0x19a0 Output/Debug/Obj/05oos_rootest/openqueue.o
                0x0000000020001894                openqueue_vars
 .bss.libc.__SEGGER_RTL_locale_ptr
                0x0000000020003234        0x4 C:/Program Files/SEGGER/SEGGER Embedded Studio for ARM 6.30/lib/libc_v7em_fpv4_sp_d16_hard_t_le_eabi_balanced.a(mbops.o)
                0x0000000020003234                __SEGGER_RTL_locale_ptr
 .bss.__SEGGER_RTL_heap_globals
                0x0000000020003238        0x4 C:/Program Files/SEGGER/SEGGER Embedded Studio for ARM 6.30/lib/heapops_basic_v7em_little.a(heapops_basic.o)
 *(COMMON)
                0x000000002000323c                __bss_end__ = (__bss_start__ + SIZEOF (.bss))
                0x0000000000003224                __bss_size__ = SIZEOF (.bss)
                0x000000002000323c                __bss_load_end__ = __bss_end__
                0x0000000000000001                . = ASSERT (((__bss_start__ == __bss_end__) || ((__bss_end__ - __RAM1_segment_start__) <= __RAM1_segment_size__)), error: .bss is too large to fit in RAM1 memory segment)
                0x000000002000323c                __tbss_load_start__ = ALIGN (__bss_end__, 0x4)

.tbss           0x000000002000323c        0x0
                0x000000002000323c                __tbss_start__ = .
 *(.tbss .tbss.*)
                0x000000002000323c                __tbss_end__ = (__tbss_start__ + SIZEOF (.tbss))
                0x0000000000000000                __tbss_size__ = SIZEOF (.tbss)
                0x000000002000323c                __tbss_load_end__ = __tbss_end__
                0x0000000000000001                . = ASSERT (((__tbss_start__ == __tbss_end__) || ((__tbss_end__ - __RAM1_segment_start__) <= __RAM1_segment_size__)), error: .tbss is too large to fit in RAM1 memory segment)
                0x000000002000323c                __non_init_load_start__ = ALIGN (__tbss_end__, 0x4)

.non_init       0x000000002000323c        0x0
                0x000000002000323c                __non_init_start__ = .
 *(.non_init .non_init.*)
                0x000000002000323c                __non_init_end__ = (__non_init_start__ + SIZEOF (.non_init))
                0x0000000000000000                __non_init_size__ = SIZEOF (.non_init)
                0x000000002000323c                __non_init_load_end__ = __non_init_end__
                0x0000000000000001                . = ASSERT (((__non_init_start__ == __non_init_end__) || ((__non_init_end__ - __RAM1_segment_start__) <= __RAM1_segment_size__)), error: .non_init is too large to fit in RAM1 memory segment)
                0x000000002000323c                __heap_load_start__ = ALIGN (__non_init_end__, 0x4)

.heap           0x000000002000323c     0x2000
                0x000000002000323c                __heap_start__ = .
 *(.heap .heap.*)
                0x000000002000523c                . = ALIGN (MAX ((__heap_start__ + __HEAPSIZE__), .), 0x4)
 *fill*         0x000000002000323c     0x2000 
                0x000000002000523c                __heap_end__ = (__heap_start__ + SIZEOF (.heap))
                0x0000000000002000                __heap_size__ = SIZEOF (.heap)
                0x000000002000523c                __heap_load_end__ = __heap_end__
                0x0000000000000001                . = ASSERT (((__heap_start__ == __heap_end__) || ((__heap_end__ - __RAM1_segment_start__) <= __RAM1_segment_size__)), error: .heap is too large to fit in RAM1 memory segment)
                0x000000002003e000                __stack_load_start__ = (__RAM1_segment_start__ + (__RAM1_segment_size__ - 0x2000))

.stack          0x000000002003e000     0x2000
                0x000000002003e000                __stack_start__ = .
                0x000000002003e000                __StackLimit = __stack_start__
 *(.stack .stack.*)
                0x0000000020040000                . = ALIGN (MAX ((__stack_start__ + __STACKSIZE__), .), 0x8)
 *fill*         0x000000002003e000     0x2000 
                0x0000000020040000                __stack_end__ = (__stack_start__ + SIZEOF (.stack))
                0x0000000000002000                __stack_size__ = SIZEOF (.stack)
                0x0000000020040000                __StackTop = __stack_end__
                0x0000000020040000                __stack_load_end__ = __stack_end__
                0x0000000000000001                . = ASSERT (((__stack_start__ == __stack_end__) || ((__stack_end__ - __RAM1_segment_start__) <= __RAM1_segment_size__)), error: .stack is too large to fit in RAM1 memory segment)
                0x0000000000000001                . = ASSERT ((__heap_end__ <= __stack_start__), error: section .heap overlaps absolute placed section .stack)
                0x0000000020040000                __stack_process_load_start__ = ALIGN (__stack_end__, 0x8)

.stack_process  0x0000000020040000        0x0
                0x0000000020040000                __stack_process_start__ = .
 *(.stack_process .stack_process.*)
                0x0000000020040000                . = ALIGN (MAX ((__stack_process_start__ + __STACKSIZE_PROCESS__), .), 0x8)
                0x0000000020040000                __stack_process_end__ = (__stack_process_start__ + SIZEOF (.stack_process))
                0x0000000000000000                __stack_process_size__ = SIZEOF (.stack_process)
                0x0000000020040000                __stack_process_load_end__ = __stack_process_end__
                0x0000000020040000                __RAM1_segment_used_end__ = (ALIGN (__stack_end__, 0x8) + SIZEOF (.stack_process))
                0x0000000000040000                __RAM1_segment_used_size__ = (__RAM1_segment_used_end__ - __RAM1_segment_start__)
                0x0000000000000001                . = ASSERT (((__stack_process_start__ == __stack_process_end__) || ((__stack_process_end__ - __RAM1_segment_start__) <= __RAM1_segment_size__)), error: .stack_process is too large to fit in RAM1 memory segment)
START GROUP
LOAD Output/Debug/Obj/05oos_rootest/05oos_rootTest.o
LOAD Output/Debug/Obj/05oos_rootest/adc.o
LOAD Output/Debug/Obj/05oos_rootest/board.o
LOAD Output/Debug/Obj/05oos_rootest/cryptoengine.o
LOAD Output/Debug/Obj/05oos_rootest/debugpins.o
LOAD Output/Debug/Obj/05oos_rootest/eui64.o
LOAD Output/Debug/Obj/05oos_rootest/i2c.o
LOAD Output/Debug/Obj/05oos_rootest/leds.o
LOAD Output/Debug/Obj/05oos_rootest/radio.o
LOAD Output/Debug/Obj/05oos_rootest/sctimer.o
LOAD Output/Debug/Obj/05oos_rootest/ses_startup_nrf52840.o
LOAD Output/Debug/Obj/05oos_rootest/ses_startup_nrf_common.o
LOAD Output/Debug/Obj/05oos_rootest/thumb_crt0.o
LOAD Output/Debug/Obj/05oos_rootest/system_nrf52840.o
LOAD Output/Debug/Obj/05oos_rootest/sensors.o
LOAD Output/Debug/Obj/05oos_rootest/spi.o
LOAD Output/Debug/Obj/05oos_rootest/uart.o
LOAD Output/Debug/Obj/05oos_rootest/aes128.o
LOAD Output/Debug/Obj/05oos_rootest/ccms.o
LOAD Output/Debug/Obj/05oos_rootest/hkdf.o
LOAD Output/Debug/Obj/05oos_rootest/hmac.o
LOAD Output/Debug/Obj/05oos_rootest/sha224-256.o
LOAD Output/Debug/Obj/05oos_rootest/usha.o
LOAD Output/Debug/Obj/05oos_rootest/openhdlc.o
LOAD Output/Debug/Obj/05oos_rootest/opensensors.o
LOAD Output/Debug/Obj/05oos_rootest/openserial.o
LOAD Output/Debug/Obj/05oos_rootest/opentimers.o
LOAD Output/Debug/Obj/05oos_rootest/scheduler.o
LOAD Output/Debug/Obj/05oos_rootest/adaptive_sync.o
LOAD Output/Debug/Obj/05oos_rootest/IEEE802154.o
LOAD Output/Debug/Obj/05oos_rootest/IEEE802154_security.o
LOAD Output/Debug/Obj/05oos_rootest/IEEE802154E.o
LOAD Output/Debug/Obj/05oos_rootest/topology.o
LOAD Output/Debug/Obj/05oos_rootest/msf.o
LOAD Output/Debug/Obj/05oos_rootest/mysf_schedule.o
LOAD Output/Debug/Obj/05oos_rootest/mysf_schedule_root.o
LOAD Output/Debug/Obj/05oos_rootest/neighbors.o
LOAD Output/Debug/Obj/05oos_rootest/schedule.o
LOAD Output/Debug/Obj/05oos_rootest/sixtop.o
LOAD Output/Debug/Obj/05oos_rootest/frag.o
LOAD Output/Debug/Obj/05oos_rootest/iphc.o
LOAD Output/Debug/Obj/05oos_rootest/openbridge.o
LOAD Output/Debug/Obj/05oos_rootest/forwarding.o
LOAD Output/Debug/Obj/05oos_rootest/icmpv6.o
LOAD Output/Debug/Obj/05oos_rootest/icmpv6echo.o
LOAD Output/Debug/Obj/05oos_rootest/icmpv6rpl.o
LOAD Output/Debug/Obj/05oos_rootest/sock.o
LOAD Output/Debug/Obj/05oos_rootest/udp.o
LOAD Output/Debug/Obj/05oos_rootest/idmanager.o
LOAD Output/Debug/Obj/05oos_rootest/openqueue.o
LOAD Output/Debug/Obj/05oos_rootest/openrandom.o
LOAD Output/Debug/Obj/05oos_rootest/packetfunctions.o
LOAD Output/Debug/Obj/05oos_rootest/openstack.o
LOAD Output/Debug/Obj/05oos_rootest/c6t.o
LOAD Output/Debug/Obj/05oos_rootest/cexample.o
LOAD Output/Debug/Obj/05oos_rootest/cinfo.o
LOAD Output/Debug/Obj/05oos_rootest/cinfrared.o
LOAD Output/Debug/Obj/05oos_rootest/cjoin.o
LOAD Output/Debug/Obj/05oos_rootest/cojp_cbor.o
LOAD Output/Debug/Obj/05oos_rootest/cled.o
LOAD Output/Debug/Obj/05oos_rootest/csensors.o
LOAD Output/Debug/Obj/05oos_rootest/cstorm.o
LOAD Output/Debug/Obj/05oos_rootest/cwellknown.o
LOAD Output/Debug/Obj/05oos_rootest/openapps.o
LOAD Output/Debug/Obj/05oos_rootest/rrt.o
LOAD Output/Debug/Obj/05oos_rootest/uecho.o
LOAD Output/Debug/Obj/05oos_rootest/uexpiration.o
LOAD Output/Debug/Obj/05oos_rootest/uexpiration_monitor.o
LOAD Output/Debug/Obj/05oos_rootest/uinject.o
LOAD Output/Debug/Obj/05oos_rootest/userialbridge.o
LOAD Output/Debug/Obj/05oos_rootest/newUinject.o
LOAD Output/Debug/Obj/05oos_rootest/cborencoder.o
LOAD Output/Debug/Obj/05oos_rootest/coap.o
LOAD Output/Debug/Obj/05oos_rootest/oscore.o
LOAD Output/Debug/Obj/05oos_rootest/openweb.o
LOAD C:/Users/16603/AppData/Local/SEGGER/SEGGER Embedded Studio/v3/packages/libraries/libcxx/lib/libcxx_noexcept_v7em_fpv4_sp_d16_hard_t_le_eabi_balanced.a
LOAD C:/Program Files/SEGGER/SEGGER Embedded Studio for ARM 6.30/lib/libc_v7em_fpv4_sp_d16_hard_t_le_eabi_balanced.a
LOAD C:/Program Files/SEGGER/SEGGER Embedded Studio for ARM 6.30/lib/heapops_basic_v7em_little.a
END GROUP
OUTPUT(C:/Users/16603/Desktop/HKUSTGZ/IOTA5109-WSN/openwsnProj/mywsn/projects/nrf52840_dk/Output/Debug/Exe/05oos_rootest.elf elf32-littlearm)
LOAD linker stubs

.debug_frame    0x0000000000000000     0x5ce8
 .debug_frame   0x0000000000000000       0x4c Output/Debug/Obj/05oos_rootest/05oos_rootTest.o
 .debug_frame   0x000000000000004c       0xa4 Output/Debug/Obj/05oos_rootest/board.o
 .debug_frame   0x00000000000000f0      0x140 Output/Debug/Obj/05oos_rootest/debugpins.o
 .debug_frame   0x0000000000000230       0xd0 Output/Debug/Obj/05oos_rootest/i2c.o
 .debug_frame   0x0000000000000300      0x1f0 Output/Debug/Obj/05oos_rootest/leds.o
 .debug_frame   0x00000000000004f0      0x370 Output/Debug/Obj/05oos_rootest/radio.o
 .debug_frame   0x0000000000000860       0xd4 Output/Debug/Obj/05oos_rootest/sctimer.o
 .debug_frame   0x0000000000000934     0x1ef0 Output/Debug/Obj/05oos_rootest/system_nrf52840.o
 .debug_frame   0x0000000000002824      0x120 Output/Debug/Obj/05oos_rootest/uart.o
 .debug_frame   0x0000000000002944       0x30 Output/Debug/Obj/05oos_rootest/openhdlc.o
 .debug_frame   0x0000000000002974      0x460 Output/Debug/Obj/05oos_rootest/openserial.o
 .debug_frame   0x0000000000002dd4      0x17c Output/Debug/Obj/05oos_rootest/opentimers.o
 .debug_frame   0x0000000000002f50       0x74 Output/Debug/Obj/05oos_rootest/scheduler.o
 .debug_frame   0x0000000000002fc4       0x60 Output/Debug/Obj/05oos_rootest/IEEE802154.o
 .debug_frame   0x0000000000003024      0x1cc Output/Debug/Obj/05oos_rootest/IEEE802154_security.o
 .debug_frame   0x00000000000031f0      0xaac Output/Debug/Obj/05oos_rootest/IEEE802154E.o
 .debug_frame   0x0000000000003c9c      0x2e4 Output/Debug/Obj/05oos_rootest/msf.o
 .debug_frame   0x0000000000003f80       0x78 Output/Debug/Obj/05oos_rootest/mysf_schedule.o
 .debug_frame   0x0000000000003ff8      0x140 Output/Debug/Obj/05oos_rootest/mysf_schedule_root.o
 .debug_frame   0x0000000000004138      0x4d8 Output/Debug/Obj/05oos_rootest/neighbors.o
 .debug_frame   0x0000000000004610      0x594 Output/Debug/Obj/05oos_rootest/schedule.o
 .debug_frame   0x0000000000004ba4      0x3c4 Output/Debug/Obj/05oos_rootest/sixtop.o
 .debug_frame   0x0000000000004f68      0x190 Output/Debug/Obj/05oos_rootest/iphc.o
 .debug_frame   0x00000000000050f8       0x9c Output/Debug/Obj/05oos_rootest/openbridge.o
 .debug_frame   0x0000000000005194      0x308 Output/Debug/Obj/05oos_rootest/icmpv6rpl.o
 .debug_frame   0x000000000000549c      0x1f8 Output/Debug/Obj/05oos_rootest/idmanager.o
 .debug_frame   0x0000000000005694      0x2b0 Output/Debug/Obj/05oos_rootest/openqueue.o
 .debug_frame   0x0000000000005944      0x3a4 Output/Debug/Obj/05oos_rootest/packetfunctions.o

.debug_info     0x0000000000000000    0x1c404
 .debug_info    0x0000000000000000      0x37a Output/Debug/Obj/05oos_rootest/05oos_rootTest.o
 .debug_info    0x000000000000037a      0xa28 Output/Debug/Obj/05oos_rootest/board.o
 .debug_info    0x0000000000000da2      0x382 Output/Debug/Obj/05oos_rootest/debugpins.o
 .debug_info    0x0000000000001124      0x81d Output/Debug/Obj/05oos_rootest/i2c.o
 .debug_info    0x0000000000001941      0x44e Output/Debug/Obj/05oos_rootest/leds.o
 .debug_info    0x0000000000001d8f     0x1728 Output/Debug/Obj/05oos_rootest/radio.o
 .debug_info    0x00000000000034b7      0xaac Output/Debug/Obj/05oos_rootest/sctimer.o
 .debug_info    0x0000000000003f63       0x23 Output/Debug/Obj/05oos_rootest/ses_startup_nrf52840.o
 .debug_info    0x0000000000003f86       0x23 Output/Debug/Obj/05oos_rootest/ses_startup_nrf_common.o
 .debug_info    0x0000000000003fa9       0x22 Output/Debug/Obj/05oos_rootest/thumb_crt0.o
 .debug_info    0x0000000000003fcb     0x45a4 Output/Debug/Obj/05oos_rootest/system_nrf52840.o
 .debug_info    0x000000000000856f      0x9f8 Output/Debug/Obj/05oos_rootest/uart.o
 .debug_info    0x0000000000008f67      0x180 Output/Debug/Obj/05oos_rootest/openhdlc.o
 .debug_info    0x00000000000090e7     0x13bc Output/Debug/Obj/05oos_rootest/openserial.o
 .debug_info    0x000000000000a4a3      0x75d Output/Debug/Obj/05oos_rootest/opentimers.o
 .debug_info    0x000000000000ac00      0x377 Output/Debug/Obj/05oos_rootest/scheduler.o
 .debug_info    0x000000000000af77      0xedc Output/Debug/Obj/05oos_rootest/IEEE802154.o
 .debug_info    0x000000000000be53      0xa59 Output/Debug/Obj/05oos_rootest/IEEE802154_security.o
 .debug_info    0x000000000000c8ac     0x24d3 Output/Debug/Obj/05oos_rootest/IEEE802154E.o
 .debug_info    0x000000000000ed7f      0xe71 Output/Debug/Obj/05oos_rootest/msf.o
 .debug_info    0x000000000000fbf0      0x6c7 Output/Debug/Obj/05oos_rootest/mysf_schedule.o
 .debug_info    0x00000000000102b7      0xbfc Output/Debug/Obj/05oos_rootest/mysf_schedule_root.o
 .debug_info    0x0000000000010eb3     0x1589 Output/Debug/Obj/05oos_rootest/neighbors.o
 .debug_info    0x000000000001243c     0x1a8c Output/Debug/Obj/05oos_rootest/schedule.o
 .debug_info    0x0000000000013ec8     0x1c60 Output/Debug/Obj/05oos_rootest/sixtop.o
 .debug_info    0x0000000000015b28     0x169c Output/Debug/Obj/05oos_rootest/iphc.o
 .debug_info    0x00000000000171c4      0xb46 Output/Debug/Obj/05oos_rootest/openbridge.o
 .debug_info    0x0000000000017d0a     0x1779 Output/Debug/Obj/05oos_rootest/icmpv6rpl.o
 .debug_info    0x0000000000019483      0xc66 Output/Debug/Obj/05oos_rootest/idmanager.o
 .debug_info    0x000000000001a0e9     0x1277 Output/Debug/Obj/05oos_rootest/openqueue.o
 .debug_info    0x000000000001b360     0x10a4 Output/Debug/Obj/05oos_rootest/packetfunctions.o

.debug_abbrev   0x0000000000000000     0x4227
 .debug_abbrev  0x0000000000000000      0x1c9 Output/Debug/Obj/05oos_rootest/05oos_rootTest.o
 .debug_abbrev  0x00000000000001c9      0x1b4 Output/Debug/Obj/05oos_rootest/board.o
 .debug_abbrev  0x000000000000037d       0xe4 Output/Debug/Obj/05oos_rootest/debugpins.o
 .debug_abbrev  0x0000000000000461      0x1a9 Output/Debug/Obj/05oos_rootest/i2c.o
 .debug_abbrev  0x000000000000060a      0x163 Output/Debug/Obj/05oos_rootest/leds.o
 .debug_abbrev  0x000000000000076d      0x373 Output/Debug/Obj/05oos_rootest/radio.o
 .debug_abbrev  0x0000000000000ae0      0x1f8 Output/Debug/Obj/05oos_rootest/sctimer.o
 .debug_abbrev  0x0000000000000cd8       0x14 Output/Debug/Obj/05oos_rootest/ses_startup_nrf52840.o
 .debug_abbrev  0x0000000000000cec       0x14 Output/Debug/Obj/05oos_rootest/ses_startup_nrf_common.o
 .debug_abbrev  0x0000000000000d00       0x12 Output/Debug/Obj/05oos_rootest/thumb_crt0.o
 .debug_abbrev  0x0000000000000d12      0x235 Output/Debug/Obj/05oos_rootest/system_nrf52840.o
 .debug_abbrev  0x0000000000000f47      0x22c Output/Debug/Obj/05oos_rootest/uart.o
 .debug_abbrev  0x0000000000001173       0xa7 Output/Debug/Obj/05oos_rootest/openhdlc.o
 .debug_abbrev  0x000000000000121a      0x3a4 Output/Debug/Obj/05oos_rootest/openserial.o
 .debug_abbrev  0x00000000000015be      0x2ea Output/Debug/Obj/05oos_rootest/opentimers.o
 .debug_abbrev  0x00000000000018a8      0x19c Output/Debug/Obj/05oos_rootest/scheduler.o
 .debug_abbrev  0x0000000000001a44      0x1fb Output/Debug/Obj/05oos_rootest/IEEE802154.o
 .debug_abbrev  0x0000000000001c3f      0x24a Output/Debug/Obj/05oos_rootest/IEEE802154_security.o
 .debug_abbrev  0x0000000000001e89      0x40b Output/Debug/Obj/05oos_rootest/IEEE802154E.o
 .debug_abbrev  0x0000000000002294      0x31d Output/Debug/Obj/05oos_rootest/msf.o
 .debug_abbrev  0x00000000000025b1      0x1a1 Output/Debug/Obj/05oos_rootest/mysf_schedule.o
 .debug_abbrev  0x0000000000002752      0x23f Output/Debug/Obj/05oos_rootest/mysf_schedule_root.o
 .debug_abbrev  0x0000000000002991      0x2f2 Output/Debug/Obj/05oos_rootest/neighbors.o
 .debug_abbrev  0x0000000000002c83      0x350 Output/Debug/Obj/05oos_rootest/schedule.o
 .debug_abbrev  0x0000000000002fd3      0x325 Output/Debug/Obj/05oos_rootest/sixtop.o
 .debug_abbrev  0x00000000000032f8      0x276 Output/Debug/Obj/05oos_rootest/iphc.o
 .debug_abbrev  0x000000000000356e      0x1b2 Output/Debug/Obj/05oos_rootest/openbridge.o
 .debug_abbrev  0x0000000000003720      0x329 Output/Debug/Obj/05oos_rootest/icmpv6rpl.o
 .debug_abbrev  0x0000000000003a49      0x287 Output/Debug/Obj/05oos_rootest/idmanager.o
 .debug_abbrev  0x0000000000003cd0      0x2ee Output/Debug/Obj/05oos_rootest/openqueue.o
 .debug_abbrev  0x0000000000003fbe      0x269 Output/Debug/Obj/05oos_rootest/packetfunctions.o

.debug_pubnames
                0x0000000000000000    0x1690d
 .debug_pubnames
                0x0000000000000000      0x170 Output/Debug/Obj/05oos_rootest/05oos_rootTest.o
 .debug_pubnames
                0x0000000000000170      0x12a Output/Debug/Obj/05oos_rootest/board.o
 .debug_pubnames
                0x000000000000029a      0x21a Output/Debug/Obj/05oos_rootest/debugpins.o
 .debug_pubnames
                0x00000000000004b4       0xd0 Output/Debug/Obj/05oos_rootest/i2c.o
 .debug_pubnames
                0x0000000000000584      0x212 Output/Debug/Obj/05oos_rootest/leds.o
 .debug_pubnames
                0x0000000000000796      0x8c4 Output/Debug/Obj/05oos_rootest/radio.o
 .debug_pubnames
                0x000000000000105a      0x4f4 Output/Debug/Obj/05oos_rootest/sctimer.o
 .debug_pubnames
                0x000000000000154e     0x1ebe Output/Debug/Obj/05oos_rootest/system_nrf52840.o
 .debug_pubnames
                0x000000000000340c      0x564 Output/Debug/Obj/05oos_rootest/uart.o
 .debug_pubnames
                0x0000000000003970       0x85 Output/Debug/Obj/05oos_rootest/openhdlc.o
 .debug_pubnames
                0x00000000000039f5     0x172c Output/Debug/Obj/05oos_rootest/openserial.o
 .debug_pubnames
                0x0000000000005121      0x282 Output/Debug/Obj/05oos_rootest/opentimers.o
 .debug_pubnames
                0x00000000000053a3      0x2cd Output/Debug/Obj/05oos_rootest/scheduler.o
 .debug_pubnames
                0x0000000000005670     0x1462 Output/Debug/Obj/05oos_rootest/IEEE802154.o
 .debug_pubnames
                0x0000000000006ad2      0x498 Output/Debug/Obj/05oos_rootest/IEEE802154_security.o
 .debug_pubnames
                0x0000000000006f6a     0x2512 Output/Debug/Obj/05oos_rootest/IEEE802154E.o
 .debug_pubnames
                0x000000000000947c      0x9f0 Output/Debug/Obj/05oos_rootest/msf.o
 .debug_pubnames
                0x0000000000009e6c      0x148 Output/Debug/Obj/05oos_rootest/mysf_schedule.o
 .debug_pubnames
                0x0000000000009fb4      0x75a Output/Debug/Obj/05oos_rootest/mysf_schedule_root.o
 .debug_pubnames
                0x000000000000a70e     0x150f Output/Debug/Obj/05oos_rootest/neighbors.o
 .debug_pubnames
                0x000000000000bc1d     0x164e Output/Debug/Obj/05oos_rootest/schedule.o
 .debug_pubnames
                0x000000000000d26b     0x1de9 Output/Debug/Obj/05oos_rootest/sixtop.o
 .debug_pubnames
                0x000000000000f054     0x17c0 Output/Debug/Obj/05oos_rootest/iphc.o
 .debug_pubnames
                0x0000000000010814      0xfca Output/Debug/Obj/05oos_rootest/openbridge.o
 .debug_pubnames
                0x00000000000117de     0x18ac Output/Debug/Obj/05oos_rootest/icmpv6rpl.o
 .debug_pubnames
                0x000000000001308a     0x123c Output/Debug/Obj/05oos_rootest/idmanager.o
 .debug_pubnames
                0x00000000000142c6     0x148a Output/Debug/Obj/05oos_rootest/openqueue.o
 .debug_pubnames
                0x0000000000015750     0x11bd Output/Debug/Obj/05oos_rootest/packetfunctions.o

.debug_pubtypes
                0x0000000000000000     0x2d3b
 .debug_pubtypes
                0x0000000000000000      0x120 Output/Debug/Obj/05oos_rootest/05oos_rootTest.o
 .debug_pubtypes
                0x0000000000000120      0x111 Output/Debug/Obj/05oos_rootest/board.o
 .debug_pubtypes
                0x0000000000000231       0xd3 Output/Debug/Obj/05oos_rootest/debugpins.o
 .debug_pubtypes
                0x0000000000000304      0x127 Output/Debug/Obj/05oos_rootest/i2c.o
 .debug_pubtypes
                0x000000000000042b       0xd3 Output/Debug/Obj/05oos_rootest/leds.o
 .debug_pubtypes
                0x00000000000004fe      0x1af Output/Debug/Obj/05oos_rootest/radio.o
 .debug_pubtypes
                0x00000000000006ad      0x132 Output/Debug/Obj/05oos_rootest/sctimer.o
 .debug_pubtypes
                0x00000000000007df      0x1db Output/Debug/Obj/05oos_rootest/system_nrf52840.o
 .debug_pubtypes
                0x00000000000009ba      0x156 Output/Debug/Obj/05oos_rootest/uart.o
 .debug_pubtypes
                0x0000000000000b10       0xc1 Output/Debug/Obj/05oos_rootest/openhdlc.o
 .debug_pubtypes
                0x0000000000000bd1      0x1cf Output/Debug/Obj/05oos_rootest/openserial.o
 .debug_pubtypes
                0x0000000000000da0      0x161 Output/Debug/Obj/05oos_rootest/opentimers.o
 .debug_pubtypes
                0x0000000000000f01      0x116 Output/Debug/Obj/05oos_rootest/scheduler.o